2025-06-17 20:18:03,372 - __main__ - ERROR - Критическая ошибка: BOT_TOKEN не найден! Установите переменную окружения или создайте .env файл
2025-06-17 20:18:03,373 - __main__ - ERROR - Неожиданная ошибка: BOT_TOKEN не найден! Установите переменную окружения или создайте .env файл
2025-06-17 20:18:26,801 - __main__ - ERROR - Критическая ошибка: BOT_TOKEN не найден! Установите переменную окружения или создайте .env файл
2025-06-17 20:18:26,803 - __main__ - ERROR - Неожиданная ошибка: BOT_TOKEN не найден! Установите переменную окружения или создайте .env файл
2025-06-17 20:20:37,419 - __main__ - ERROR - Критическая ошибка: BOT_TOKEN не найден! Установите переменную окружения или создайте .env файл
2025-06-17 20:20:37,419 - __main__ - ERROR - Неожиданная ошибка: BOT_TOKEN не найден! Установите переменную окружения или создайте .env файл
2025-06-17 20:24:00,348 - __main__ - ERROR - Критическая ошибка: BOT_TOKEN не найден! Установите переменную окружения или создайте .env файл
2025-06-17 20:24:00,349 - __main__ - ERROR - Неожиданная ошибка: BOT_TOKEN не найден! Установите переменную окружения или создайте .env файл
2025-06-17 20:25:26,302 - __main__ - INFO - Начинаю polling...
2025-06-17 20:25:26,302 - __main__ - INFO - Бот запускается...
2025-06-17 20:25:26,302 - aiogram.dispatcher - INFO - Start polling
2025-06-17 20:25:26,450 - aiogram.dispatcher - INFO - Run polling for bot @boredombot_bot id=7576088488 - 'boredom bot'
2025-06-17 20:25:26,846 - handlers.main - INFO - Пользователь 1009310689 (APECTOBAH_3A_TEPAKT_B_KPOKUSE) запустил бота
2025-06-17 20:25:26,846 - aiogram.event - INFO - Update id=926862367 is handled. Duration 344 ms by bot id=7576088488
2025-06-17 20:25:56,281 - aiogram.event - INFO - Update id=926862368 is handled. Duration 421 ms by bot id=7576088488
2025-06-17 20:26:01,227 - aiogram.event - INFO - Update id=926862369 is handled. Duration 172 ms by bot id=7576088488
2025-06-17 20:26:02,437 - aiogram.event - INFO - Update id=926862370 is handled. Duration 140 ms by bot id=7576088488
2025-06-17 20:26:03,688 - data - ERROR - Ошибка сохранения данных: [WinError 183] Cannot create a file when that file already exists: 'user_data.json' -> 'user_data.bak'
2025-06-17 20:26:03,688 - handlers.games - ERROR - Ошибка в игре dice: [WinError 183] Cannot create a file when that file already exists: 'user_data.bak' -> 'user_data.json'
2025-06-17 20:26:03,828 - aiogram.event - INFO - Update id=926862371 is handled. Duration 156 ms by bot id=7576088488
2025-06-17 20:26:05,026 - data - ERROR - Ошибка сохранения данных: [WinError 183] Cannot create a file when that file already exists: 'user_data.json' -> 'user_data.bak'
2025-06-17 20:26:05,026 - handlers.games - ERROR - Ошибка в игре dice: [WinError 183] Cannot create a file when that file already exists: 'user_data.bak' -> 'user_data.json'
2025-06-17 20:26:05,134 - aiogram.event - INFO - Update id=926862372 is not handled. Duration 108 ms by bot id=7576088488
2025-06-17 20:26:05,134 - aiogram.event - ERROR - Cause exception while process update id=926862372 by bot id=7576088488
TelegramBadRequest: Telegram server says - Bad Request: message is not modified: specified new message content and reply markup are exactly the same as a current content and reply markup of the message
Traceback (most recent call last):
  File "D:\telegram_quiz_bot\data.py", line 52, in save
    self.path.rename(backup_path)
  File "C:\Users\USER\AppData\Local\Programs\Python\Python312\Lib\pathlib.py", line 1363, in rename
    os.rename(self, target)
FileExistsError: [WinError 183] Cannot create a file when that file already exists: 'user_data.json' -> 'user_data.bak'

During handling of the above exception, another exception occurred:

Traceback (most recent call last):
  File "D:\telegram_quiz_bot\handlers\games.py", line 28, in game_handler
    await play_dice(callback, user_id)
  File "D:\telegram_quiz_bot\handlers\games.py", line 65, in play_dice
    await user_data.update_score(user_id, points)
  File "D:\telegram_quiz_bot\data.py", line 100, in update_score
    await self.update_stat(user_id, "score", delta)
  File "D:\telegram_quiz_bot\data.py", line 96, in update_stat
    await self.save()
  File "D:\telegram_quiz_bot\data.py", line 63, in save
    backup_path.rename(self.path)
  File "C:\Users\USER\AppData\Local\Programs\Python\Python312\Lib\pathlib.py", line 1363, in rename
    os.rename(self, target)
FileExistsError: [WinError 183] Cannot create a file when that file already exists: 'user_data.bak' -> 'user_data.json'

During handling of the above exception, another exception occurred:

Traceback (most recent call last):
  File "D:\telegram_quiz_bot\venv\Lib\site-packages\aiogram\dispatcher\dispatcher.py", line 309, in _process_update
    response = await self.feed_update(bot, update, **kwargs)
               ^^^^^^^^^^^^^^^^^^^^^^^^^^^^^^^^^^^^^^^^^^^^^
  File "D:\telegram_quiz_bot\venv\Lib\site-packages\aiogram\dispatcher\dispatcher.py", line 158, in feed_update
    response = await self.update.wrap_outer_middleware(
               ^^^^^^^^^^^^^^^^^^^^^^^^^^^^^^^^^^^^^^^^
  File "D:\telegram_quiz_bot\venv\Lib\site-packages\aiogram\dispatcher\middlewares\error.py", line 25, in __call__
    return await handler(event, data)
           ^^^^^^^^^^^^^^^^^^^^^^^^^^
  File "D:\telegram_quiz_bot\venv\Lib\site-packages\aiogram\dispatcher\middlewares\user_context.py", line 56, in __call__
    return await handler(event, data)
           ^^^^^^^^^^^^^^^^^^^^^^^^^^
  File "D:\telegram_quiz_bot\venv\Lib\site-packages\aiogram\fsm\middleware.py", line 42, in __call__
    return await handler(event, data)
           ^^^^^^^^^^^^^^^^^^^^^^^^^^
  File "D:\telegram_quiz_bot\venv\Lib\site-packages\aiogram\dispatcher\event\telegram.py", line 121, in trigger
    return await wrapped_inner(event, kwargs)
           ^^^^^^^^^^^^^^^^^^^^^^^^^^^^^^^^^^
  File "D:\telegram_quiz_bot\venv\Lib\site-packages\aiogram\dispatcher\event\handler.py", line 43, in call
    return await wrapped()
           ^^^^^^^^^^^^^^^
  File "D:\telegram_quiz_bot\venv\Lib\site-packages\aiogram\dispatcher\dispatcher.py", line 276, in _listen_update
    return await self.propagate_event(update_type=update_type, event=event, **kwargs)
           ^^^^^^^^^^^^^^^^^^^^^^^^^^^^^^^^^^^^^^^^^^^^^^^^^^^^^^^^^^^^^^^^^^^^^^^^^^
  File "D:\telegram_quiz_bot\venv\Lib\site-packages\aiogram\dispatcher\router.py", line 146, in propagate_event
    return await observer.wrap_outer_middleware(_wrapped, event=event, data=kwargs)
           ^^^^^^^^^^^^^^^^^^^^^^^^^^^^^^^^^^^^^^^^^^^^^^^^^^^^^^^^^^^^^^^^^^^^^^^^
  File "D:\telegram_quiz_bot\venv\Lib\site-packages\aiogram\dispatcher\router.py", line 141, in _wrapped
    return await self._propagate_event(
           ^^^^^^^^^^^^^^^^^^^^^^^^^^^^
  File "D:\telegram_quiz_bot\venv\Lib\site-packages\aiogram\dispatcher\router.py", line 174, in _propagate_event
    response = await router.propagate_event(update_type=update_type, event=event, **kwargs)
               ^^^^^^^^^^^^^^^^^^^^^^^^^^^^^^^^^^^^^^^^^^^^^^^^^^^^^^^^^^^^^^^^^^^^^^^^^^^^
  File "D:\telegram_quiz_bot\venv\Lib\site-packages\aiogram\dispatcher\router.py", line 146, in propagate_event
    return await observer.wrap_outer_middleware(_wrapped, event=event, data=kwargs)
           ^^^^^^^^^^^^^^^^^^^^^^^^^^^^^^^^^^^^^^^^^^^^^^^^^^^^^^^^^^^^^^^^^^^^^^^^
  File "D:\telegram_quiz_bot\venv\Lib\site-packages\aiogram\dispatcher\router.py", line 141, in _wrapped
    return await self._propagate_event(
           ^^^^^^^^^^^^^^^^^^^^^^^^^^^^
  File "D:\telegram_quiz_bot\venv\Lib\site-packages\aiogram\dispatcher\router.py", line 166, in _propagate_event
    response = await observer.trigger(event, **kwargs)
               ^^^^^^^^^^^^^^^^^^^^^^^^^^^^^^^^^^^^^^^
  File "D:\telegram_quiz_bot\venv\Lib\site-packages\aiogram\dispatcher\event\telegram.py", line 121, in trigger
    return await wrapped_inner(event, kwargs)
           ^^^^^^^^^^^^^^^^^^^^^^^^^^^^^^^^^^
  File "D:\telegram_quiz_bot\venv\Lib\site-packages\aiogram\dispatcher\event\handler.py", line 43, in call
    return await wrapped()
           ^^^^^^^^^^^^^^^
  File "D:\telegram_quiz_bot\handlers\games.py", line 46, in game_handler
    await callback.message.edit_text(
  File "D:\telegram_quiz_bot\venv\Lib\site-packages\aiogram\methods\base.py", line 84, in emit
    return await bot(self)
           ^^^^^^^^^^^^^^^
  File "D:\telegram_quiz_bot\venv\Lib\site-packages\aiogram\client\bot.py", line 488, in __call__
    return await self.session(self, method, timeout=request_timeout)
           ^^^^^^^^^^^^^^^^^^^^^^^^^^^^^^^^^^^^^^^^^^^^^^^^^^^^^^^^^
  File "D:\telegram_quiz_bot\venv\Lib\site-packages\aiogram\client\session\base.py", line 254, in __call__
    return cast(TelegramType, await middleware(bot, method))
                              ^^^^^^^^^^^^^^^^^^^^^^^^^^^^^
  File "D:\telegram_quiz_bot\venv\Lib\site-packages\aiogram\client\session\aiohttp.py", line 189, in make_request
    response = self.check_response(
               ^^^^^^^^^^^^^^^^^^^^
  File "D:\telegram_quiz_bot\venv\Lib\site-packages\aiogram\client\session\base.py", line 120, in check_response
    raise TelegramBadRequest(method=method, message=description)
aiogram.exceptions.TelegramBadRequest: Telegram server says - Bad Request: message is not modified: specified new message content and reply markup are exactly the same as a current content and reply markup of the message
2025-06-17 20:26:11,773 - data - ERROR - Ошибка сохранения данных: [WinError 183] Cannot create a file when that file already exists: 'user_data.json' -> 'user_data.bak'
2025-06-17 20:26:11,773 - handlers.games - ERROR - Ошибка в игре coin: [WinError 183] Cannot create a file when that file already exists: 'user_data.bak' -> 'user_data.json'
2025-06-17 20:26:11,830 - aiogram.event - INFO - Update id=926862373 is not handled. Duration 61 ms by bot id=7576088488
2025-06-17 20:26:11,830 - aiogram.event - ERROR - Cause exception while process update id=926862373 by bot id=7576088488
TelegramBadRequest: Telegram server says - Bad Request: message is not modified: specified new message content and reply markup are exactly the same as a current content and reply markup of the message
Traceback (most recent call last):
  File "D:\telegram_quiz_bot\data.py", line 52, in save
    self.path.rename(backup_path)
  File "C:\Users\USER\AppData\Local\Programs\Python\Python312\Lib\pathlib.py", line 1363, in rename
    os.rename(self, target)
FileExistsError: [WinError 183] Cannot create a file when that file already exists: 'user_data.json' -> 'user_data.bak'

During handling of the above exception, another exception occurred:

Traceback (most recent call last):
  File "D:\telegram_quiz_bot\handlers\games.py", line 30, in game_handler
    await play_coin(callback, user_id)
  File "D:\telegram_quiz_bot\handlers\games.py", line 93, in play_coin
    await user_data.update_score(user_id, points)
  File "D:\telegram_quiz_bot\data.py", line 100, in update_score
    await self.update_stat(user_id, "score", delta)
  File "D:\telegram_quiz_bot\data.py", line 96, in update_stat
    await self.save()
  File "D:\telegram_quiz_bot\data.py", line 63, in save
    backup_path.rename(self.path)
  File "C:\Users\USER\AppData\Local\Programs\Python\Python312\Lib\pathlib.py", line 1363, in rename
    os.rename(self, target)
FileExistsError: [WinError 183] Cannot create a file when that file already exists: 'user_data.bak' -> 'user_data.json'

During handling of the above exception, another exception occurred:

Traceback (most recent call last):
  File "D:\telegram_quiz_bot\venv\Lib\site-packages\aiogram\dispatcher\dispatcher.py", line 309, in _process_update
    response = await self.feed_update(bot, update, **kwargs)
               ^^^^^^^^^^^^^^^^^^^^^^^^^^^^^^^^^^^^^^^^^^^^^
  File "D:\telegram_quiz_bot\venv\Lib\site-packages\aiogram\dispatcher\dispatcher.py", line 158, in feed_update
    response = await self.update.wrap_outer_middleware(
               ^^^^^^^^^^^^^^^^^^^^^^^^^^^^^^^^^^^^^^^^
  File "D:\telegram_quiz_bot\venv\Lib\site-packages\aiogram\dispatcher\middlewares\error.py", line 25, in __call__
    return await handler(event, data)
           ^^^^^^^^^^^^^^^^^^^^^^^^^^
  File "D:\telegram_quiz_bot\venv\Lib\site-packages\aiogram\dispatcher\middlewares\user_context.py", line 56, in __call__
    return await handler(event, data)
           ^^^^^^^^^^^^^^^^^^^^^^^^^^
  File "D:\telegram_quiz_bot\venv\Lib\site-packages\aiogram\fsm\middleware.py", line 42, in __call__
    return await handler(event, data)
           ^^^^^^^^^^^^^^^^^^^^^^^^^^
  File "D:\telegram_quiz_bot\venv\Lib\site-packages\aiogram\dispatcher\event\telegram.py", line 121, in trigger
    return await wrapped_inner(event, kwargs)
           ^^^^^^^^^^^^^^^^^^^^^^^^^^^^^^^^^^
  File "D:\telegram_quiz_bot\venv\Lib\site-packages\aiogram\dispatcher\event\handler.py", line 43, in call
    return await wrapped()
           ^^^^^^^^^^^^^^^
  File "D:\telegram_quiz_bot\venv\Lib\site-packages\aiogram\dispatcher\dispatcher.py", line 276, in _listen_update
    return await self.propagate_event(update_type=update_type, event=event, **kwargs)
           ^^^^^^^^^^^^^^^^^^^^^^^^^^^^^^^^^^^^^^^^^^^^^^^^^^^^^^^^^^^^^^^^^^^^^^^^^^
  File "D:\telegram_quiz_bot\venv\Lib\site-packages\aiogram\dispatcher\router.py", line 146, in propagate_event
    return await observer.wrap_outer_middleware(_wrapped, event=event, data=kwargs)
           ^^^^^^^^^^^^^^^^^^^^^^^^^^^^^^^^^^^^^^^^^^^^^^^^^^^^^^^^^^^^^^^^^^^^^^^^
  File "D:\telegram_quiz_bot\venv\Lib\site-packages\aiogram\dispatcher\router.py", line 141, in _wrapped
    return await self._propagate_event(
           ^^^^^^^^^^^^^^^^^^^^^^^^^^^^
  File "D:\telegram_quiz_bot\venv\Lib\site-packages\aiogram\dispatcher\router.py", line 174, in _propagate_event
    response = await router.propagate_event(update_type=update_type, event=event, **kwargs)
               ^^^^^^^^^^^^^^^^^^^^^^^^^^^^^^^^^^^^^^^^^^^^^^^^^^^^^^^^^^^^^^^^^^^^^^^^^^^^
  File "D:\telegram_quiz_bot\venv\Lib\site-packages\aiogram\dispatcher\router.py", line 146, in propagate_event
    return await observer.wrap_outer_middleware(_wrapped, event=event, data=kwargs)
           ^^^^^^^^^^^^^^^^^^^^^^^^^^^^^^^^^^^^^^^^^^^^^^^^^^^^^^^^^^^^^^^^^^^^^^^^
  File "D:\telegram_quiz_bot\venv\Lib\site-packages\aiogram\dispatcher\router.py", line 141, in _wrapped
    return await self._propagate_event(
           ^^^^^^^^^^^^^^^^^^^^^^^^^^^^
  File "D:\telegram_quiz_bot\venv\Lib\site-packages\aiogram\dispatcher\router.py", line 166, in _propagate_event
    response = await observer.trigger(event, **kwargs)
               ^^^^^^^^^^^^^^^^^^^^^^^^^^^^^^^^^^^^^^^
  File "D:\telegram_quiz_bot\venv\Lib\site-packages\aiogram\dispatcher\event\telegram.py", line 121, in trigger
    return await wrapped_inner(event, kwargs)
           ^^^^^^^^^^^^^^^^^^^^^^^^^^^^^^^^^^
  File "D:\telegram_quiz_bot\venv\Lib\site-packages\aiogram\dispatcher\event\handler.py", line 43, in call
    return await wrapped()
           ^^^^^^^^^^^^^^^
  File "D:\telegram_quiz_bot\handlers\games.py", line 46, in game_handler
    await callback.message.edit_text(
  File "D:\telegram_quiz_bot\venv\Lib\site-packages\aiogram\methods\base.py", line 84, in emit
    return await bot(self)
           ^^^^^^^^^^^^^^^
  File "D:\telegram_quiz_bot\venv\Lib\site-packages\aiogram\client\bot.py", line 488, in __call__
    return await self.session(self, method, timeout=request_timeout)
           ^^^^^^^^^^^^^^^^^^^^^^^^^^^^^^^^^^^^^^^^^^^^^^^^^^^^^^^^^
  File "D:\telegram_quiz_bot\venv\Lib\site-packages\aiogram\client\session\base.py", line 254, in __call__
    return cast(TelegramType, await middleware(bot, method))
                              ^^^^^^^^^^^^^^^^^^^^^^^^^^^^^
  File "D:\telegram_quiz_bot\venv\Lib\site-packages\aiogram\client\session\aiohttp.py", line 189, in make_request
    response = self.check_response(
               ^^^^^^^^^^^^^^^^^^^^
  File "D:\telegram_quiz_bot\venv\Lib\site-packages\aiogram\client\session\base.py", line 120, in check_response
    raise TelegramBadRequest(method=method, message=description)
aiogram.exceptions.TelegramBadRequest: Telegram server says - Bad Request: message is not modified: specified new message content and reply markup are exactly the same as a current content and reply markup of the message
2025-06-17 20:26:13,483 - data - ERROR - Ошибка сохранения данных: [WinError 183] Cannot create a file when that file already exists: 'user_data.json' -> 'user_data.bak'
2025-06-17 20:26:13,483 - handlers.games - ERROR - Ошибка в игре roulette: [WinError 183] Cannot create a file when that file already exists: 'user_data.bak' -> 'user_data.json'
2025-06-17 20:26:13,545 - aiogram.event - INFO - Update id=926862374 is not handled. Duration 61 ms by bot id=7576088488
2025-06-17 20:26:13,545 - aiogram.event - ERROR - Cause exception while process update id=926862374 by bot id=7576088488
TelegramBadRequest: Telegram server says - Bad Request: message is not modified: specified new message content and reply markup are exactly the same as a current content and reply markup of the message
Traceback (most recent call last):
  File "D:\telegram_quiz_bot\data.py", line 52, in save
    self.path.rename(backup_path)
  File "C:\Users\USER\AppData\Local\Programs\Python\Python312\Lib\pathlib.py", line 1363, in rename
    os.rename(self, target)
FileExistsError: [WinError 183] Cannot create a file when that file already exists: 'user_data.json' -> 'user_data.bak'

During handling of the above exception, another exception occurred:

Traceback (most recent call last):
  File "D:\telegram_quiz_bot\handlers\games.py", line 32, in game_handler
    await play_roulette(callback, user_id)
  File "D:\telegram_quiz_bot\handlers\games.py", line 131, in play_roulette
    await user_data.update_score(user_id, points)
  File "D:\telegram_quiz_bot\data.py", line 100, in update_score
    await self.update_stat(user_id, "score", delta)
  File "D:\telegram_quiz_bot\data.py", line 96, in update_stat
    await self.save()
  File "D:\telegram_quiz_bot\data.py", line 63, in save
    backup_path.rename(self.path)
  File "C:\Users\USER\AppData\Local\Programs\Python\Python312\Lib\pathlib.py", line 1363, in rename
    os.rename(self, target)
FileExistsError: [WinError 183] Cannot create a file when that file already exists: 'user_data.bak' -> 'user_data.json'

During handling of the above exception, another exception occurred:

Traceback (most recent call last):
  File "D:\telegram_quiz_bot\venv\Lib\site-packages\aiogram\dispatcher\dispatcher.py", line 309, in _process_update
    response = await self.feed_update(bot, update, **kwargs)
               ^^^^^^^^^^^^^^^^^^^^^^^^^^^^^^^^^^^^^^^^^^^^^
  File "D:\telegram_quiz_bot\venv\Lib\site-packages\aiogram\dispatcher\dispatcher.py", line 158, in feed_update
    response = await self.update.wrap_outer_middleware(
               ^^^^^^^^^^^^^^^^^^^^^^^^^^^^^^^^^^^^^^^^
  File "D:\telegram_quiz_bot\venv\Lib\site-packages\aiogram\dispatcher\middlewares\error.py", line 25, in __call__
    return await handler(event, data)
           ^^^^^^^^^^^^^^^^^^^^^^^^^^
  File "D:\telegram_quiz_bot\venv\Lib\site-packages\aiogram\dispatcher\middlewares\user_context.py", line 56, in __call__
    return await handler(event, data)
           ^^^^^^^^^^^^^^^^^^^^^^^^^^
  File "D:\telegram_quiz_bot\venv\Lib\site-packages\aiogram\fsm\middleware.py", line 42, in __call__
    return await handler(event, data)
           ^^^^^^^^^^^^^^^^^^^^^^^^^^
  File "D:\telegram_quiz_bot\venv\Lib\site-packages\aiogram\dispatcher\event\telegram.py", line 121, in trigger
    return await wrapped_inner(event, kwargs)
           ^^^^^^^^^^^^^^^^^^^^^^^^^^^^^^^^^^
  File "D:\telegram_quiz_bot\venv\Lib\site-packages\aiogram\dispatcher\event\handler.py", line 43, in call
    return await wrapped()
           ^^^^^^^^^^^^^^^
  File "D:\telegram_quiz_bot\venv\Lib\site-packages\aiogram\dispatcher\dispatcher.py", line 276, in _listen_update
    return await self.propagate_event(update_type=update_type, event=event, **kwargs)
           ^^^^^^^^^^^^^^^^^^^^^^^^^^^^^^^^^^^^^^^^^^^^^^^^^^^^^^^^^^^^^^^^^^^^^^^^^^
  File "D:\telegram_quiz_bot\venv\Lib\site-packages\aiogram\dispatcher\router.py", line 146, in propagate_event
    return await observer.wrap_outer_middleware(_wrapped, event=event, data=kwargs)
           ^^^^^^^^^^^^^^^^^^^^^^^^^^^^^^^^^^^^^^^^^^^^^^^^^^^^^^^^^^^^^^^^^^^^^^^^
  File "D:\telegram_quiz_bot\venv\Lib\site-packages\aiogram\dispatcher\router.py", line 141, in _wrapped
    return await self._propagate_event(
           ^^^^^^^^^^^^^^^^^^^^^^^^^^^^
  File "D:\telegram_quiz_bot\venv\Lib\site-packages\aiogram\dispatcher\router.py", line 174, in _propagate_event
    response = await router.propagate_event(update_type=update_type, event=event, **kwargs)
               ^^^^^^^^^^^^^^^^^^^^^^^^^^^^^^^^^^^^^^^^^^^^^^^^^^^^^^^^^^^^^^^^^^^^^^^^^^^^
  File "D:\telegram_quiz_bot\venv\Lib\site-packages\aiogram\dispatcher\router.py", line 146, in propagate_event
    return await observer.wrap_outer_middleware(_wrapped, event=event, data=kwargs)
           ^^^^^^^^^^^^^^^^^^^^^^^^^^^^^^^^^^^^^^^^^^^^^^^^^^^^^^^^^^^^^^^^^^^^^^^^
  File "D:\telegram_quiz_bot\venv\Lib\site-packages\aiogram\dispatcher\router.py", line 141, in _wrapped
    return await self._propagate_event(
           ^^^^^^^^^^^^^^^^^^^^^^^^^^^^
  File "D:\telegram_quiz_bot\venv\Lib\site-packages\aiogram\dispatcher\router.py", line 166, in _propagate_event
    response = await observer.trigger(event, **kwargs)
               ^^^^^^^^^^^^^^^^^^^^^^^^^^^^^^^^^^^^^^^
  File "D:\telegram_quiz_bot\venv\Lib\site-packages\aiogram\dispatcher\event\telegram.py", line 121, in trigger
    return await wrapped_inner(event, kwargs)
           ^^^^^^^^^^^^^^^^^^^^^^^^^^^^^^^^^^
  File "D:\telegram_quiz_bot\venv\Lib\site-packages\aiogram\dispatcher\event\handler.py", line 43, in call
    return await wrapped()
           ^^^^^^^^^^^^^^^
  File "D:\telegram_quiz_bot\handlers\games.py", line 46, in game_handler
    await callback.message.edit_text(
  File "D:\telegram_quiz_bot\venv\Lib\site-packages\aiogram\methods\base.py", line 84, in emit
    return await bot(self)
           ^^^^^^^^^^^^^^^
  File "D:\telegram_quiz_bot\venv\Lib\site-packages\aiogram\client\bot.py", line 488, in __call__
    return await self.session(self, method, timeout=request_timeout)
           ^^^^^^^^^^^^^^^^^^^^^^^^^^^^^^^^^^^^^^^^^^^^^^^^^^^^^^^^^
  File "D:\telegram_quiz_bot\venv\Lib\site-packages\aiogram\client\session\base.py", line 254, in __call__
    return cast(TelegramType, await middleware(bot, method))
                              ^^^^^^^^^^^^^^^^^^^^^^^^^^^^^
  File "D:\telegram_quiz_bot\venv\Lib\site-packages\aiogram\client\session\aiohttp.py", line 189, in make_request
    response = self.check_response(
               ^^^^^^^^^^^^^^^^^^^^
  File "D:\telegram_quiz_bot\venv\Lib\site-packages\aiogram\client\session\base.py", line 120, in check_response
    raise TelegramBadRequest(method=method, message=description)
aiogram.exceptions.TelegramBadRequest: Telegram server says - Bad Request: message is not modified: specified new message content and reply markup are exactly the same as a current content and reply markup of the message
2025-06-17 20:26:14,453 - data - ERROR - Ошибка сохранения данных: [WinError 183] Cannot create a file when that file already exists: 'user_data.json' -> 'user_data.bak'
2025-06-17 20:26:14,453 - handlers.games - ERROR - Ошибка в игре number: [WinError 183] Cannot create a file when that file already exists: 'user_data.bak' -> 'user_data.json'
2025-06-17 20:26:14,513 - aiogram.event - INFO - Update id=926862375 is not handled. Duration 61 ms by bot id=7576088488
2025-06-17 20:26:14,513 - aiogram.event - ERROR - Cause exception while process update id=926862375 by bot id=7576088488
TelegramBadRequest: Telegram server says - Bad Request: message is not modified: specified new message content and reply markup are exactly the same as a current content and reply markup of the message
Traceback (most recent call last):
  File "D:\telegram_quiz_bot\data.py", line 52, in save
    self.path.rename(backup_path)
  File "C:\Users\USER\AppData\Local\Programs\Python\Python312\Lib\pathlib.py", line 1363, in rename
    os.rename(self, target)
FileExistsError: [WinError 183] Cannot create a file when that file already exists: 'user_data.json' -> 'user_data.bak'

During handling of the above exception, another exception occurred:

Traceback (most recent call last):
  File "D:\telegram_quiz_bot\handlers\games.py", line 34, in game_handler
    await play_number_guess(callback, user_id)
  File "D:\telegram_quiz_bot\handlers\games.py", line 161, in play_number_guess
    await user_data.update_score(user_id, points)
  File "D:\telegram_quiz_bot\data.py", line 100, in update_score
    await self.update_stat(user_id, "score", delta)
  File "D:\telegram_quiz_bot\data.py", line 96, in update_stat
    await self.save()
  File "D:\telegram_quiz_bot\data.py", line 63, in save
    backup_path.rename(self.path)
  File "C:\Users\USER\AppData\Local\Programs\Python\Python312\Lib\pathlib.py", line 1363, in rename
    os.rename(self, target)
FileExistsError: [WinError 183] Cannot create a file when that file already exists: 'user_data.bak' -> 'user_data.json'

During handling of the above exception, another exception occurred:

Traceback (most recent call last):
  File "D:\telegram_quiz_bot\venv\Lib\site-packages\aiogram\dispatcher\dispatcher.py", line 309, in _process_update
    response = await self.feed_update(bot, update, **kwargs)
               ^^^^^^^^^^^^^^^^^^^^^^^^^^^^^^^^^^^^^^^^^^^^^
  File "D:\telegram_quiz_bot\venv\Lib\site-packages\aiogram\dispatcher\dispatcher.py", line 158, in feed_update
    response = await self.update.wrap_outer_middleware(
               ^^^^^^^^^^^^^^^^^^^^^^^^^^^^^^^^^^^^^^^^
  File "D:\telegram_quiz_bot\venv\Lib\site-packages\aiogram\dispatcher\middlewares\error.py", line 25, in __call__
    return await handler(event, data)
           ^^^^^^^^^^^^^^^^^^^^^^^^^^
  File "D:\telegram_quiz_bot\venv\Lib\site-packages\aiogram\dispatcher\middlewares\user_context.py", line 56, in __call__
    return await handler(event, data)
           ^^^^^^^^^^^^^^^^^^^^^^^^^^
  File "D:\telegram_quiz_bot\venv\Lib\site-packages\aiogram\fsm\middleware.py", line 42, in __call__
    return await handler(event, data)
           ^^^^^^^^^^^^^^^^^^^^^^^^^^
  File "D:\telegram_quiz_bot\venv\Lib\site-packages\aiogram\dispatcher\event\telegram.py", line 121, in trigger
    return await wrapped_inner(event, kwargs)
           ^^^^^^^^^^^^^^^^^^^^^^^^^^^^^^^^^^
  File "D:\telegram_quiz_bot\venv\Lib\site-packages\aiogram\dispatcher\event\handler.py", line 43, in call
    return await wrapped()
           ^^^^^^^^^^^^^^^
  File "D:\telegram_quiz_bot\venv\Lib\site-packages\aiogram\dispatcher\dispatcher.py", line 276, in _listen_update
    return await self.propagate_event(update_type=update_type, event=event, **kwargs)
           ^^^^^^^^^^^^^^^^^^^^^^^^^^^^^^^^^^^^^^^^^^^^^^^^^^^^^^^^^^^^^^^^^^^^^^^^^^
  File "D:\telegram_quiz_bot\venv\Lib\site-packages\aiogram\dispatcher\router.py", line 146, in propagate_event
    return await observer.wrap_outer_middleware(_wrapped, event=event, data=kwargs)
           ^^^^^^^^^^^^^^^^^^^^^^^^^^^^^^^^^^^^^^^^^^^^^^^^^^^^^^^^^^^^^^^^^^^^^^^^
  File "D:\telegram_quiz_bot\venv\Lib\site-packages\aiogram\dispatcher\router.py", line 141, in _wrapped
    return await self._propagate_event(
           ^^^^^^^^^^^^^^^^^^^^^^^^^^^^
  File "D:\telegram_quiz_bot\venv\Lib\site-packages\aiogram\dispatcher\router.py", line 174, in _propagate_event
    response = await router.propagate_event(update_type=update_type, event=event, **kwargs)
               ^^^^^^^^^^^^^^^^^^^^^^^^^^^^^^^^^^^^^^^^^^^^^^^^^^^^^^^^^^^^^^^^^^^^^^^^^^^^
  File "D:\telegram_quiz_bot\venv\Lib\site-packages\aiogram\dispatcher\router.py", line 146, in propagate_event
    return await observer.wrap_outer_middleware(_wrapped, event=event, data=kwargs)
           ^^^^^^^^^^^^^^^^^^^^^^^^^^^^^^^^^^^^^^^^^^^^^^^^^^^^^^^^^^^^^^^^^^^^^^^^
  File "D:\telegram_quiz_bot\venv\Lib\site-packages\aiogram\dispatcher\router.py", line 141, in _wrapped
    return await self._propagate_event(
           ^^^^^^^^^^^^^^^^^^^^^^^^^^^^
  File "D:\telegram_quiz_bot\venv\Lib\site-packages\aiogram\dispatcher\router.py", line 166, in _propagate_event
    response = await observer.trigger(event, **kwargs)
               ^^^^^^^^^^^^^^^^^^^^^^^^^^^^^^^^^^^^^^^
  File "D:\telegram_quiz_bot\venv\Lib\site-packages\aiogram\dispatcher\event\telegram.py", line 121, in trigger
    return await wrapped_inner(event, kwargs)
           ^^^^^^^^^^^^^^^^^^^^^^^^^^^^^^^^^^
  File "D:\telegram_quiz_bot\venv\Lib\site-packages\aiogram\dispatcher\event\handler.py", line 43, in call
    return await wrapped()
           ^^^^^^^^^^^^^^^
  File "D:\telegram_quiz_bot\handlers\games.py", line 46, in game_handler
    await callback.message.edit_text(
  File "D:\telegram_quiz_bot\venv\Lib\site-packages\aiogram\methods\base.py", line 84, in emit
    return await bot(self)
           ^^^^^^^^^^^^^^^
  File "D:\telegram_quiz_bot\venv\Lib\site-packages\aiogram\client\bot.py", line 488, in __call__
    return await self.session(self, method, timeout=request_timeout)
           ^^^^^^^^^^^^^^^^^^^^^^^^^^^^^^^^^^^^^^^^^^^^^^^^^^^^^^^^^
  File "D:\telegram_quiz_bot\venv\Lib\site-packages\aiogram\client\session\base.py", line 254, in __call__
    return cast(TelegramType, await middleware(bot, method))
                              ^^^^^^^^^^^^^^^^^^^^^^^^^^^^^
  File "D:\telegram_quiz_bot\venv\Lib\site-packages\aiogram\client\session\aiohttp.py", line 189, in make_request
    response = self.check_response(
               ^^^^^^^^^^^^^^^^^^^^
  File "D:\telegram_quiz_bot\venv\Lib\site-packages\aiogram\client\session\base.py", line 120, in check_response
    raise TelegramBadRequest(method=method, message=description)
aiogram.exceptions.TelegramBadRequest: Telegram server says - Bad Request: message is not modified: specified new message content and reply markup are exactly the same as a current content and reply markup of the message
2025-06-17 20:26:14,745 - data - ERROR - Ошибка сохранения данных: [WinError 183] Cannot create a file when that file already exists: 'user_data.json' -> 'user_data.bak'
2025-06-17 20:26:14,745 - handlers.games - ERROR - Ошибка в игре double_dice: [WinError 183] Cannot create a file when that file already exists: 'user_data.bak' -> 'user_data.json'
2025-06-17 20:26:14,807 - aiogram.event - INFO - Update id=926862376 is not handled. Duration 61 ms by bot id=7576088488
2025-06-17 20:26:14,807 - aiogram.event - ERROR - Cause exception while process update id=926862376 by bot id=7576088488
TelegramBadRequest: Telegram server says - Bad Request: message is not modified: specified new message content and reply markup are exactly the same as a current content and reply markup of the message
Traceback (most recent call last):
  File "D:\telegram_quiz_bot\data.py", line 52, in save
    self.path.rename(backup_path)
  File "C:\Users\USER\AppData\Local\Programs\Python\Python312\Lib\pathlib.py", line 1363, in rename
    os.rename(self, target)
FileExistsError: [WinError 183] Cannot create a file when that file already exists: 'user_data.json' -> 'user_data.bak'

During handling of the above exception, another exception occurred:

Traceback (most recent call last):
  File "D:\telegram_quiz_bot\handlers\games.py", line 38, in game_handler
    await play_double_dice(callback, user_id)
  File "D:\telegram_quiz_bot\handlers\games.py", line 201, in play_double_dice
    await user_data.update_score(user_id, points)
  File "D:\telegram_quiz_bot\data.py", line 100, in update_score
    await self.update_stat(user_id, "score", delta)
  File "D:\telegram_quiz_bot\data.py", line 96, in update_stat
    await self.save()
  File "D:\telegram_quiz_bot\data.py", line 63, in save
    backup_path.rename(self.path)
  File "C:\Users\USER\AppData\Local\Programs\Python\Python312\Lib\pathlib.py", line 1363, in rename
    os.rename(self, target)
FileExistsError: [WinError 183] Cannot create a file when that file already exists: 'user_data.bak' -> 'user_data.json'

During handling of the above exception, another exception occurred:

Traceback (most recent call last):
  File "D:\telegram_quiz_bot\venv\Lib\site-packages\aiogram\dispatcher\dispatcher.py", line 309, in _process_update
    response = await self.feed_update(bot, update, **kwargs)
               ^^^^^^^^^^^^^^^^^^^^^^^^^^^^^^^^^^^^^^^^^^^^^
  File "D:\telegram_quiz_bot\venv\Lib\site-packages\aiogram\dispatcher\dispatcher.py", line 158, in feed_update
    response = await self.update.wrap_outer_middleware(
               ^^^^^^^^^^^^^^^^^^^^^^^^^^^^^^^^^^^^^^^^
  File "D:\telegram_quiz_bot\venv\Lib\site-packages\aiogram\dispatcher\middlewares\error.py", line 25, in __call__
    return await handler(event, data)
           ^^^^^^^^^^^^^^^^^^^^^^^^^^
  File "D:\telegram_quiz_bot\venv\Lib\site-packages\aiogram\dispatcher\middlewares\user_context.py", line 56, in __call__
    return await handler(event, data)
           ^^^^^^^^^^^^^^^^^^^^^^^^^^
  File "D:\telegram_quiz_bot\venv\Lib\site-packages\aiogram\fsm\middleware.py", line 42, in __call__
    return await handler(event, data)
           ^^^^^^^^^^^^^^^^^^^^^^^^^^
  File "D:\telegram_quiz_bot\venv\Lib\site-packages\aiogram\dispatcher\event\telegram.py", line 121, in trigger
    return await wrapped_inner(event, kwargs)
           ^^^^^^^^^^^^^^^^^^^^^^^^^^^^^^^^^^
  File "D:\telegram_quiz_bot\venv\Lib\site-packages\aiogram\dispatcher\event\handler.py", line 43, in call
    return await wrapped()
           ^^^^^^^^^^^^^^^
  File "D:\telegram_quiz_bot\venv\Lib\site-packages\aiogram\dispatcher\dispatcher.py", line 276, in _listen_update
    return await self.propagate_event(update_type=update_type, event=event, **kwargs)
           ^^^^^^^^^^^^^^^^^^^^^^^^^^^^^^^^^^^^^^^^^^^^^^^^^^^^^^^^^^^^^^^^^^^^^^^^^^
  File "D:\telegram_quiz_bot\venv\Lib\site-packages\aiogram\dispatcher\router.py", line 146, in propagate_event
    return await observer.wrap_outer_middleware(_wrapped, event=event, data=kwargs)
           ^^^^^^^^^^^^^^^^^^^^^^^^^^^^^^^^^^^^^^^^^^^^^^^^^^^^^^^^^^^^^^^^^^^^^^^^
  File "D:\telegram_quiz_bot\venv\Lib\site-packages\aiogram\dispatcher\router.py", line 141, in _wrapped
    return await self._propagate_event(
           ^^^^^^^^^^^^^^^^^^^^^^^^^^^^
  File "D:\telegram_quiz_bot\venv\Lib\site-packages\aiogram\dispatcher\router.py", line 174, in _propagate_event
    response = await router.propagate_event(update_type=update_type, event=event, **kwargs)
               ^^^^^^^^^^^^^^^^^^^^^^^^^^^^^^^^^^^^^^^^^^^^^^^^^^^^^^^^^^^^^^^^^^^^^^^^^^^^
  File "D:\telegram_quiz_bot\venv\Lib\site-packages\aiogram\dispatcher\router.py", line 146, in propagate_event
    return await observer.wrap_outer_middleware(_wrapped, event=event, data=kwargs)
           ^^^^^^^^^^^^^^^^^^^^^^^^^^^^^^^^^^^^^^^^^^^^^^^^^^^^^^^^^^^^^^^^^^^^^^^^
  File "D:\telegram_quiz_bot\venv\Lib\site-packages\aiogram\dispatcher\router.py", line 141, in _wrapped
    return await self._propagate_event(
           ^^^^^^^^^^^^^^^^^^^^^^^^^^^^
  File "D:\telegram_quiz_bot\venv\Lib\site-packages\aiogram\dispatcher\router.py", line 166, in _propagate_event
    response = await observer.trigger(event, **kwargs)
               ^^^^^^^^^^^^^^^^^^^^^^^^^^^^^^^^^^^^^^^
  File "D:\telegram_quiz_bot\venv\Lib\site-packages\aiogram\dispatcher\event\telegram.py", line 121, in trigger
    return await wrapped_inner(event, kwargs)
           ^^^^^^^^^^^^^^^^^^^^^^^^^^^^^^^^^^
  File "D:\telegram_quiz_bot\venv\Lib\site-packages\aiogram\dispatcher\event\handler.py", line 43, in call
    return await wrapped()
           ^^^^^^^^^^^^^^^
  File "D:\telegram_quiz_bot\handlers\games.py", line 46, in game_handler
    await callback.message.edit_text(
  File "D:\telegram_quiz_bot\venv\Lib\site-packages\aiogram\methods\base.py", line 84, in emit
    return await bot(self)
           ^^^^^^^^^^^^^^^
  File "D:\telegram_quiz_bot\venv\Lib\site-packages\aiogram\client\bot.py", line 488, in __call__
    return await self.session(self, method, timeout=request_timeout)
           ^^^^^^^^^^^^^^^^^^^^^^^^^^^^^^^^^^^^^^^^^^^^^^^^^^^^^^^^^
  File "D:\telegram_quiz_bot\venv\Lib\site-packages\aiogram\client\session\base.py", line 254, in __call__
    return cast(TelegramType, await middleware(bot, method))
                              ^^^^^^^^^^^^^^^^^^^^^^^^^^^^^
  File "D:\telegram_quiz_bot\venv\Lib\site-packages\aiogram\client\session\aiohttp.py", line 189, in make_request
    response = self.check_response(
               ^^^^^^^^^^^^^^^^^^^^
  File "D:\telegram_quiz_bot\venv\Lib\site-packages\aiogram\client\session\base.py", line 120, in check_response
    raise TelegramBadRequest(method=method, message=description)
aiogram.exceptions.TelegramBadRequest: Telegram server says - Bad Request: message is not modified: specified new message content and reply markup are exactly the same as a current content and reply markup of the message
2025-06-17 20:26:15,216 - aiogram.event - INFO - Update id=926862377 is handled. Duration 125 ms by bot id=7576088488
2025-06-17 20:26:17,171 - data - ERROR - Ошибка сохранения данных: [WinError 183] Cannot create a file when that file already exists: 'user_data.json' -> 'user_data.bak'
2025-06-17 20:26:17,171 - aiogram.event - INFO - Update id=926862378 is not handled. Duration 15 ms by bot id=7576088488
2025-06-17 20:26:17,171 - aiogram.event - ERROR - Cause exception while process update id=926862378 by bot id=7576088488
FileExistsError: [WinError 183] Cannot create a file when that file already exists: 'user_data.bak' -> 'user_data.json'
Traceback (most recent call last):
  File "D:\telegram_quiz_bot\data.py", line 52, in save
    self.path.rename(backup_path)
  File "C:\Users\USER\AppData\Local\Programs\Python\Python312\Lib\pathlib.py", line 1363, in rename
    os.rename(self, target)
FileExistsError: [WinError 183] Cannot create a file when that file already exists: 'user_data.json' -> 'user_data.bak'

During handling of the above exception, another exception occurred:

Traceback (most recent call last):
  File "D:\telegram_quiz_bot\venv\Lib\site-packages\aiogram\dispatcher\dispatcher.py", line 309, in _process_update
    response = await self.feed_update(bot, update, **kwargs)
               ^^^^^^^^^^^^^^^^^^^^^^^^^^^^^^^^^^^^^^^^^^^^^
  File "D:\telegram_quiz_bot\venv\Lib\site-packages\aiogram\dispatcher\dispatcher.py", line 158, in feed_update
    response = await self.update.wrap_outer_middleware(
               ^^^^^^^^^^^^^^^^^^^^^^^^^^^^^^^^^^^^^^^^
  File "D:\telegram_quiz_bot\venv\Lib\site-packages\aiogram\dispatcher\middlewares\error.py", line 25, in __call__
    return await handler(event, data)
           ^^^^^^^^^^^^^^^^^^^^^^^^^^
  File "D:\telegram_quiz_bot\venv\Lib\site-packages\aiogram\dispatcher\middlewares\user_context.py", line 56, in __call__
    return await handler(event, data)
           ^^^^^^^^^^^^^^^^^^^^^^^^^^
  File "D:\telegram_quiz_bot\venv\Lib\site-packages\aiogram\fsm\middleware.py", line 42, in __call__
    return await handler(event, data)
           ^^^^^^^^^^^^^^^^^^^^^^^^^^
  File "D:\telegram_quiz_bot\venv\Lib\site-packages\aiogram\dispatcher\event\telegram.py", line 121, in trigger
    return await wrapped_inner(event, kwargs)
           ^^^^^^^^^^^^^^^^^^^^^^^^^^^^^^^^^^
  File "D:\telegram_quiz_bot\venv\Lib\site-packages\aiogram\dispatcher\event\handler.py", line 43, in call
    return await wrapped()
           ^^^^^^^^^^^^^^^
  File "D:\telegram_quiz_bot\venv\Lib\site-packages\aiogram\dispatcher\dispatcher.py", line 276, in _listen_update
    return await self.propagate_event(update_type=update_type, event=event, **kwargs)
           ^^^^^^^^^^^^^^^^^^^^^^^^^^^^^^^^^^^^^^^^^^^^^^^^^^^^^^^^^^^^^^^^^^^^^^^^^^
  File "D:\telegram_quiz_bot\venv\Lib\site-packages\aiogram\dispatcher\router.py", line 146, in propagate_event
    return await observer.wrap_outer_middleware(_wrapped, event=event, data=kwargs)
           ^^^^^^^^^^^^^^^^^^^^^^^^^^^^^^^^^^^^^^^^^^^^^^^^^^^^^^^^^^^^^^^^^^^^^^^^
  File "D:\telegram_quiz_bot\venv\Lib\site-packages\aiogram\dispatcher\router.py", line 141, in _wrapped
    return await self._propagate_event(
           ^^^^^^^^^^^^^^^^^^^^^^^^^^^^
  File "D:\telegram_quiz_bot\venv\Lib\site-packages\aiogram\dispatcher\router.py", line 174, in _propagate_event
    response = await router.propagate_event(update_type=update_type, event=event, **kwargs)
               ^^^^^^^^^^^^^^^^^^^^^^^^^^^^^^^^^^^^^^^^^^^^^^^^^^^^^^^^^^^^^^^^^^^^^^^^^^^^
  File "D:\telegram_quiz_bot\venv\Lib\site-packages\aiogram\dispatcher\router.py", line 146, in propagate_event
    return await observer.wrap_outer_middleware(_wrapped, event=event, data=kwargs)
           ^^^^^^^^^^^^^^^^^^^^^^^^^^^^^^^^^^^^^^^^^^^^^^^^^^^^^^^^^^^^^^^^^^^^^^^^
  File "D:\telegram_quiz_bot\venv\Lib\site-packages\aiogram\dispatcher\router.py", line 141, in _wrapped
    return await self._propagate_event(
           ^^^^^^^^^^^^^^^^^^^^^^^^^^^^
  File "D:\telegram_quiz_bot\venv\Lib\site-packages\aiogram\dispatcher\router.py", line 166, in _propagate_event
    response = await observer.trigger(event, **kwargs)
               ^^^^^^^^^^^^^^^^^^^^^^^^^^^^^^^^^^^^^^^
  File "D:\telegram_quiz_bot\venv\Lib\site-packages\aiogram\dispatcher\event\telegram.py", line 121, in trigger
    return await wrapped_inner(event, kwargs)
           ^^^^^^^^^^^^^^^^^^^^^^^^^^^^^^^^^^
  File "D:\telegram_quiz_bot\venv\Lib\site-packages\aiogram\dispatcher\event\handler.py", line 43, in call
    return await wrapped()
           ^^^^^^^^^^^^^^^
  File "D:\telegram_quiz_bot\handlers\games.py", line 251, in rps_game
    await user_data.update_score(user_id, points)
  File "D:\telegram_quiz_bot\data.py", line 100, in update_score
    await self.update_stat(user_id, "score", delta)
  File "D:\telegram_quiz_bot\data.py", line 96, in update_stat
    await self.save()
  File "D:\telegram_quiz_bot\data.py", line 63, in save
    backup_path.rename(self.path)
  File "C:\Users\USER\AppData\Local\Programs\Python\Python312\Lib\pathlib.py", line 1363, in rename
    os.rename(self, target)
FileExistsError: [WinError 183] Cannot create a file when that file already exists: 'user_data.bak' -> 'user_data.json'
2025-06-17 20:26:17,465 - data - ERROR - Ошибка сохранения данных: [WinError 183] Cannot create a file when that file already exists: 'user_data.json' -> 'user_data.bak'
2025-06-17 20:26:17,466 - aiogram.event - INFO - Update id=926862379 is not handled. Duration 0 ms by bot id=7576088488
2025-06-17 20:26:17,466 - aiogram.event - ERROR - Cause exception while process update id=926862379 by bot id=7576088488
FileExistsError: [WinError 183] Cannot create a file when that file already exists: 'user_data.bak' -> 'user_data.json'
Traceback (most recent call last):
  File "D:\telegram_quiz_bot\data.py", line 52, in save
    self.path.rename(backup_path)
  File "C:\Users\USER\AppData\Local\Programs\Python\Python312\Lib\pathlib.py", line 1363, in rename
    os.rename(self, target)
FileExistsError: [WinError 183] Cannot create a file when that file already exists: 'user_data.json' -> 'user_data.bak'

During handling of the above exception, another exception occurred:

Traceback (most recent call last):
  File "D:\telegram_quiz_bot\venv\Lib\site-packages\aiogram\dispatcher\dispatcher.py", line 309, in _process_update
    response = await self.feed_update(bot, update, **kwargs)
               ^^^^^^^^^^^^^^^^^^^^^^^^^^^^^^^^^^^^^^^^^^^^^
  File "D:\telegram_quiz_bot\venv\Lib\site-packages\aiogram\dispatcher\dispatcher.py", line 158, in feed_update
    response = await self.update.wrap_outer_middleware(
               ^^^^^^^^^^^^^^^^^^^^^^^^^^^^^^^^^^^^^^^^
  File "D:\telegram_quiz_bot\venv\Lib\site-packages\aiogram\dispatcher\middlewares\error.py", line 25, in __call__
    return await handler(event, data)
           ^^^^^^^^^^^^^^^^^^^^^^^^^^
  File "D:\telegram_quiz_bot\venv\Lib\site-packages\aiogram\dispatcher\middlewares\user_context.py", line 56, in __call__
    return await handler(event, data)
           ^^^^^^^^^^^^^^^^^^^^^^^^^^
  File "D:\telegram_quiz_bot\venv\Lib\site-packages\aiogram\fsm\middleware.py", line 42, in __call__
    return await handler(event, data)
           ^^^^^^^^^^^^^^^^^^^^^^^^^^
  File "D:\telegram_quiz_bot\venv\Lib\site-packages\aiogram\dispatcher\event\telegram.py", line 121, in trigger
    return await wrapped_inner(event, kwargs)
           ^^^^^^^^^^^^^^^^^^^^^^^^^^^^^^^^^^
  File "D:\telegram_quiz_bot\venv\Lib\site-packages\aiogram\dispatcher\event\handler.py", line 43, in call
    return await wrapped()
           ^^^^^^^^^^^^^^^
  File "D:\telegram_quiz_bot\venv\Lib\site-packages\aiogram\dispatcher\dispatcher.py", line 276, in _listen_update
    return await self.propagate_event(update_type=update_type, event=event, **kwargs)
           ^^^^^^^^^^^^^^^^^^^^^^^^^^^^^^^^^^^^^^^^^^^^^^^^^^^^^^^^^^^^^^^^^^^^^^^^^^
  File "D:\telegram_quiz_bot\venv\Lib\site-packages\aiogram\dispatcher\router.py", line 146, in propagate_event
    return await observer.wrap_outer_middleware(_wrapped, event=event, data=kwargs)
           ^^^^^^^^^^^^^^^^^^^^^^^^^^^^^^^^^^^^^^^^^^^^^^^^^^^^^^^^^^^^^^^^^^^^^^^^
  File "D:\telegram_quiz_bot\venv\Lib\site-packages\aiogram\dispatcher\router.py", line 141, in _wrapped
    return await self._propagate_event(
           ^^^^^^^^^^^^^^^^^^^^^^^^^^^^
  File "D:\telegram_quiz_bot\venv\Lib\site-packages\aiogram\dispatcher\router.py", line 174, in _propagate_event
    response = await router.propagate_event(update_type=update_type, event=event, **kwargs)
               ^^^^^^^^^^^^^^^^^^^^^^^^^^^^^^^^^^^^^^^^^^^^^^^^^^^^^^^^^^^^^^^^^^^^^^^^^^^^
  File "D:\telegram_quiz_bot\venv\Lib\site-packages\aiogram\dispatcher\router.py", line 146, in propagate_event
    return await observer.wrap_outer_middleware(_wrapped, event=event, data=kwargs)
           ^^^^^^^^^^^^^^^^^^^^^^^^^^^^^^^^^^^^^^^^^^^^^^^^^^^^^^^^^^^^^^^^^^^^^^^^
  File "D:\telegram_quiz_bot\venv\Lib\site-packages\aiogram\dispatcher\router.py", line 141, in _wrapped
    return await self._propagate_event(
           ^^^^^^^^^^^^^^^^^^^^^^^^^^^^
  File "D:\telegram_quiz_bot\venv\Lib\site-packages\aiogram\dispatcher\router.py", line 166, in _propagate_event
    response = await observer.trigger(event, **kwargs)
               ^^^^^^^^^^^^^^^^^^^^^^^^^^^^^^^^^^^^^^^
  File "D:\telegram_quiz_bot\venv\Lib\site-packages\aiogram\dispatcher\event\telegram.py", line 121, in trigger
    return await wrapped_inner(event, kwargs)
           ^^^^^^^^^^^^^^^^^^^^^^^^^^^^^^^^^^
  File "D:\telegram_quiz_bot\venv\Lib\site-packages\aiogram\dispatcher\event\handler.py", line 43, in call
    return await wrapped()
           ^^^^^^^^^^^^^^^
  File "D:\telegram_quiz_bot\handlers\games.py", line 251, in rps_game
    await user_data.update_score(user_id, points)
  File "D:\telegram_quiz_bot\data.py", line 100, in update_score
    await self.update_stat(user_id, "score", delta)
  File "D:\telegram_quiz_bot\data.py", line 96, in update_stat
    await self.save()
  File "D:\telegram_quiz_bot\data.py", line 63, in save
    backup_path.rename(self.path)
  File "C:\Users\USER\AppData\Local\Programs\Python\Python312\Lib\pathlib.py", line 1363, in rename
    os.rename(self, target)
FileExistsError: [WinError 183] Cannot create a file when that file already exists: 'user_data.bak' -> 'user_data.json'
2025-06-17 20:26:18,792 - aiogram.event - INFO - Update id=926862380 is handled. Duration 186 ms by bot id=7576088488
2025-06-17 20:26:20,432 - aiogram.event - INFO - Update id=926862381 is handled. Duration 125 ms by bot id=7576088488
2025-06-17 20:26:29,313 - aiogram.event - INFO - Update id=926862382 is handled. Duration 125 ms by bot id=7576088488
2025-06-17 20:26:30,785 - aiogram.event - INFO - Update id=926862383 is handled. Duration 250 ms by bot id=7576088488
2025-06-17 20:26:40,250 - aiogram.event - INFO - Update id=926862384 is handled. Duration 14 ms by bot id=7576088488
2025-06-17 20:26:50,847 - aiogram.event - INFO - Update id=926862385 is handled. Duration 219 ms by bot id=7576088488
2025-06-17 20:26:51,728 - aiogram.event - INFO - Update id=926862386 is handled. Duration 125 ms by bot id=7576088488
2025-06-17 20:26:54,994 - aiogram.event - INFO - Update id=926862387 is handled. Duration 0 ms by bot id=7576088488
2025-06-17 20:26:58,570 - aiogram.event - INFO - Update id=926862388 is handled. Duration 0 ms by bot id=7576088488
2025-06-17 20:27:03,429 - aiogram.event - INFO - Update id=926862389 is handled. Duration 0 ms by bot id=7576088488
2025-06-17 20:29:12,020 - aiogram.dispatcher - INFO - Polling stopped
2025-06-17 20:29:12,020 - __main__ - INFO - Бот останавливается...
2025-06-17 20:29:12,275 - aiogram.dispatcher - INFO - Polling stopped for bot @boredombot_bot id=7576088488 - 'boredom bot'
2025-06-17 20:29:12,276 - __main__ - INFO - Бот остановлен пользователем
2025-06-17 20:29:21,473 - __main__ - INFO - Начинаю polling...
2025-06-17 20:29:21,475 - __main__ - INFO - Бот запускается...
2025-06-17 20:29:21,475 - aiogram.dispatcher - INFO - Start polling
2025-06-17 20:29:21,621 - aiogram.dispatcher - INFO - Run polling for bot @boredombot_bot id=7576088488 - 'boredom bot'
2025-06-17 20:29:34,864 - handlers.main - INFO - Пользователь 1009310689 (APECTOBAH_3A_TEPAKT_B_KPOKUSE) запустил бота
2025-06-17 20:29:34,864 - aiogram.event - INFO - Update id=926862390 is handled. Duration 250 ms by bot id=7576088488
2025-06-17 20:29:36,699 - aiogram.event - INFO - Update id=926862391 is handled. Duration 171 ms by bot id=7576088488
2025-06-17 20:29:37,856 - aiogram.event - INFO - Update id=926862392 is handled. Duration 313 ms by bot id=7576088488
2025-06-17 20:29:44,229 - aiogram.event - INFO - Update id=926862393 is handled. Duration 125 ms by bot id=7576088488
2025-06-17 20:29:49,668 - aiogram.event - INFO - Update id=926862394 is handled. Duration 264 ms by bot id=7576088488
2025-06-17 20:29:52,886 - aiogram.event - INFO - Update id=926862395 is handled. Duration 125 ms by bot id=7576088488
2025-06-17 20:29:57,085 - aiogram.event - INFO - Update id=926862396 is handled. Duration 250 ms by bot id=7576088488
2025-06-17 20:30:02,591 - aiogram.event - INFO - Update id=926862397 is handled. Duration 93 ms by bot id=7576088488
2025-06-17 20:30:23,577 - aiogram.event - INFO - Update id=926862398 is handled. Duration 218 ms by bot id=7576088488
2025-06-17 20:30:34,091 - aiogram.event - INFO - Update id=926862399 is handled. Duration 109 ms by bot id=7576088488
2025-06-17 20:30:37,883 - aiogram.event - INFO - Update id=926862400 is handled. Duration 405 ms by bot id=7576088488
2025-06-17 20:30:40,972 - aiogram.event - INFO - Update id=926862401 is handled. Duration 77 ms by bot id=7576088488
2025-06-17 20:30:42,533 - aiogram.event - INFO - Update id=926862402 is handled. Duration 139 ms by bot id=7576088488
2025-06-17 20:30:45,529 - aiogram.event - INFO - Update id=926862403 is handled. Duration 63 ms by bot id=7576088488
2025-06-17 20:30:47,116 - aiogram.event - INFO - Update id=926862404 is handled. Duration 250 ms by bot id=7576088488
2025-06-17 20:30:51,903 - aiogram.event - INFO - Update id=926862405 is handled. Duration 110 ms by bot id=7576088488
2025-06-17 20:30:53,472 - aiogram.event - INFO - Update id=926862406 is handled. Duration 172 ms by bot id=7576088488
2025-06-17 20:30:56,414 - aiogram.event - INFO - Update id=926862407 is handled. Duration 171 ms by bot id=7576088488
2025-06-17 20:30:57,969 - aiogram.event - INFO - Update id=926862408 is handled. Duration 156 ms by bot id=7576088488
2025-06-17 20:31:02,353 - aiogram.event - INFO - Update id=926862409 is handled. Duration 77 ms by bot id=7576088488
2025-06-17 20:31:04,107 - aiogram.event - INFO - Update id=926862410 is handled. Duration 265 ms by bot id=7576088488
2025-06-17 20:31:08,973 - aiogram.event - INFO - Update id=926862411 is handled. Duration 77 ms by bot id=7576088488
2025-06-17 20:31:11,300 - aiogram.event - INFO - Update id=926862412 is handled. Duration 155 ms by bot id=7576088488
2025-06-17 20:31:13,474 - aiogram.event - INFO - Update id=926862413 is handled. Duration 219 ms by bot id=7576088488
2025-06-17 20:31:15,103 - aiogram.event - INFO - Update id=926862414 is handled. Duration 109 ms by bot id=7576088488
2025-06-17 20:31:19,185 - aiogram.event - INFO - Update id=926862415 is handled. Duration 93 ms by bot id=7576088488
2025-06-17 20:31:21,774 - aiogram.event - INFO - Update id=926862416 is handled. Duration 125 ms by bot id=7576088488
2025-06-17 20:31:42,124 - aiogram.event - INFO - Update id=926862417 is handled. Duration 156 ms by bot id=7576088488
2025-06-17 20:31:44,808 - aiogram.event - INFO - Update id=926862418 is handled. Duration 109 ms by bot id=7576088488
2025-06-17 20:31:48,503 - aiogram.event - INFO - Update id=926862419 is handled. Duration 125 ms by bot id=7576088488
2025-06-17 20:31:50,730 - aiogram.event - INFO - Update id=926862420 is handled. Duration 109 ms by bot id=7576088488
2025-06-17 20:31:55,952 - aiogram.event - INFO - Update id=926862421 is handled. Duration 78 ms by bot id=7576088488
2025-06-17 20:32:00,393 - aiogram.event - INFO - Update id=926862422 is handled. Duration 281 ms by bot id=7576088488
2025-06-17 20:32:04,658 - aiogram.event - INFO - Update id=926862423 is handled. Duration 77 ms by bot id=7576088488
2025-06-17 20:32:12,800 - aiogram.event - INFO - Update id=926862424 is handled. Duration 140 ms by bot id=7576088488
2025-06-17 20:32:15,742 - aiogram.event - INFO - Update id=926862425 is handled. Duration 172 ms by bot id=7576088488
2025-06-17 20:32:17,352 - aiogram.event - INFO - Update id=926862426 is handled. Duration 422 ms by bot id=7576088488
2025-06-17 20:32:19,689 - aiogram.event - INFO - Update id=926862427 is handled. Duration 125 ms by bot id=7576088488
2025-06-17 20:32:22,190 - aiogram.event - INFO - Update id=926862428 is handled. Duration 140 ms by bot id=7576088488
2025-06-17 20:32:35,565 - aiogram.event - INFO - Update id=926862429 is handled. Duration 171 ms by bot id=7576088488
2025-06-17 20:32:41,775 - aiogram.event - INFO - Update id=926862430 is handled. Duration 125 ms by bot id=7576088488
2025-06-17 20:32:46,793 - aiogram.event - INFO - Update id=926862431 is handled. Duration 156 ms by bot id=7576088488
2025-06-17 20:32:55,780 - aiogram.event - INFO - Update id=926862432 is handled. Duration 171 ms by bot id=7576088488
2025-06-17 20:33:02,189 - aiogram.event - INFO - Update id=926862433 is handled. Duration 234 ms by bot id=7576088488
2025-06-17 20:33:04,919 - aiogram.event - INFO - Update id=926862434 is handled. Duration 125 ms by bot id=7576088488
2025-06-17 20:33:07,905 - aiogram.event - INFO - Update id=926862435 is handled. Duration 78 ms by bot id=7576088488
2025-06-17 20:33:09,345 - aiogram.event - INFO - Update id=926862436 is handled. Duration 313 ms by bot id=7576088488
2025-06-17 20:33:14,225 - aiogram.event - INFO - Update id=926862437 is handled. Duration 140 ms by bot id=7576088488
2025-06-17 20:33:16,331 - aiogram.event - INFO - Update id=926862438 is handled. Duration 140 ms by bot id=7576088488
2025-06-17 20:33:22,937 - aiogram.event - INFO - Update id=926862439 is handled. Duration 77 ms by bot id=7576088488
2025-06-17 20:33:24,700 - aiogram.event - INFO - Update id=926862440 is handled. Duration 171 ms by bot id=7576088488
2025-06-17 20:34:03,714 - aiogram.event - INFO - Update id=926862441 is handled. Duration 186 ms by bot id=7576088488
2025-06-17 20:34:06,404 - aiogram.event - INFO - Update id=926862442 is handled. Duration 110 ms by bot id=7576088488
2025-06-17 20:34:10,837 - aiogram.event - INFO - Update id=926862443 is handled. Duration 109 ms by bot id=7576088488
2025-06-17 20:34:12,790 - aiogram.event - INFO - Update id=926862444 is handled. Duration 139 ms by bot id=7576088488
2025-06-17 20:34:16,215 - aiogram.event - INFO - Update id=926862445 is handled. Duration 78 ms by bot id=7576088488
2025-06-17 20:34:18,081 - aiogram.event - INFO - Update id=926862446 is handled. Duration 140 ms by bot id=7576088488
2025-06-17 20:34:22,021 - aiogram.event - INFO - Update id=926862447 is handled. Duration 94 ms by bot id=7576088488
2025-06-17 20:34:23,817 - aiogram.event - INFO - Update id=926862448 is handled. Duration 140 ms by bot id=7576088488
2025-06-17 20:34:27,481 - aiogram.event - INFO - Update id=926862449 is handled. Duration 94 ms by bot id=7576088488
2025-06-17 20:34:30,728 - aiogram.event - INFO - Update id=926862450 is handled. Duration 109 ms by bot id=7576088488
2025-06-17 20:34:35,712 - aiogram.event - INFO - Update id=926862451 is handled. Duration 61 ms by bot id=7576088488
2025-06-17 20:34:37,946 - aiogram.event - INFO - Update id=926862452 is handled. Duration 140 ms by bot id=7576088488
2025-06-17 20:34:40,473 - aiogram.event - INFO - Update id=926862453 is handled. Duration 94 ms by bot id=7576088488
2025-06-17 20:34:43,385 - aiogram.event - INFO - Update id=926862454 is handled. Duration 125 ms by bot id=7576088488
2025-06-17 20:34:49,084 - aiogram.event - INFO - Update id=926862455 is handled. Duration 78 ms by bot id=7576088488
2025-06-17 20:34:52,022 - aiogram.event - INFO - Update id=926862456 is handled. Duration 156 ms by bot id=7576088488
2025-06-17 20:34:53,737 - aiogram.event - INFO - Update id=926862457 is handled. Duration 140 ms by bot id=7576088488
2025-06-17 20:34:54,820 - aiogram.event - INFO - Update id=926862458 is handled. Duration 313 ms by bot id=7576088488
2025-06-17 20:34:56,265 - aiogram.event - INFO - Update id=926862459 is handled. Duration 375 ms by bot id=7576088488
2025-06-17 20:34:57,346 - aiogram.event - INFO - Update id=926862460 is handled. Duration 140 ms by bot id=7576088488
2025-06-17 20:35:00,057 - aiogram.event - INFO - Update id=926862461 is handled. Duration 186 ms by bot id=7576088488
2025-06-17 20:35:01,173 - aiogram.event - INFO - Update id=926862462 is handled. Duration 311 ms by bot id=7576088488
2025-06-17 20:35:02,253 - aiogram.event - INFO - Update id=926862463 is handled. Duration 296 ms by bot id=7576088488
2025-06-17 20:35:03,574 - aiogram.event - INFO - Update id=926862464 is handled. Duration 125 ms by bot id=7576088488
2025-06-17 20:35:04,790 - aiogram.event - INFO - Update id=926862465 is handled. Duration 250 ms by bot id=7576088488
2025-06-17 20:35:05,433 - aiogram.event - INFO - Update id=926862466 is handled. Duration 125 ms by bot id=7576088488
2025-06-17 20:35:06,362 - aiogram.event - INFO - Update id=926862467 is handled. Duration 218 ms by bot id=7576088488
2025-06-17 20:35:08,676 - aiogram.event - INFO - Update id=926862468 is handled. Duration 327 ms by bot id=7576088488
2025-06-17 20:35:10,250 - aiogram.event - INFO - Update id=926862469 is handled. Duration 139 ms by bot id=7576088488
2025-06-17 20:35:12,142 - aiogram.event - INFO - Update id=926862470 is handled. Duration 125 ms by bot id=7576088488
2025-06-17 20:35:13,147 - aiogram.event - INFO - Update id=926862471 is handled. Duration 156 ms by bot id=7576088488
2025-06-17 20:35:14,057 - aiogram.event - INFO - Update id=926862472 is handled. Duration 202 ms by bot id=7576088488
2025-06-17 20:35:14,852 - aiogram.event - INFO - Update id=926862473 is handled. Duration 125 ms by bot id=7576088488
2025-06-17 20:35:17,053 - aiogram.event - INFO - Update id=926862474 is handled. Duration 125 ms by bot id=7576088488
2025-06-17 20:35:20,300 - aiogram.event - INFO - Update id=926862475 is handled. Duration 125 ms by bot id=7576088488
2025-06-17 20:35:21,359 - handlers.games - ERROR - Ошибка в игре coin: Telegram server says - Bad Request: message is not modified: specified new message content and reply markup are exactly the same as a current content and reply markup of the message
2025-06-17 20:35:21,476 - aiogram.event - INFO - Update id=926862476 is handled. Duration 172 ms by bot id=7576088488
2025-06-17 20:35:22,839 - aiogram.event - INFO - Update id=926862477 is handled. Duration 140 ms by bot id=7576088488
2025-06-17 20:35:24,323 - aiogram.event - INFO - Update id=926862478 is handled. Duration 265 ms by bot id=7576088488
2025-06-17 20:35:24,938 - aiogram.event - INFO - Update id=926862479 is handled. Duration 156 ms by bot id=7576088488
2025-06-17 20:35:27,096 - aiogram.event - INFO - Update id=926862480 is handled. Duration 156 ms by bot id=7576088488
2025-06-17 20:35:27,748 - aiogram.event - INFO - Update id=926862481 is handled. Duration 156 ms by bot id=7576088488
2025-06-17 20:35:28,404 - aiogram.event - INFO - Update id=926862482 is handled. Duration 235 ms by bot id=7576088488
2025-06-17 20:35:29,130 - aiogram.event - INFO - Update id=926862483 is handled. Duration 296 ms by bot id=7576088488
2025-06-17 20:35:29,777 - aiogram.event - INFO - Update id=926862484 is handled. Duration 266 ms by bot id=7576088488
2025-06-17 20:35:30,463 - aiogram.event - INFO - Update id=926862485 is handled. Duration 297 ms by bot id=7576088488
2025-06-17 20:35:31,026 - aiogram.event - INFO - Update id=926862486 is handled. Duration 203 ms by bot id=7576088488
2025-06-17 20:35:34,884 - aiogram.event - INFO - Update id=926862487 is handled. Duration 405 ms by bot id=7576088488
2025-06-17 20:35:36,340 - aiogram.event - INFO - Update id=926862488 is handled. Duration 156 ms by bot id=7576088488
2025-06-17 20:35:36,945 - aiogram.event - INFO - Update id=926862489 is handled. Duration 140 ms by bot id=7576088488
2025-06-17 20:35:37,485 - aiogram.event - INFO - Update id=926862490 is handled. Duration 156 ms by bot id=7576088488
2025-06-17 20:35:38,178 - aiogram.event - INFO - Update id=926862491 is handled. Duration 172 ms by bot id=7576088488
2025-06-17 20:35:40,376 - aiogram.event - INFO - Update id=926862492 is handled. Duration 171 ms by bot id=7576088488
2025-06-17 20:35:45,161 - aiogram.event - INFO - Update id=926862493 is handled. Duration 218 ms by bot id=7576088488
2025-06-17 20:35:46,514 - aiogram.event - INFO - Update id=926862494 is handled. Duration 202 ms by bot id=7576088488
2025-06-17 20:35:50,035 - aiogram.event - INFO - Update id=926862495 is handled. Duration 156 ms by bot id=7576088488
2025-06-17 20:35:50,881 - aiogram.event - INFO - Update id=926862496 is handled. Duration 155 ms by bot id=7576088488
2025-06-17 20:35:51,893 - aiogram.event - INFO - Update id=926862497 is handled. Duration 156 ms by bot id=7576088488
2025-06-17 20:35:52,568 - aiogram.event - INFO - Update id=926862498 is handled. Duration 156 ms by bot id=7576088488
2025-06-17 20:35:53,574 - aiogram.event - INFO - Update id=926862499 is handled. Duration 156 ms by bot id=7576088488
2025-06-17 20:35:54,489 - aiogram.event - INFO - Update id=926862500 is handled. Duration 203 ms by bot id=7576088488
2025-06-17 20:35:55,439 - aiogram.event - INFO - Update id=926862501 is handled. Duration 156 ms by bot id=7576088488
2025-06-17 20:35:59,198 - aiogram.event - INFO - Update id=926862502 is handled. Duration 313 ms by bot id=7576088488
2025-06-17 20:36:00,794 - aiogram.event - INFO - Update id=926862503 is handled. Duration 186 ms by bot id=7576088488
2025-06-17 20:36:03,131 - aiogram.event - INFO - Update id=926862504 is handled. Duration 155 ms by bot id=7576088488
2025-06-17 20:36:04,397 - aiogram.event - INFO - Update id=926862505 is handled. Duration 156 ms by bot id=7576088488
2025-06-17 20:36:06,577 - aiogram.event - INFO - Update id=926862506 is handled. Duration 140 ms by bot id=7576088488
2025-06-17 20:36:08,513 - aiogram.event - INFO - Update id=926862507 is handled. Duration 186 ms by bot id=7576088488
2025-06-17 20:36:27,932 - aiogram.event - INFO - Update id=926862508 is handled. Duration 0 ms by bot id=7576088488
2025-06-17 20:36:43,210 - aiogram.event - INFO - Update id=926862509 is handled. Duration 359 ms by bot id=7576088488
2025-06-17 20:36:44,511 - aiogram.event - INFO - Update id=926862510 is handled. Duration 125 ms by bot id=7576088488
2025-06-17 20:36:48,167 - aiogram.event - INFO - Update id=926862511 is handled. Duration 0 ms by bot id=7576088488
2025-06-17 20:36:49,715 - aiogram.event - INFO - Update id=926862512 is handled. Duration 125 ms by bot id=7576088488
2025-06-17 20:36:52,633 - aiogram.event - INFO - Update id=926862513 is handled. Duration 155 ms by bot id=7576088488
2025-06-17 20:36:57,141 - aiogram.event - INFO - Update id=926862514 is handled. Duration 188 ms by bot id=7576088488
2025-06-17 20:36:57,944 - aiogram.event - INFO - Update id=926862515 is handled. Duration 359 ms by bot id=7576088488
2025-06-17 20:36:59,199 - aiogram.event - INFO - Update id=926862516 is handled. Duration 125 ms by bot id=7576088488
2025-06-17 20:37:00,690 - aiogram.event - INFO - Update id=926862517 is handled. Duration 171 ms by bot id=7576088488
2025-06-17 20:37:05,683 - aiogram.event - INFO - Update id=926862518 is handled. Duration 0 ms by bot id=7576088488
2025-06-17 20:37:08,317 - aiogram.event - INFO - Update id=926862519 is handled. Duration 140 ms by bot id=7576088488
2025-06-17 20:37:10,305 - aiogram.event - INFO - Update id=926862520 is handled. Duration 155 ms by bot id=7576088488
2025-06-17 20:37:13,307 - aiogram.event - INFO - Update id=926862521 is handled. Duration 186 ms by bot id=7576088488
2025-06-17 20:37:18,210 - aiogram.event - INFO - Update id=926862522 is not handled. Duration 0 ms by bot id=7576088488
2025-06-17 20:37:23,157 - aiogram.event - INFO - Update id=926862523 is not handled. Duration 0 ms by bot id=7576088488
2025-06-17 20:37:24,152 - aiogram.event - INFO - Update id=926862524 is handled. Duration 125 ms by bot id=7576088488
2025-06-17 20:37:25,525 - aiogram.event - INFO - Update id=926862525 is handled. Duration 125 ms by bot id=7576088488
2025-06-17 20:37:26,929 - aiogram.event - INFO - Update id=926862526 is handled. Duration 125 ms by bot id=7576088488
2025-06-17 20:38:01,465 - handlers.main - INFO - Пользователь 7001360877 (rtpaf) запустил бота
2025-06-17 20:38:01,465 - aiogram.event - INFO - Update id=926862527 is handled. Duration 172 ms by bot id=7576088488
2025-06-17 20:38:03,600 - aiogram.event - INFO - Update id=926862528 is handled. Duration 188 ms by bot id=7576088488
2025-06-17 20:38:05,584 - aiogram.event - INFO - Update id=926862529 is handled. Duration 234 ms by bot id=7576088488
2025-06-17 20:38:06,715 - aiogram.event - INFO - Update id=926862530 is handled. Duration 140 ms by bot id=7576088488
2025-06-17 20:38:07,923 - aiogram.event - INFO - Update id=926862531 is handled. Duration 155 ms by bot id=7576088488
2025-06-17 20:38:11,896 - aiogram.event - INFO - Update id=926862532 is handled. Duration 110 ms by bot id=7576088488
2025-06-17 20:38:13,733 - aiogram.event - INFO - Update id=926862533 is handled. Duration 109 ms by bot id=7576088488
2025-06-17 20:38:17,449 - aiogram.event - INFO - Update id=926862534 is handled. Duration 77 ms by bot id=7576088488
2025-06-17 20:38:19,034 - aiogram.event - INFO - Update id=926862535 is handled. Duration 171 ms by bot id=7576088488
2025-06-17 20:38:24,436 - aiogram.event - INFO - Update id=926862536 is handled. Duration 77 ms by bot id=7576088488
2025-06-17 20:38:29,046 - aiogram.event - INFO - Update id=926862537 is handled. Duration 140 ms by bot id=7576088488
2025-06-17 20:38:30,269 - aiogram.event - INFO - Update id=926862538 is handled. Duration 125 ms by bot id=7576088488
2025-06-17 20:38:32,325 - aiogram.event - INFO - Update id=926862539 is not handled. Duration 0 ms by bot id=7576088488
2025-06-17 20:38:41,408 - aiogram.event - INFO - Update id=926862540 is handled. Duration 186 ms by bot id=7576088488
2025-06-17 20:38:42,430 - aiogram.event - INFO - Update id=926862541 is handled. Duration 125 ms by bot id=7576088488
2025-06-17 20:38:43,903 - aiogram.event - INFO - Update id=926862542 is handled. Duration 141 ms by bot id=7576088488
2025-06-17 20:38:47,510 - aiogram.event - INFO - Update id=926862543 is handled. Duration 218 ms by bot id=7576088488
2025-06-17 20:38:48,793 - aiogram.event - INFO - Update id=926862544 is not handled. Duration 0 ms by bot id=7576088488
2025-06-17 20:39:03,494 - aiogram.event - INFO - Update id=926862545 is not handled. Duration 0 ms by bot id=7576088488
2025-06-17 20:39:06,090 - aiogram.event - INFO - Update id=926862546 is not handled. Duration 0 ms by bot id=7576088488
2025-06-17 20:39:18,053 - aiogram.event - INFO - Update id=926862548 is not handled. Duration 280 ms by bot id=7576088488
2025-06-17 20:39:18,053 - aiogram.event - ERROR - Cause exception while process update id=926862548 by bot id=7576088488
TelegramBadRequest: Telegram server says - Bad Request: message is not modified: specified new message content and reply markup are exactly the same as a current content and reply markup of the message
Traceback (most recent call last):
  File "D:\telegram_quiz_bot\venv\Lib\site-packages\aiogram\dispatcher\dispatcher.py", line 309, in _process_update
    response = await self.feed_update(bot, update, **kwargs)
               ^^^^^^^^^^^^^^^^^^^^^^^^^^^^^^^^^^^^^^^^^^^^^
  File "D:\telegram_quiz_bot\venv\Lib\site-packages\aiogram\dispatcher\dispatcher.py", line 158, in feed_update
    response = await self.update.wrap_outer_middleware(
               ^^^^^^^^^^^^^^^^^^^^^^^^^^^^^^^^^^^^^^^^
  File "D:\telegram_quiz_bot\venv\Lib\site-packages\aiogram\dispatcher\middlewares\error.py", line 25, in __call__
    return await handler(event, data)
           ^^^^^^^^^^^^^^^^^^^^^^^^^^
  File "D:\telegram_quiz_bot\venv\Lib\site-packages\aiogram\dispatcher\middlewares\user_context.py", line 56, in __call__
    return await handler(event, data)
           ^^^^^^^^^^^^^^^^^^^^^^^^^^
  File "D:\telegram_quiz_bot\venv\Lib\site-packages\aiogram\fsm\middleware.py", line 42, in __call__
    return await handler(event, data)
           ^^^^^^^^^^^^^^^^^^^^^^^^^^
  File "D:\telegram_quiz_bot\venv\Lib\site-packages\aiogram\dispatcher\event\telegram.py", line 121, in trigger
    return await wrapped_inner(event, kwargs)
           ^^^^^^^^^^^^^^^^^^^^^^^^^^^^^^^^^^
  File "D:\telegram_quiz_bot\venv\Lib\site-packages\aiogram\dispatcher\event\handler.py", line 43, in call
    return await wrapped()
           ^^^^^^^^^^^^^^^
  File "D:\telegram_quiz_bot\venv\Lib\site-packages\aiogram\dispatcher\dispatcher.py", line 276, in _listen_update
    return await self.propagate_event(update_type=update_type, event=event, **kwargs)
           ^^^^^^^^^^^^^^^^^^^^^^^^^^^^^^^^^^^^^^^^^^^^^^^^^^^^^^^^^^^^^^^^^^^^^^^^^^
  File "D:\telegram_quiz_bot\venv\Lib\site-packages\aiogram\dispatcher\router.py", line 146, in propagate_event
    return await observer.wrap_outer_middleware(_wrapped, event=event, data=kwargs)
           ^^^^^^^^^^^^^^^^^^^^^^^^^^^^^^^^^^^^^^^^^^^^^^^^^^^^^^^^^^^^^^^^^^^^^^^^
  File "D:\telegram_quiz_bot\venv\Lib\site-packages\aiogram\dispatcher\router.py", line 141, in _wrapped
    return await self._propagate_event(
           ^^^^^^^^^^^^^^^^^^^^^^^^^^^^
  File "D:\telegram_quiz_bot\venv\Lib\site-packages\aiogram\dispatcher\router.py", line 174, in _propagate_event
    response = await router.propagate_event(update_type=update_type, event=event, **kwargs)
               ^^^^^^^^^^^^^^^^^^^^^^^^^^^^^^^^^^^^^^^^^^^^^^^^^^^^^^^^^^^^^^^^^^^^^^^^^^^^
  File "D:\telegram_quiz_bot\venv\Lib\site-packages\aiogram\dispatcher\router.py", line 146, in propagate_event
    return await observer.wrap_outer_middleware(_wrapped, event=event, data=kwargs)
           ^^^^^^^^^^^^^^^^^^^^^^^^^^^^^^^^^^^^^^^^^^^^^^^^^^^^^^^^^^^^^^^^^^^^^^^^
  File "D:\telegram_quiz_bot\venv\Lib\site-packages\aiogram\dispatcher\router.py", line 141, in _wrapped
    return await self._propagate_event(
           ^^^^^^^^^^^^^^^^^^^^^^^^^^^^
  File "D:\telegram_quiz_bot\venv\Lib\site-packages\aiogram\dispatcher\router.py", line 166, in _propagate_event
    response = await observer.trigger(event, **kwargs)
               ^^^^^^^^^^^^^^^^^^^^^^^^^^^^^^^^^^^^^^^
  File "D:\telegram_quiz_bot\venv\Lib\site-packages\aiogram\dispatcher\event\telegram.py", line 121, in trigger
    return await wrapped_inner(event, kwargs)
           ^^^^^^^^^^^^^^^^^^^^^^^^^^^^^^^^^^
  File "D:\telegram_quiz_bot\venv\Lib\site-packages\aiogram\dispatcher\event\handler.py", line 43, in call
    return await wrapped()
           ^^^^^^^^^^^^^^^
  File "D:\telegram_quiz_bot\handlers\main.py", line 83, in back_to_main
    await callback.message.edit_text(
  File "D:\telegram_quiz_bot\venv\Lib\site-packages\aiogram\methods\base.py", line 84, in emit
    return await bot(self)
           ^^^^^^^^^^^^^^^
  File "D:\telegram_quiz_bot\venv\Lib\site-packages\aiogram\client\bot.py", line 488, in __call__
    return await self.session(self, method, timeout=request_timeout)
           ^^^^^^^^^^^^^^^^^^^^^^^^^^^^^^^^^^^^^^^^^^^^^^^^^^^^^^^^^
  File "D:\telegram_quiz_bot\venv\Lib\site-packages\aiogram\client\session\base.py", line 254, in __call__
    return cast(TelegramType, await middleware(bot, method))
                              ^^^^^^^^^^^^^^^^^^^^^^^^^^^^^
  File "D:\telegram_quiz_bot\venv\Lib\site-packages\aiogram\client\session\aiohttp.py", line 189, in make_request
    response = self.check_response(
               ^^^^^^^^^^^^^^^^^^^^
  File "D:\telegram_quiz_bot\venv\Lib\site-packages\aiogram\client\session\base.py", line 120, in check_response
    raise TelegramBadRequest(method=method, message=description)
aiogram.exceptions.TelegramBadRequest: Telegram server says - Bad Request: message is not modified: specified new message content and reply markup are exactly the same as a current content and reply markup of the message
2025-06-17 20:39:18,106 - aiogram.event - INFO - Update id=926862547 is handled. Duration 422 ms by bot id=7576088488
2025-06-17 20:43:37,996 - aiogram.event - INFO - Update id=926862549 is handled. Duration 297 ms by bot id=7576088488
2025-06-17 20:43:40,266 - aiogram.event - INFO - Update id=926862550 is handled. Duration 141 ms by bot id=7576088488
2025-06-17 20:43:42,611 - aiogram.event - INFO - Update id=926862551 is handled. Duration 281 ms by bot id=7576088488
2025-06-17 20:43:43,190 - aiogram.event - INFO - Update id=926862552 is handled. Duration 218 ms by bot id=7576088488
2025-06-17 20:43:46,595 - aiogram.event - INFO - Update id=926862553 is handled. Duration 125 ms by bot id=7576088488
2025-06-17 20:43:47,702 - aiogram.event - INFO - Update id=926862554 is handled. Duration 125 ms by bot id=7576088488
2025-06-17 20:43:56,005 - aiogram.event - INFO - Update id=926862555 is handled. Duration 108 ms by bot id=7576088488
2025-06-17 20:43:57,544 - aiogram.event - INFO - Update id=926862556 is handled. Duration 125 ms by bot id=7576088488
2025-06-17 21:37:56,107 - aiogram.event - INFO - Update id=926862557 is handled. Duration 359 ms by bot id=7576088488
2025-06-17 21:40:42,839 - aiogram.event - INFO - Update id=926862558 is handled. Duration 297 ms by bot id=7576088488
2025-06-17 21:40:46,337 - aiogram.event - INFO - Update id=926862559 is handled. Duration 389 ms by bot id=7576088488
2025-06-17 21:40:56,141 - aiogram.event - INFO - Update id=926862560 is handled. Duration 202 ms by bot id=7576088488
2025-06-17 21:40:57,681 - aiogram.event - INFO - Update id=926862561 is handled. Duration 422 ms by bot id=7576088488
2025-06-17 21:41:14,816 - aiogram.event - INFO - Update id=926862562 is not handled. Duration 0 ms by bot id=7576088488
2025-06-17 21:41:19,263 - aiogram.event - INFO - Update id=926862563 is not handled. Duration 0 ms by bot id=7576088488
2025-06-17 21:41:21,257 - aiogram.event - INFO - Update id=926862564 is handled. Duration 219 ms by bot id=7576088488
2025-06-17 21:41:22,734 - aiogram.event - INFO - Update id=926862565 is handled. Duration 204 ms by bot id=7576088488
2025-06-17 21:41:23,428 - aiogram.event - INFO - Update id=926862566 is not handled. Duration 0 ms by bot id=7576088488
2025-06-17 21:41:28,526 - aiogram.event - INFO - Update id=926862567 is not handled. Duration 0 ms by bot id=7576088488
2025-06-17 21:41:29,917 - aiogram.event - INFO - Update id=926862568 is not handled. Duration 0 ms by bot id=7576088488
2025-06-17 21:41:30,809 - aiogram.event - INFO - Update id=926862569 is not handled. Duration 0 ms by bot id=7576088488
2025-06-17 21:41:31,315 - aiogram.event - INFO - Update id=926862570 is not handled. Duration 0 ms by bot id=7576088488
2025-06-17 21:53:27,877 - aiogram.dispatcher - INFO - Polling stopped
2025-06-17 21:53:27,877 - __main__ - INFO - Бот останавливается...
2025-06-17 21:53:28,145 - aiogram.dispatcher - INFO - Polling stopped for bot @boredombot_bot id=7576088488 - 'boredom bot'
2025-06-17 21:53:28,146 - __main__ - INFO - Бот остановлен пользователем
2025-06-17 21:53:34,023 - __main__ - INFO - Начинаю polling...
2025-06-17 21:53:34,023 - __main__ - INFO - Бот запускается...
2025-06-17 21:53:34,023 - aiogram.dispatcher - INFO - Start polling
2025-06-17 21:53:34,184 - aiogram.dispatcher - INFO - Run polling for bot @boredombot_bot id=7576088488 - 'boredom bot'
2025-06-17 21:53:41,468 - handlers.main - INFO - Пользователь 1009310689 (APECTOBAH_3A_TEPAKT_B_KPOKUSE) запустил бота
2025-06-17 21:53:41,468 - aiogram.event - INFO - Update id=926862571 is handled. Duration 218 ms by bot id=7576088488
2025-06-17 21:53:44,388 - aiogram.event - INFO - Update id=926862572 is handled. Duration 359 ms by bot id=7576088488
2025-06-17 21:53:45,926 - aiogram.event - INFO - Update id=926862573 is handled. Duration 125 ms by bot id=7576088488
2025-06-17 21:53:47,078 - aiogram.event - INFO - Update id=926862574 is handled. Duration 125 ms by bot id=7576088488
2025-06-17 21:54:07,562 - aiogram.event - INFO - Update id=926862575 is not handled. Duration 15 ms by bot id=7576088488
2025-06-17 21:54:10,040 - aiogram.event - INFO - Update id=926862576 is handled. Duration 327 ms by bot id=7576088488
2025-06-17 21:54:12,723 - aiogram.event - INFO - Update id=926862577 is handled. Duration 280 ms by bot id=7576088488
2025-06-17 21:54:14,694 - aiogram.event - INFO - Update id=926862578 is handled. Duration 125 ms by bot id=7576088488
2025-06-17 21:54:15,501 - aiogram.event - INFO - Update id=926862579 is handled. Duration 125 ms by bot id=7576088488
2025-06-17 21:54:17,224 - aiogram.event - INFO - Update id=926862580 is not handled. Duration 0 ms by bot id=7576088488
2025-06-17 21:54:26,208 - aiogram.event - INFO - Update id=926862581 is handled. Duration 264 ms by bot id=7576088488
2025-06-17 21:54:34,722 - aiogram.event - INFO - Update id=926862582 is handled. Duration 280 ms by bot id=7576088488
2025-06-17 21:54:35,706 - aiogram.event - INFO - Update id=926862583 is handled. Duration 264 ms by bot id=7576088488
2025-06-17 21:54:39,567 - aiogram.event - INFO - Update id=926862584 is handled. Duration 0 ms by bot id=7576088488
2025-06-17 21:56:19,895 - aiogram.dispatcher - INFO - Polling stopped
2025-06-17 21:56:19,895 - __main__ - INFO - Бот останавливается...
2025-06-17 21:56:20,073 - aiogram.dispatcher - ERROR - Failed to fetch updates - TelegramNetworkError: HTTP Client says - ClientOSError: [Errno 1] [SSL: APPLICATION_DATA_AFTER_CLOSE_NOTIFY] application data after close notify (_ssl.c:2685)
2025-06-17 21:56:20,073 - aiogram.dispatcher - WARNING - Sleep for 1.000000 seconds and try again... (tryings = 0, bot id = 7576088488)
2025-06-17 21:56:20,165 - aiogram.dispatcher - INFO - Polling stopped for bot @boredombot_bot id=7576088488 - 'boredom bot'
2025-06-17 21:56:20,166 - __main__ - INFO - Бот остановлен пользователем
2025-06-17 21:56:30,007 - __main__ - INFO - Начинаю polling...
2025-06-17 21:56:30,007 - __main__ - INFO - Бот запускается...
2025-06-17 21:56:30,007 - aiogram.dispatcher - INFO - Start polling
2025-06-17 21:56:30,157 - aiogram.dispatcher - INFO - Run polling for bot @boredombot_bot id=7576088488 - 'boredom bot'
2025-06-17 21:56:34,979 - handlers.word_game - INFO - Word menu callback triggered
2025-06-17 21:56:35,241 - aiogram.event - INFO - Update id=926862585 is handled. Duration 265 ms by bot id=7576088488
2025-06-17 21:56:36,125 - handlers.word_game - INFO - Word handler triggered with data: word:short
2025-06-17 21:56:36,125 - handlers.word_game - INFO - Got word: лес
2025-06-17 21:56:36,125 - handlers.word_game - INFO - State set for user 1009310689
2025-06-17 21:56:36,287 - aiogram.event - INFO - Update id=926862586 is handled. Duration 170 ms by bot id=7576088488
2025-06-17 21:56:37,716 - aiogram.event - INFO - Update id=926862587 is handled. Duration 0 ms by bot id=7576088488
2025-06-17 21:56:39,518 - aiogram.event - INFO - Update id=926862588 is handled. Duration 0 ms by bot id=7576088488
2025-06-17 21:56:40,568 - aiogram.event - INFO - Update id=926862589 is handled. Duration 0 ms by bot id=7576088488
2025-06-17 21:56:41,237 - aiogram.event - INFO - Update id=926862590 is handled. Duration 0 ms by bot id=7576088488
2025-06-17 21:56:41,960 - aiogram.event - INFO - Update id=926862591 is handled. Duration 0 ms by bot id=7576088488
2025-06-17 21:56:42,529 - aiogram.event - INFO - Update id=926862592 is handled. Duration 0 ms by bot id=7576088488
2025-06-17 21:56:43,493 - aiogram.event - INFO - Update id=926862593 is handled. Duration 0 ms by bot id=7576088488
2025-06-17 21:57:00,573 - aiogram.event - INFO - Update id=926862594 is handled. Duration 0 ms by bot id=7576088488
2025-06-17 22:01:47,213 - aiogram.dispatcher - INFO - Polling stopped
2025-06-17 22:01:47,213 - __main__ - INFO - Бот останавливается...
2025-06-17 22:01:47,475 - aiogram.dispatcher - INFO - Polling stopped for bot @boredombot_bot id=7576088488 - 'boredom bot'
2025-06-17 22:01:47,476 - __main__ - INFO - Бот остановлен пользователем
2025-06-17 22:04:27,993 - __main__ - INFO - Начинаю polling...
2025-06-17 22:04:27,993 - __main__ - INFO - Бот запускается...
2025-06-17 22:04:27,993 - aiogram.dispatcher - INFO - Start polling
2025-06-17 22:04:28,177 - aiogram.dispatcher - INFO - Run polling for bot @boredombot_bot id=7576088488 - 'boredom bot'
2025-06-17 22:04:32,737 - handlers.word_game - INFO - Word menu callback triggered
2025-06-17 22:04:33,173 - aiogram.event - INFO - Update id=926862595 is handled. Duration 437 ms by bot id=7576088488
2025-06-17 22:04:33,946 - handlers.word_game - INFO - Word handler triggered with data: word:short
2025-06-17 22:04:33,946 - handlers.word_game - INFO - Got word: море
2025-06-17 22:04:33,946 - handlers.word_game - INFO - State set for user 1009310689
2025-06-17 22:04:34,166 - aiogram.event - INFO - Update id=926862596 is handled. Duration 217 ms by bot id=7576088488
2025-06-17 22:04:36,809 - aiogram.event - INFO - Update id=926862597 is handled. Duration 0 ms by bot id=7576088488
2025-06-17 22:05:04,810 - aiogram.event - INFO - Update id=926862598 is handled. Duration 0 ms by bot id=7576088488
2025-06-17 22:05:06,139 - handlers.word_game - INFO - Word menu callback triggered
2025-06-17 22:05:06,353 - aiogram.event - INFO - Update id=926862599 is handled. Duration 219 ms by bot id=7576088488
2025-06-17 22:05:07,551 - handlers.word_game - INFO - Word handler triggered with data: word:hard
2025-06-17 22:05:07,551 - handlers.word_game - INFO - Got word: археология
2025-06-17 22:05:07,551 - handlers.word_game - INFO - State set for user 1009310689
2025-06-17 22:05:07,709 - aiogram.event - INFO - Update id=926862600 is handled. Duration 155 ms by bot id=7576088488
2025-06-17 22:05:17,663 - handlers.word_game - INFO - Word menu callback triggered
2025-06-17 22:05:17,780 - aiogram.event - INFO - Update id=926862601 is handled. Duration 110 ms by bot id=7576088488
2025-06-17 22:06:21,787 - aiogram.dispatcher - INFO - Polling stopped
2025-06-17 22:06:21,787 - __main__ - INFO - Бот останавливается...
2025-06-17 22:06:22,048 - aiogram.dispatcher - INFO - Polling stopped for bot @boredombot_bot id=7576088488 - 'boredom bot'
2025-06-17 22:06:22,048 - __main__ - INFO - Бот остановлен пользователем
2025-06-17 22:07:50,652 - __main__ - INFO - Начинаю polling...
2025-06-17 22:07:50,653 - __main__ - INFO - Бот запускается...
2025-06-17 22:07:50,653 - aiogram.dispatcher - INFO - Start polling
2025-06-17 22:07:50,805 - aiogram.dispatcher - INFO - Run polling for bot @boredombot_bot id=7576088488 - 'boredom bot'
2025-06-17 22:07:59,345 - handlers.word_game - INFO - Word handler triggered with data: word:short
2025-06-17 22:07:59,345 - handlers.word_game - INFO - Got word: мир
2025-06-17 22:07:59,345 - handlers.word_game - INFO - State set for user 1009310689
2025-06-17 22:07:59,764 - aiogram.event - INFO - Update id=926862602 is handled. Duration 405 ms by bot id=7576088488
2025-06-17 22:08:02,976 - aiogram.event - INFO - Update id=926862603 is not handled. Duration 0 ms by bot id=7576088488
2025-06-17 22:08:02,976 - aiogram.event - ERROR - Cause exception while process update id=926862603 by bot id=7576088488
SkipHandler: 
Traceback (most recent call last):
  File "D:\telegram_quiz_bot\venv\Lib\site-packages\aiogram\dispatcher\dispatcher.py", line 309, in _process_update
    response = await self.feed_update(bot, update, **kwargs)
               ^^^^^^^^^^^^^^^^^^^^^^^^^^^^^^^^^^^^^^^^^^^^^
  File "D:\telegram_quiz_bot\venv\Lib\site-packages\aiogram\dispatcher\dispatcher.py", line 158, in feed_update
    response = await self.update.wrap_outer_middleware(
               ^^^^^^^^^^^^^^^^^^^^^^^^^^^^^^^^^^^^^^^^
  File "D:\telegram_quiz_bot\venv\Lib\site-packages\aiogram\dispatcher\middlewares\error.py", line 25, in __call__
    return await handler(event, data)
           ^^^^^^^^^^^^^^^^^^^^^^^^^^
  File "D:\telegram_quiz_bot\venv\Lib\site-packages\aiogram\dispatcher\middlewares\user_context.py", line 56, in __call__
    return await handler(event, data)
           ^^^^^^^^^^^^^^^^^^^^^^^^^^
  File "D:\telegram_quiz_bot\venv\Lib\site-packages\aiogram\fsm\middleware.py", line 42, in __call__
    return await handler(event, data)
           ^^^^^^^^^^^^^^^^^^^^^^^^^^
  File "D:\telegram_quiz_bot\venv\Lib\site-packages\aiogram\dispatcher\event\telegram.py", line 121, in trigger
    return await wrapped_inner(event, kwargs)
           ^^^^^^^^^^^^^^^^^^^^^^^^^^^^^^^^^^
  File "D:\telegram_quiz_bot\venv\Lib\site-packages\aiogram\dispatcher\event\handler.py", line 43, in call
    return await wrapped()
           ^^^^^^^^^^^^^^^
  File "D:\telegram_quiz_bot\venv\Lib\site-packages\aiogram\dispatcher\dispatcher.py", line 276, in _listen_update
    return await self.propagate_event(update_type=update_type, event=event, **kwargs)
           ^^^^^^^^^^^^^^^^^^^^^^^^^^^^^^^^^^^^^^^^^^^^^^^^^^^^^^^^^^^^^^^^^^^^^^^^^^
  File "D:\telegram_quiz_bot\venv\Lib\site-packages\aiogram\dispatcher\router.py", line 146, in propagate_event
    return await observer.wrap_outer_middleware(_wrapped, event=event, data=kwargs)
           ^^^^^^^^^^^^^^^^^^^^^^^^^^^^^^^^^^^^^^^^^^^^^^^^^^^^^^^^^^^^^^^^^^^^^^^^
  File "D:\telegram_quiz_bot\venv\Lib\site-packages\aiogram\dispatcher\router.py", line 141, in _wrapped
    return await self._propagate_event(
           ^^^^^^^^^^^^^^^^^^^^^^^^^^^^
  File "D:\telegram_quiz_bot\venv\Lib\site-packages\aiogram\dispatcher\router.py", line 174, in _propagate_event
    response = await router.propagate_event(update_type=update_type, event=event, **kwargs)
               ^^^^^^^^^^^^^^^^^^^^^^^^^^^^^^^^^^^^^^^^^^^^^^^^^^^^^^^^^^^^^^^^^^^^^^^^^^^^
  File "D:\telegram_quiz_bot\venv\Lib\site-packages\aiogram\dispatcher\router.py", line 146, in propagate_event
    return await observer.wrap_outer_middleware(_wrapped, event=event, data=kwargs)
           ^^^^^^^^^^^^^^^^^^^^^^^^^^^^^^^^^^^^^^^^^^^^^^^^^^^^^^^^^^^^^^^^^^^^^^^^
  File "D:\telegram_quiz_bot\venv\Lib\site-packages\aiogram\dispatcher\router.py", line 141, in _wrapped
    return await self._propagate_event(
           ^^^^^^^^^^^^^^^^^^^^^^^^^^^^
  File "D:\telegram_quiz_bot\venv\Lib\site-packages\aiogram\dispatcher\router.py", line 166, in _propagate_event
    response = await observer.trigger(event, **kwargs)
               ^^^^^^^^^^^^^^^^^^^^^^^^^^^^^^^^^^^^^^^
  File "D:\telegram_quiz_bot\venv\Lib\site-packages\aiogram\dispatcher\event\telegram.py", line 121, in trigger
    return await wrapped_inner(event, kwargs)
           ^^^^^^^^^^^^^^^^^^^^^^^^^^^^^^^^^^
  File "D:\telegram_quiz_bot\venv\Lib\site-packages\aiogram\dispatcher\event\handler.py", line 43, in call
    return await wrapped()
           ^^^^^^^^^^^^^^^
  File "D:\telegram_quiz_bot\handlers\quiz.py", line 97, in handle_quiz_answer
    raise SkipHandler
handlers.quiz.SkipHandler
2025-06-17 22:09:33,088 - aiogram.dispatcher - INFO - Polling stopped
2025-06-17 22:09:33,088 - __main__ - INFO - Бот останавливается...
2025-06-17 22:09:33,342 - aiogram.dispatcher - INFO - Polling stopped for bot @boredombot_bot id=7576088488 - 'boredom bot'
2025-06-17 22:09:33,342 - __main__ - INFO - Бот остановлен пользователем
2025-06-17 22:09:38,334 - __main__ - INFO - Начинаю polling...
2025-06-17 22:09:38,334 - __main__ - INFO - Бот запускается...
2025-06-17 22:09:38,334 - aiogram.dispatcher - INFO - Start polling
2025-06-17 22:09:38,522 - aiogram.dispatcher - INFO - Run polling for bot @boredombot_bot id=7576088488 - 'boredom bot'
2025-06-17 22:09:47,118 - handlers.word_game - INFO - Word menu callback triggered
2025-06-17 22:09:47,383 - aiogram.event - INFO - Update id=926862604 is handled. Duration 264 ms by bot id=7576088488
2025-06-17 22:09:51,973 - handlers.word_game - INFO - Word handler triggered with data: word:hard
2025-06-17 22:09:51,973 - handlers.word_game - INFO - Got word: криптография
2025-06-17 22:09:51,973 - handlers.word_game - INFO - State set for user 1009310689
2025-06-17 22:09:52,126 - aiogram.event - INFO - Update id=926862605 is handled. Duration 155 ms by bot id=7576088488
2025-06-17 22:09:53,375 - handlers.word_game - INFO - Word menu callback triggered
2025-06-17 22:09:53,723 - aiogram.event - INFO - Update id=926862606 is handled. Duration 359 ms by bot id=7576088488
2025-06-17 22:09:54,168 - handlers.word_game - INFO - Word handler triggered with data: word:random
2025-06-17 22:09:54,168 - handlers.word_game - INFO - Got word: автомобиль
2025-06-17 22:09:54,168 - handlers.word_game - INFO - State set for user 1009310689
2025-06-17 22:09:54,466 - aiogram.event - INFO - Update id=926862607 is handled. Duration 297 ms by bot id=7576088488
2025-06-17 22:10:00,250 - handlers.word_game - INFO - Processing guess: 'абракада' from user 1009310689
2025-06-17 22:10:00,250 - handlers.word_game - INFO - Game state - word: автомобиль, attempts: 6
2025-06-17 22:10:00,362 - aiogram.event - INFO - Update id=926862608 is handled. Duration 110 ms by bot id=7576088488
2025-06-17 22:10:14,865 - handlers.word_game - INFO - Processing guess: 'криптография' from user 1009310689
2025-06-17 22:10:14,865 - handlers.word_game - INFO - Game state - word: автомобиль, attempts: 5
2025-06-17 22:10:14,938 - aiogram.event - INFO - Update id=926862609 is handled. Duration 78 ms by bot id=7576088488
2025-06-17 22:10:20,302 - handlers.word_game - INFO - Processing guess: 'автомобиль' from user 1009310689
2025-06-17 22:10:20,302 - handlers.word_game - INFO - Game state - word: автомобиль, attempts: 4
2025-06-17 22:10:20,377 - aiogram.event - INFO - Update id=926862610 is handled. Duration 77 ms by bot id=7576088488
2025-06-17 22:11:02,693 - handlers.word_game - INFO - Word menu callback triggered
2025-06-17 22:11:02,965 - aiogram.event - INFO - Update id=926862611 is handled. Duration 264 ms by bot id=7576088488
2025-06-17 22:11:04,594 - handlers.word_game - INFO - Word handler triggered with data: word:hard
2025-06-17 22:11:04,594 - handlers.word_game - INFO - Got word: археология
2025-06-17 22:11:04,595 - handlers.word_game - INFO - State set for user 1009310689
2025-06-17 22:11:04,917 - aiogram.event - INFO - Update id=926862612 is handled. Duration 327 ms by bot id=7576088488
2025-06-17 22:11:14,955 - handlers.word_game - INFO - Processing guess: 'автомобиль' from user 1009310689
2025-06-17 22:11:14,955 - handlers.word_game - INFO - Game state - word: археология, attempts: 6
2025-06-17 22:11:15,054 - aiogram.event - INFO - Update id=926862613 is handled. Duration 94 ms by bot id=7576088488
2025-06-17 22:11:49,695 - aiogram.dispatcher - INFO - Polling stopped
2025-06-17 22:11:49,696 - __main__ - INFO - Бот останавливается...
2025-06-17 22:11:49,949 - aiogram.dispatcher - INFO - Polling stopped for bot @boredombot_bot id=7576088488 - 'boredom bot'
2025-06-17 22:11:49,949 - __main__ - INFO - Бот остановлен пользователем
2025-06-17 22:11:52,192 - __main__ - INFO - РќР°С‡РёРЅР°СЋ polling...
2025-06-17 22:11:52,192 - __main__ - INFO - Р‘РѕС‚ Р·Р°РїСѓСЃРєР°РµС‚СЃСЏ...
2025-06-17 22:11:52,192 - aiogram.dispatcher - INFO - Start polling
2025-06-17 22:11:52,380 - aiogram.dispatcher - INFO - Run polling for bot @boredombot_bot id=7576088488 - 'boredom bot'
2025-06-17 22:11:55,308 - handlers.word_game - INFO - Word menu callback triggered
2025-06-17 22:11:55,858 - aiogram.event - INFO - Update id=926862614 is handled. Duration 546 ms by bot id=7576088488
2025-06-17 22:11:56,640 - handlers.word_game - INFO - Word handler triggered with data: word:short
2025-06-17 22:11:56,640 - handlers.word_game - INFO - Got word: РґР°СЂ
2025-06-17 22:11:56,640 - handlers.word_game - INFO - State set for user 1009310689
2025-06-17 22:11:56,819 - aiogram.event - INFO - Update id=926862615 is handled. Duration 188 ms by bot id=7576088488
2025-06-17 22:11:59,005 - handlers.word_game - INFO - Processing guess: 'РґРѕРј' from user 1009310689
2025-06-17 22:11:59,005 - handlers.word_game - INFO - Game state - word: РґР°СЂ, attempts: 6
2025-06-17 22:11:59,082 - handlers.word_game - INFO - Sent response: вќЊ РќРµРІРµСЂРЅРѕ. РћСЃС‚Р°Р»РѕСЃСЊ РїРѕРїС‹С‚РѕРє: <b>5</b>
РЎР»РѕРІРѕ: ___
2025-06-17 22:11:59,082 - aiogram.event - INFO - Update id=926862616 is handled. Duration 78 ms by bot id=7576088488
2025-06-17 22:12:04,367 - handlers.word_game - INFO - Processing guess: 'РґР°СЂ' from user 1009310689
2025-06-17 22:12:04,367 - handlers.word_game - INFO - Game state - word: РґР°СЂ, attempts: 5
2025-06-17 22:12:04,520 - handlers.word_game - INFO - Sent response: рџЋ‰ РџРѕР·РґСЂР°РІР»СЏСЋ! РўС‹ СѓРіР°РґР°Р» СЃР»РѕРІРѕ <b>РґР°СЂ</b> Рё Р·Р°СЂР°Р±РѕС‚Р°Р» <b>5</b> РѕС‡РєРѕРІ.
2025-06-17 22:12:04,520 - aiogram.event - INFO - Update id=926862617 is handled. Duration 155 ms by bot id=7576088488
2025-06-17 22:12:11,741 - handlers.word_game - INFO - Word menu callback triggered
2025-06-17 22:12:11,862 - aiogram.event - INFO - Update id=926862618 is handled. Duration 125 ms by bot id=7576088488
2025-06-17 22:12:12,725 - handlers.word_game - INFO - Word handler triggered with data: word:short
2025-06-17 22:12:12,726 - handlers.word_game - INFO - Got word: Р»РµСЃ
2025-06-17 22:12:12,726 - handlers.word_game - INFO - State set for user 1009310689
2025-06-17 22:12:12,840 - aiogram.event - INFO - Update id=926862619 is handled. Duration 109 ms by bot id=7576088488
2025-06-17 22:12:15,323 - handlers.word_game - INFO - Processing guess: 'С…РµСЂ' from user 1009310689
2025-06-17 22:12:15,323 - handlers.word_game - INFO - Game state - word: Р»РµСЃ, attempts: 6
2025-06-17 22:12:15,396 - handlers.word_game - INFO - Sent response: вќЊ РќРµРІРµСЂРЅРѕ. РћСЃС‚Р°Р»РѕСЃСЊ РїРѕРїС‹С‚РѕРє: <b>5</b>
РЎР»РѕРІРѕ: ___
2025-06-17 22:12:15,396 - aiogram.event - INFO - Update id=926862620 is handled. Duration 77 ms by bot id=7576088488
2025-06-17 22:12:19,718 - handlers.word_game - INFO - Processing guess: 'РґРѕРј' from user 1009310689
2025-06-17 22:12:19,718 - handlers.word_game - INFO - Game state - word: Р»РµСЃ, attempts: 5
2025-06-17 22:12:19,786 - handlers.word_game - INFO - Sent response: вќЊ РќРµРІРµСЂРЅРѕ. РћСЃС‚Р°Р»РѕСЃСЊ РїРѕРїС‹С‚РѕРє: <b>4</b>
РЎР»РѕРІРѕ: ___
2025-06-17 22:12:19,786 - aiogram.event - INFO - Update id=926862621 is handled. Duration 61 ms by bot id=7576088488
2025-06-17 22:12:24,301 - handlers.word_game - INFO - Processing guess: 'СѓС…Рѕ' from user 1009310689
2025-06-17 22:12:24,301 - handlers.word_game - INFO - Game state - word: Р»РµСЃ, attempts: 4
2025-06-17 22:12:24,367 - handlers.word_game - INFO - Sent response: вќЊ РќРµРІРµСЂРЅРѕ. РћСЃС‚Р°Р»РѕСЃСЊ РїРѕРїС‹С‚РѕРє: <b>3</b>
РЎР»РѕРІРѕ: ___
2025-06-17 22:12:24,367 - aiogram.event - INFO - Update id=926862622 is handled. Duration 62 ms by bot id=7576088488
2025-06-17 22:12:37,558 - handlers.word_game - INFO - Processing guess: 'Р»СѓРі' from user 1009310689
2025-06-17 22:12:37,558 - handlers.word_game - INFO - Game state - word: Р»РµСЃ, attempts: 3
2025-06-17 22:12:37,651 - handlers.word_game - INFO - Sent response: вќЊ РќРµРІРµСЂРЅРѕ. РћСЃС‚Р°Р»РѕСЃСЊ РїРѕРїС‹С‚РѕРє: <b>2</b>
РЎР»РѕРІРѕ: ___
2025-06-17 22:12:37,651 - aiogram.event - INFO - Update id=926862623 is handled. Duration 93 ms by bot id=7576088488
2025-06-17 22:12:50,642 - handlers.word_game - INFO - Processing guess: 'РґРµСЃ' from user 1009310689
2025-06-17 22:12:50,642 - handlers.word_game - INFO - Game state - word: Р»РµСЃ, attempts: 2
2025-06-17 22:12:50,765 - handlers.word_game - INFO - Sent response: вќЊ РќРµРІРµСЂРЅРѕ. РћСЃС‚Р°Р»РѕСЃСЊ РїРѕРїС‹С‚РѕРє: <b>1</b>
РЎР»РѕРІРѕ: ___
2025-06-17 22:12:50,765 - aiogram.event - INFO - Update id=926862624 is handled. Duration 125 ms by bot id=7576088488
2025-06-17 22:12:52,440 - handlers.word_game - INFO - Processing guess: 'Р»РµСЃ' from user 1009310689
2025-06-17 22:12:52,440 - handlers.word_game - INFO - Game state - word: Р»РµСЃ, attempts: 1
2025-06-17 22:12:52,638 - handlers.word_game - INFO - Sent response: рџЋ‰ РџРѕР·РґСЂР°РІР»СЏСЋ! РўС‹ СѓРіР°РґР°Р» СЃР»РѕРІРѕ <b>Р»РµСЃ</b> Рё Р·Р°СЂР°Р±РѕС‚Р°Р» <b>5</b> РѕС‡РєРѕРІ.
2025-06-17 22:12:52,638 - aiogram.event - INFO - Update id=926862625 is handled. Duration 186 ms by bot id=7576088488
2025-06-17 22:12:54,680 - handlers.word_game - INFO - Word menu callback triggered
2025-06-17 22:12:54,820 - aiogram.event - INFO - Update id=926862626 is handled. Duration 140 ms by bot id=7576088488
2025-06-17 22:12:56,172 - handlers.word_game - INFO - Word handler triggered with data: word:long
2025-06-17 22:12:56,172 - handlers.word_game - INFO - Got word: С‚РµР»РµРІРёР·РѕСЂ
2025-06-17 22:12:56,172 - handlers.word_game - INFO - State set for user 1009310689
2025-06-17 22:12:56,285 - aiogram.event - INFO - Update id=926862627 is handled. Duration 125 ms by bot id=7576088488
2025-06-17 22:13:06,522 - handlers.word_game - INFO - Processing guess: 'С‚РµР»РµРІРёР·РѕСЂ' from user 1009310689
2025-06-17 22:13:06,522 - handlers.word_game - INFO - Game state - word: С‚РµР»РµРІРёР·РѕСЂ, attempts: 6
2025-06-17 22:13:06,605 - handlers.word_game - INFO - Sent response: рџЋ‰ РџРѕР·РґСЂР°РІР»СЏСЋ! РўС‹ СѓРіР°РґР°Р» СЃР»РѕРІРѕ <b>С‚РµР»РµРІРёР·РѕСЂ</b> Рё Р·Р°СЂР°Р±РѕС‚Р°Р» <b>15</b> РѕС‡РєРѕРІ.
2025-06-17 22:13:06,605 - aiogram.event - INFO - Update id=926862628 is handled. Duration 78 ms by bot id=7576088488
2025-06-17 22:15:00,369 - aiogram.dispatcher - INFO - Polling stopped
2025-06-17 22:15:00,369 - __main__ - INFO - Р‘РѕС‚ РѕСЃС‚Р°РЅР°РІР»РёРІР°РµС‚СЃСЏ...
2025-06-17 22:15:00,630 - aiogram.dispatcher - INFO - Polling stopped for bot @boredombot_bot id=7576088488 - 'boredom bot'
2025-06-17 22:15:00,630 - __main__ - INFO - Р‘РѕС‚ РѕСЃС‚Р°РЅРѕРІР»РµРЅ РїРѕР»СЊР·РѕРІР°С‚РµР»РµРј
2025-06-17 22:15:13,075 - __main__ - INFO - РќР°С‡РёРЅР°СЋ polling...
2025-06-17 22:15:13,075 - __main__ - INFO - Р‘РѕС‚ Р·Р°РїСѓСЃРєР°РµС‚СЃСЏ...
2025-06-17 22:15:13,075 - aiogram.dispatcher - INFO - Start polling
2025-06-17 22:15:13,261 - aiogram.dispatcher - INFO - Run polling for bot @boredombot_bot id=7576088488 - 'boredom bot'
2025-06-17 22:15:15,867 - handlers.word_game - INFO - Opened word game menu
2025-06-17 22:15:16,239 - aiogram.event - INFO - Update id=926862629 is handled. Duration 375 ms by bot id=7576088488
2025-06-17 22:15:17,920 - handlers.word_game - INFO - word_handler triggered with word:hard
2025-06-17 22:15:17,920 - handlers.word_game - INFO - Game started for user 1009310689: 'Р°РґРјРёРЅРёСЃС‚СЂРёСЂРѕРІР°РЅРёРµ'
2025-06-17 22:15:18,050 - aiogram.event - INFO - Update id=926862630 is handled. Duration 141 ms by bot id=7576088488
2025-06-17 22:15:19,611 - handlers.word_game - INFO - Opened word game menu
2025-06-17 22:15:19,807 - aiogram.event - INFO - Update id=926862631 is handled. Duration 203 ms by bot id=7576088488
2025-06-17 22:15:21,170 - handlers.word_game - INFO - word_handler triggered with word:short
2025-06-17 22:15:21,170 - handlers.word_game - INFO - Game started for user 1009310689: 'РѕРіРѕРЅСЊ'
2025-06-17 22:15:21,303 - aiogram.event - INFO - Update id=926862632 is handled. Duration 141 ms by bot id=7576088488
2025-06-17 22:15:33,052 - handlers.word_game - INFO - User 1009310689 guessed: 'С‚РµР»РёРє'
2025-06-17 22:15:33,154 - handlers.word_game - INFO - Sent to 1009310689: рџ”¤ <b>РЈРіР°РґР°Р№ СЃР»РѕРІРѕ</b>

рџЋЇ РЎР»РѕРІРѕ: _ _ _ _ _
вќЊ РќРµРїСЂР°РІРёР»СЊРЅС‹Рµ Р±СѓРєРІС‹: вЂ”
вќ¤пёЏ РћСЃС‚Р°Р»РѕСЃСЊ РїРѕРїС‹С‚РѕРє: 5

вќЊ РќРµРІРµСЂРЅРѕ, РѕСЃС‚Р°Р»РѕСЃСЊ 5 РїРѕРїС‹С‚РѕРє.
2025-06-17 22:15:33,154 - aiogram.event - INFO - Update id=926862633 is handled. Duration 93 ms by bot id=7576088488
2025-06-17 22:15:46,619 - handlers.word_game - INFO - User 1009310689 guessed: 'РѕРіРѕРЅРІ'
2025-06-17 22:15:46,719 - handlers.word_game - INFO - Sent to 1009310689: рџ”¤ <b>РЈРіР°РґР°Р№ СЃР»РѕРІРѕ</b>

рџЋЇ РЎР»РѕРІРѕ: _ _ _ _ _
вќЊ РќРµРїСЂР°РІРёР»СЊРЅС‹Рµ Р±СѓРєРІС‹: вЂ”
вќ¤пёЏ РћСЃС‚Р°Р»РѕСЃСЊ РїРѕРїС‹С‚РѕРє: 4

вќЊ РќРµРІРµСЂРЅРѕ, РѕСЃС‚Р°Р»РѕСЃСЊ 4 РїРѕРїС‹С‚РѕРє.
2025-06-17 22:15:46,719 - aiogram.event - INFO - Update id=926862634 is handled. Duration 109 ms by bot id=7576088488
2025-06-17 22:15:51,165 - handlers.word_game - INFO - User 1009310689 guessed: 'РѕРіРѕРЅСЊ'
2025-06-17 22:15:51,240 - handlers.word_game - INFO - Sent to 1009310689: рџЋ‰ РџСЂР°РІРёР»СЊРЅРѕ! Р­С‚Рѕ Р±С‹Р»Рѕ СЃР»РѕРІРѕ <b>РѕРіРѕРЅСЊ</b>. +5 РѕС‡РєРѕРІ.
2025-06-17 22:15:51,240 - aiogram.event - INFO - Update id=926862635 is handled. Duration 79 ms by bot id=7576088488
2025-06-17 22:15:54,084 - handlers.word_game - INFO - Opened word game menu
2025-06-17 22:15:54,205 - aiogram.event - INFO - Update id=926862636 is handled. Duration 125 ms by bot id=7576088488
2025-06-17 22:16:09,307 - handlers.word_game - INFO - word_handler triggered with word:short
2025-06-17 22:16:09,307 - handlers.word_game - INFO - Game started for user 1009310689: 'РјРѕСЂРµ'
2025-06-17 22:16:09,531 - aiogram.event - INFO - Update id=926862637 is handled. Duration 233 ms by bot id=7576088488
2025-06-17 22:17:56,697 - aiogram.dispatcher - INFO - Polling stopped
2025-06-17 22:17:56,697 - __main__ - INFO - Р‘РѕС‚ РѕСЃС‚Р°РЅР°РІР»РёРІР°РµС‚СЃСЏ...
2025-06-17 22:17:56,959 - aiogram.dispatcher - INFO - Polling stopped for bot @boredombot_bot id=7576088488 - 'boredom bot'
2025-06-17 22:17:56,960 - __main__ - INFO - Р‘РѕС‚ РѕСЃС‚Р°РЅРѕРІР»РµРЅ РїРѕР»СЊР·РѕРІР°С‚РµР»РµРј
2025-06-17 22:18:01,083 - __main__ - INFO - РќР°С‡РёРЅР°СЋ polling...
2025-06-17 22:18:01,084 - __main__ - INFO - Р‘РѕС‚ Р·Р°РїСѓСЃРєР°РµС‚СЃСЏ...
2025-06-17 22:18:01,084 - aiogram.dispatcher - INFO - Start polling
2025-06-17 22:18:01,227 - aiogram.dispatcher - INFO - Run polling for bot @boredombot_bot id=7576088488 - 'boredom bot'
2025-06-17 22:18:04,147 - handlers.word_game - INFO - Opened word game menu
2025-06-17 22:18:04,425 - aiogram.event - INFO - Update id=926862638 is handled. Duration 281 ms by bot id=7576088488
2025-06-17 22:18:08,956 - handlers.main - INFO - РџРѕР»СЊР·РѕРІР°С‚РµР»СЊ 1009310689 (APECTOBAH_3A_TEPAKT_B_KPOKUSE) Р·Р°РїСѓСЃС‚РёР» Р±РѕС‚Р°
2025-06-17 22:18:08,956 - aiogram.event - INFO - Update id=926862639 is handled. Duration 172 ms by bot id=7576088488
2025-06-17 22:18:11,740 - handlers.word_game - INFO - Opened word game menu
2025-06-17 22:18:11,870 - aiogram.event - INFO - Update id=926862640 is handled. Duration 125 ms by bot id=7576088488
2025-06-17 22:18:13,928 - handlers.word_game - INFO - word_handler triggered with word:random
2025-06-17 22:18:13,928 - handlers.word_game - INFO - Game started for user 1009310689: 'Р°РІС‚РѕРјРѕР±РёР»СЊ'
2025-06-17 22:18:14,235 - aiogram.event - INFO - Update id=926862641 is handled. Duration 312 ms by bot id=7576088488
2025-06-17 22:18:56,003 - handlers.word_game - INFO - User 1009310689 guessed: 'Р°РІС‚РѕРјРѕgbkm'
2025-06-17 22:18:56,230 - handlers.word_game - INFO - Sent to 1009310689: рџ”¤ <b>РЈРіР°РґР°Р№ СЃР»РѕРІРѕ</b>

рџЋЇ РЎР»РѕРІРѕ: _ _ _ _ _ _ _ _ _ _
рџ“ќ РџРѕРґСЃРєР°Р·РєР°: рџ’Ў Р”Р»РёРЅРЅРѕРµ СЃР»РѕРІРѕ РёР· 10 Р±СѓРєРІ
рџ“‚ РљР°С‚РµРіРѕСЂРёСЏ: РћР±С‰РёРµ СЃР»РѕРІР°
рџ”¤ РџРµСЂРІР°СЏ Р±СѓРєРІР°: <b>Рђ</b>
рџ“Љ РћС‚РіР°РґР°РЅРѕ Р±СѓРєРІ: 0/9
вњ… РџСЂР°РІРёР»СЊРЅС‹Рµ: вЂ”
вќЊ РќРµРїСЂР°РІРёР»СЊРЅС‹Рµ: вЂ”
вќ¤пёЏ РћСЃС‚Р°Р»РѕСЃСЊ РїРѕРїС‹С‚РѕРє: 5
рџ’Ў РџРѕРґСЃРєР°Р·РѕРє РѕСЃС‚Р°Р»РѕСЃСЊ: 2

<i>РќР°РїРёС€Рё Р±СѓРєРІСѓ, СЃР»РѕРІРѕ РёР»Рё 'РїРѕРґСЃРєР°Р·РєР°':</i>
вќЊ РќРµРІРµСЂРЅРѕ, РѕСЃС‚Р°Р»РѕСЃСЊ 5 РїРѕРїС‹С‚РѕРє.
2025-06-17 22:18:56,230 - aiogram.event - INFO - Update id=926862642 is handled. Duration 219 ms by bot id=7576088488
2025-06-17 22:19:09,996 - handlers.word_game - INFO - User 1009310689 guessed: 'РїРѕРґСЃРєР°Р·РєР°'
2025-06-17 22:19:10,119 - handlers.word_game - INFO - Sent to 1009310689: рџ”¤ <b>РЈРіР°РґР°Р№ СЃР»РѕРІРѕ</b>

рџЋЇ РЎР»РѕРІРѕ: Р° _ _ Рѕ _ Рѕ _ Рё _ _
рџ“ќ РџРѕРґСЃРєР°Р·РєР°: рџ’Ў Р”Р»РёРЅРЅРѕРµ СЃР»РѕРІРѕ РёР· 10 Р±СѓРєРІ
рџ“‚ РљР°С‚РµРіРѕСЂРёСЏ: РћР±С‰РёРµ СЃР»РѕРІР°
рџ”¤ РџРѕСЃР»РµРґРЅСЏСЏ Р±СѓРєРІР°: <b>Р¬</b>
рџ“Љ РћС‚РіР°РґР°РЅРѕ Р±СѓРєРІ: 4/9
вњ… РџСЂР°РІРёР»СЊРЅС‹Рµ: Р°, Рё, Рѕ
вќЊ РќРµРїСЂР°РІРёР»СЊРЅС‹Рµ: вЂ”
вќ¤пёЏ РћСЃС‚Р°Р»РѕСЃСЊ РїРѕРїС‹С‚РѕРє: 5
рџ’Ў РџРѕРґСЃРєР°Р·РѕРє РѕСЃС‚Р°Р»РѕСЃСЊ: 1

<i>РќР°РїРёС€Рё Р±СѓРєРІСѓ, СЃР»РѕРІРѕ РёР»Рё 'РїРѕРґСЃРєР°Р·РєР°':</i>
рџ’Ў РџРѕРґСЃРєР°Р·РєР°: РѕС‚РєСЂС‹С‚С‹ РІСЃРµ РіР»Р°СЃРЅС‹Рµ Р±СѓРєРІС‹! (РѕСЃС‚Р°Р»РѕСЃСЊ 1 РїРѕРґСЃРєР°Р·РѕРє)
2025-06-17 22:19:10,121 - aiogram.event - INFO - Update id=926862643 is handled. Duration 125 ms by bot id=7576088488
2025-06-17 22:19:17,611 - handlers.word_game - INFO - User 1009310689 guessed: 'РїРѕРґСЃРєР°Р·РєР°'
2025-06-17 22:19:17,703 - handlers.word_game - INFO - Sent to 1009310689: рџ”¤ <b>РЈРіР°РґР°Р№ СЃР»РѕРІРѕ</b>

рџЋЇ РЎР»РѕРІРѕ: Р° _ _ Рѕ _ Рѕ _ Рё _ _
рџ“ќ РџРѕРґСЃРєР°Р·РєР°: рџ’Ў Р”Р»РёРЅРЅРѕРµ СЃР»РѕРІРѕ РёР· 10 Р±СѓРєРІ
рџ“‚ РљР°С‚РµРіРѕСЂРёСЏ: РћР±С‰РёРµ СЃР»РѕРІР°
рџ”¤ РџРѕСЃР»РµРґРЅСЏСЏ Р±СѓРєРІР°: <b>Р¬</b>
рџ“Љ РћС‚РіР°РґР°РЅРѕ Р±СѓРєРІ: 4/9
вњ… РџСЂР°РІРёР»СЊРЅС‹Рµ: Р°, Рё, Рѕ
вќЊ РќРµРїСЂР°РІРёР»СЊРЅС‹Рµ: вЂ”
вќ¤пёЏ РћСЃС‚Р°Р»РѕСЃСЊ РїРѕРїС‹С‚РѕРє: 5
рџ’Ў РџРѕРґСЃРєР°Р·РѕРє РѕСЃС‚Р°Р»РѕСЃСЊ: 0

<i>РќР°РїРёС€Рё Р±СѓРєРІСѓ, СЃР»РѕРІРѕ РёР»Рё 'РїРѕРґСЃРєР°Р·РєР°':</i>
рџ’Ў РџРѕРґСЃРєР°Р·РєР°: РѕС‚РєСЂС‹С‚С‹ РІСЃРµ РіР»Р°СЃРЅС‹Рµ Р±СѓРєРІС‹! (РѕСЃС‚Р°Р»РѕСЃСЊ 0 РїРѕРґСЃРєР°Р·РѕРє)
2025-06-17 22:19:17,703 - aiogram.event - INFO - Update id=926862644 is handled. Duration 93 ms by bot id=7576088488
2025-06-17 22:19:24,511 - handlers.word_game - INFO - User 1009310689 guessed: 'Р°РІС‚РѕРјРѕР±РёР»СЊ'
2025-06-17 22:19:24,643 - handlers.word_game - INFO - Sent to 1009310689: рџЋ‰ РџСЂР°РІРёР»СЊРЅРѕ! Р­С‚Рѕ Р±С‹Р»Рѕ СЃР»РѕРІРѕ <b>Р°РІС‚РѕРјРѕР±РёР»СЊ</b>. +15 РѕС‡РєРѕРІ.
2025-06-17 22:19:24,643 - aiogram.event - INFO - Update id=926862645 is handled. Duration 140 ms by bot id=7576088488
2025-06-17 22:19:25,833 - handlers.word_game - INFO - Opened word game menu
2025-06-17 22:19:26,026 - aiogram.event - INFO - Update id=926862646 is handled. Duration 187 ms by bot id=7576088488
2025-06-17 22:19:27,335 - handlers.word_game - INFO - word_handler triggered with word:short
2025-06-17 22:19:27,335 - handlers.word_game - INFO - Game started for user 1009310689: 'РєРѕС‚'
2025-06-17 22:19:27,475 - aiogram.event - INFO - Update id=926862647 is handled. Duration 140 ms by bot id=7576088488
2025-06-17 22:19:31,303 - handlers.word_game - INFO - User 1009310689 guessed: 'РєРѕС‚'
2025-06-17 22:19:31,305 - data - INFO - РџРѕР»СЊР·РѕРІР°С‚РµР»СЊ 1009310689 РїРѕР»СѓС‡РёР» РґРѕСЃС‚РёР¶РµРЅРёРµ: рџ’Ї 100 РѕС‡РєРѕРІ
2025-06-17 22:19:31,437 - handlers.word_game - INFO - Sent to 1009310689: рџЋ‰ РџСЂР°РІРёР»СЊРЅРѕ! Р­С‚Рѕ Р±С‹Р»Рѕ СЃР»РѕРІРѕ <b>РєРѕС‚</b>. +7 РѕС‡РєРѕРІ (+2 Р±РѕРЅСѓСЃ Р·Р° РѕС‚РіР°РґС‹РІР°РЅРёРµ Р±РµР· РїРѕРґСЃРєР°Р·РѕРє!).
2025-06-17 22:19:31,437 - aiogram.event - INFO - Update id=926862648 is handled. Duration 140 ms by bot id=7576088488
2025-06-17 22:19:33,108 - handlers.word_game - INFO - Opened word game menu
2025-06-17 22:19:33,234 - aiogram.event - INFO - Update id=926862649 is handled. Duration 140 ms by bot id=7576088488
2025-06-17 22:19:33,921 - handlers.word_game - INFO - word_handler triggered with word:short
2025-06-17 22:19:33,923 - handlers.word_game - INFO - Game started for user 1009310689: 'РјРёСЂ'
2025-06-17 22:19:34,043 - aiogram.event - INFO - Update id=926862650 is handled. Duration 125 ms by bot id=7576088488
2025-06-17 22:19:36,970 - handlers.word_game - INFO - User 1009310689 guessed: 'РјРёСЂ'
2025-06-17 22:19:37,050 - handlers.word_game - INFO - Sent to 1009310689: рџЋ‰ РџСЂР°РІРёР»СЊРЅРѕ! Р­С‚Рѕ Р±С‹Р»Рѕ СЃР»РѕРІРѕ <b>РјРёСЂ</b>. +7 РѕС‡РєРѕРІ (+2 Р±РѕРЅСѓСЃ Р·Р° РѕС‚РіР°РґС‹РІР°РЅРёРµ Р±РµР· РїРѕРґСЃРєР°Р·РѕРє!).
2025-06-17 22:19:37,050 - aiogram.event - INFO - Update id=926862651 is handled. Duration 78 ms by bot id=7576088488
2025-06-17 22:19:38,910 - handlers.word_game - INFO - Opened word game menu
2025-06-17 22:19:39,033 - aiogram.event - INFO - Update id=926862652 is handled. Duration 125 ms by bot id=7576088488
2025-06-17 22:19:39,742 - handlers.word_game - INFO - word_handler triggered with word:short
2025-06-17 22:19:39,742 - handlers.word_game - INFO - Game started for user 1009310689: 'СЃР°Рґ'
2025-06-17 22:19:39,867 - aiogram.event - INFO - Update id=926862653 is handled. Duration 125 ms by bot id=7576088488
2025-06-17 22:19:47,600 - handlers.word_game - INFO - User 1009310689 guessed: 'СЃРѕРЅ'
2025-06-17 22:19:47,695 - handlers.word_game - INFO - Sent to 1009310689: рџ”¤ <b>РЈРіР°РґР°Р№ СЃР»РѕРІРѕ</b>

рџЋЇ РЎР»РѕРІРѕ: _ _ _
рџ“ќ РџРѕРґСЃРєР°Р·РєР°: рџ’Ў РљРѕСЂРѕС‚РєРѕРµ СЃР»РѕРІРѕ РёР· 3 Р±СѓРєРІ
рџ“‚ РљР°С‚РµРіРѕСЂРёСЏ: РћР±С‰РёРµ СЃР»РѕРІР°
рџ”¤ РџРµСЂРІР°СЏ Р±СѓРєРІР°: <b>РЎ</b>
рџ“Љ РћС‚РіР°РґР°РЅРѕ Р±СѓРєРІ: 0/3
вњ… РџСЂР°РІРёР»СЊРЅС‹Рµ: вЂ”
вќЊ РќРµРїСЂР°РІРёР»СЊРЅС‹Рµ: вЂ”
вќ¤пёЏ РћСЃС‚Р°Р»РѕСЃСЊ РїРѕРїС‹С‚РѕРє: 5
рџ’Ў РџРѕРґСЃРєР°Р·РѕРє РѕСЃС‚Р°Р»РѕСЃСЊ: 2

<i>РќР°РїРёС€Рё Р±СѓРєРІСѓ, СЃР»РѕРІРѕ РёР»Рё 'РїРѕРґСЃРєР°Р·РєР°':</i>
вќЊ РќРµРІРµСЂРЅРѕ, РѕСЃС‚Р°Р»РѕСЃСЊ 5 РїРѕРїС‹С‚РѕРє.
2025-06-17 22:19:47,696 - aiogram.event - INFO - Update id=926862654 is handled. Duration 94 ms by bot id=7576088488
2025-06-17 22:20:03,236 - handlers.word_game - INFO - User 1009310689 guessed: 'СЃР°С‚'
2025-06-17 22:20:03,400 - handlers.word_game - INFO - Sent to 1009310689: рџ”¤ <b>РЈРіР°РґР°Р№ СЃР»РѕРІРѕ</b>

рџЋЇ РЎР»РѕРІРѕ: _ _ _
рџ“ќ РџРѕРґСЃРєР°Р·РєР°: рџ’Ў РљРѕСЂРѕС‚РєРѕРµ СЃР»РѕРІРѕ РёР· 3 Р±СѓРєРІ
рџ“‚ РљР°С‚РµРіРѕСЂРёСЏ: РћР±С‰РёРµ СЃР»РѕРІР°
рџ”¤ РџРµСЂРІР°СЏ Р±СѓРєРІР°: <b>РЎ</b>
рџ“Љ РћС‚РіР°РґР°РЅРѕ Р±СѓРєРІ: 0/3
вњ… РџСЂР°РІРёР»СЊРЅС‹Рµ: вЂ”
вќЊ РќРµРїСЂР°РІРёР»СЊРЅС‹Рµ: вЂ”
вќ¤пёЏ РћСЃС‚Р°Р»РѕСЃСЊ РїРѕРїС‹С‚РѕРє: 4
рџ’Ў РџРѕРґСЃРєР°Р·РѕРє РѕСЃС‚Р°Р»РѕСЃСЊ: 2

<i>РќР°РїРёС€Рё Р±СѓРєРІСѓ, СЃР»РѕРІРѕ РёР»Рё 'РїРѕРґСЃРєР°Р·РєР°':</i>
вќЊ РќРµРІРµСЂРЅРѕ, РѕСЃС‚Р°Р»РѕСЃСЊ 4 РїРѕРїС‹С‚РѕРє.
2025-06-17 22:20:03,400 - aiogram.event - INFO - Update id=926862655 is handled. Duration 155 ms by bot id=7576088488
2025-06-17 22:20:06,506 - handlers.word_game - INFO - User 1009310689 guessed: 'СЃР°Рґ'
2025-06-17 22:20:06,581 - handlers.word_game - INFO - Sent to 1009310689: рџЋ‰ РџСЂР°РІРёР»СЊРЅРѕ! Р­С‚Рѕ Р±С‹Р»Рѕ СЃР»РѕРІРѕ <b>СЃР°Рґ</b>. +7 РѕС‡РєРѕРІ (+2 Р±РѕРЅСѓСЃ Р·Р° РѕС‚РіР°РґС‹РІР°РЅРёРµ Р±РµР· РїРѕРґСЃРєР°Р·РѕРє!).
2025-06-17 22:20:06,581 - aiogram.event - INFO - Update id=926862656 is handled. Duration 78 ms by bot id=7576088488
2025-06-17 22:20:08,854 - handlers.word_game - INFO - Opened word game menu
2025-06-17 22:20:09,241 - aiogram.event - INFO - Update id=926862657 is handled. Duration 390 ms by bot id=7576088488
2025-06-17 22:20:11,057 - handlers.word_game - INFO - word_handler triggered with word:short
2025-06-17 22:20:11,057 - handlers.word_game - INFO - Game started for user 1009310689: 'Р»РµРґ'
2025-06-17 22:20:11,174 - aiogram.event - INFO - Update id=926862658 is handled. Duration 125 ms by bot id=7576088488
2025-06-17 22:20:15,881 - handlers.word_game - INFO - User 1009310689 guessed: 'Р»Р°Рє'
2025-06-17 22:20:15,948 - handlers.word_game - INFO - Sent to 1009310689: рџ”¤ <b>РЈРіР°РґР°Р№ СЃР»РѕРІРѕ</b>

рџЋЇ РЎР»РѕРІРѕ: _ _ _
рџ“ќ РџРѕРґСЃРєР°Р·РєР°: рџ’Ў РљРѕСЂРѕС‚РєРѕРµ СЃР»РѕРІРѕ РёР· 3 Р±СѓРєРІ
рџ“‚ РљР°С‚РµРіРѕСЂРёСЏ: РћР±С‰РёРµ СЃР»РѕРІР°
рџ”¤ РџРµСЂРІР°СЏ Р±СѓРєРІР°: <b>Р›</b>
рџ“Љ РћС‚РіР°РґР°РЅРѕ Р±СѓРєРІ: 0/3
вњ… РџСЂР°РІРёР»СЊРЅС‹Рµ: вЂ”
вќЊ РќРµРїСЂР°РІРёР»СЊРЅС‹Рµ: вЂ”
вќ¤пёЏ РћСЃС‚Р°Р»РѕСЃСЊ РїРѕРїС‹С‚РѕРє: 5
рџ’Ў РџРѕРґСЃРєР°Р·РѕРє РѕСЃС‚Р°Р»РѕСЃСЊ: 2

<i>РќР°РїРёС€Рё Р±СѓРєРІСѓ, СЃР»РѕРІРѕ РёР»Рё 'РїРѕРґСЃРєР°Р·РєР°':</i>
вќЊ РќРµРІРµСЂРЅРѕ, РѕСЃС‚Р°Р»РѕСЃСЊ 5 РїРѕРїС‹С‚РѕРє.
2025-06-17 22:20:15,948 - aiogram.event - INFO - Update id=926862659 is handled. Duration 63 ms by bot id=7576088488
2025-06-17 22:20:16,755 - handlers.word_game - INFO - User 1009310689 guessed: 'Р»РѕРј'
2025-06-17 22:20:16,821 - handlers.word_game - INFO - Sent to 1009310689: рџ”¤ <b>РЈРіР°РґР°Р№ СЃР»РѕРІРѕ</b>

рџЋЇ РЎР»РѕРІРѕ: _ _ _
рџ“ќ РџРѕРґСЃРєР°Р·РєР°: рџ’Ў РљРѕСЂРѕС‚РєРѕРµ СЃР»РѕРІРѕ РёР· 3 Р±СѓРєРІ
рџ“‚ РљР°С‚РµРіРѕСЂРёСЏ: РћР±С‰РёРµ СЃР»РѕРІР°
рџ”¤ РџРµСЂРІР°СЏ Р±СѓРєРІР°: <b>Р›</b>
рџ“Љ РћС‚РіР°РґР°РЅРѕ Р±СѓРєРІ: 0/3
вњ… РџСЂР°РІРёР»СЊРЅС‹Рµ: вЂ”
вќЊ РќРµРїСЂР°РІРёР»СЊРЅС‹Рµ: вЂ”
вќ¤пёЏ РћСЃС‚Р°Р»РѕСЃСЊ РїРѕРїС‹С‚РѕРє: 4
рџ’Ў РџРѕРґСЃРєР°Р·РѕРє РѕСЃС‚Р°Р»РѕСЃСЊ: 2

<i>РќР°РїРёС€Рё Р±СѓРєРІСѓ, СЃР»РѕРІРѕ РёР»Рё 'РїРѕРґСЃРєР°Р·РєР°':</i>
вќЊ РќРµРІРµСЂРЅРѕ, РѕСЃС‚Р°Р»РѕСЃСЊ 4 РїРѕРїС‹С‚РѕРє.
2025-06-17 22:20:16,821 - aiogram.event - INFO - Update id=926862660 is handled. Duration 63 ms by bot id=7576088488
2025-06-17 22:20:18,632 - handlers.word_game - INFO - User 1009310689 guessed: 'Р»РµРґ'
2025-06-17 22:20:18,636 - data - INFO - РџРѕР»СЊР·РѕРІР°С‚РµР»СЊ 1009310689 РїРѕР»СѓС‡РёР» РґРѕСЃС‚РёР¶РµРЅРёРµ: рџ“ќ Р§РµРјРїРёРѕРЅ СЃР»РѕРІ (10 СЃР»РѕРІ)
2025-06-17 22:20:18,706 - handlers.word_game - INFO - Sent to 1009310689: рџЋ‰ РџСЂР°РІРёР»СЊРЅРѕ! Р­С‚Рѕ Р±С‹Р»Рѕ СЃР»РѕРІРѕ <b>Р»РµРґ</b>. +7 РѕС‡РєРѕРІ (+2 Р±РѕРЅСѓСЃ Р·Р° РѕС‚РіР°РґС‹РІР°РЅРёРµ Р±РµР· РїРѕРґСЃРєР°Р·РѕРє!).
2025-06-17 22:20:18,706 - aiogram.event - INFO - Update id=926862661 is handled. Duration 78 ms by bot id=7576088488
2025-06-17 22:20:20,467 - handlers.word_game - INFO - Opened word game menu
2025-06-17 22:20:20,635 - aiogram.event - INFO - Update id=926862662 is handled. Duration 171 ms by bot id=7576088488
2025-06-17 22:20:21,211 - handlers.word_game - INFO - word_handler triggered with word:short
2025-06-17 22:20:21,211 - handlers.word_game - INFO - Game started for user 1009310689: 'СЃР°Рґ'
2025-06-17 22:20:21,325 - aiogram.event - INFO - Update id=926862663 is handled. Duration 110 ms by bot id=7576088488
2025-06-17 22:20:24,196 - handlers.word_game - INFO - User 1009310689 guessed: 'СЃРѕРј'
2025-06-17 22:20:24,272 - handlers.word_game - INFO - Sent to 1009310689: рџ”¤ <b>РЈРіР°РґР°Р№ СЃР»РѕРІРѕ</b>

рџЋЇ РЎР»РѕРІРѕ: _ _ _
рџ“ќ РџРѕРґСЃРєР°Р·РєР°: рџ’Ў РљРѕСЂРѕС‚РєРѕРµ СЃР»РѕРІРѕ РёР· 3 Р±СѓРєРІ
рџ“‚ РљР°С‚РµРіРѕСЂРёСЏ: РћР±С‰РёРµ СЃР»РѕРІР°
рџ”¤ РџРµСЂРІР°СЏ Р±СѓРєРІР°: <b>РЎ</b>
рџ“Љ РћС‚РіР°РґР°РЅРѕ Р±СѓРєРІ: 0/3
вњ… РџСЂР°РІРёР»СЊРЅС‹Рµ: вЂ”
вќЊ РќРµРїСЂР°РІРёР»СЊРЅС‹Рµ: вЂ”
вќ¤пёЏ РћСЃС‚Р°Р»РѕСЃСЊ РїРѕРїС‹С‚РѕРє: 5
рџ’Ў РџРѕРґСЃРєР°Р·РѕРє РѕСЃС‚Р°Р»РѕСЃСЊ: 2

<i>РќР°РїРёС€Рё Р±СѓРєРІСѓ, СЃР»РѕРІРѕ РёР»Рё 'РїРѕРґСЃРєР°Р·РєР°':</i>
вќЊ РќРµРІРµСЂРЅРѕ, РѕСЃС‚Р°Р»РѕСЃСЊ 5 РїРѕРїС‹С‚РѕРє.
2025-06-17 22:20:24,272 - aiogram.event - INFO - Update id=926862664 is handled. Duration 77 ms by bot id=7576088488
2025-06-17 22:20:25,495 - handlers.word_game - INFO - User 1009310689 guessed: 'СЃРѕРЅ'
2025-06-17 22:20:25,562 - handlers.word_game - INFO - Sent to 1009310689: рџ”¤ <b>РЈРіР°РґР°Р№ СЃР»РѕРІРѕ</b>

рџЋЇ РЎР»РѕРІРѕ: _ _ _
рџ“ќ РџРѕРґСЃРєР°Р·РєР°: рџ’Ў РљРѕСЂРѕС‚РєРѕРµ СЃР»РѕРІРѕ РёР· 3 Р±СѓРєРІ
рџ“‚ РљР°С‚РµРіРѕСЂРёСЏ: РћР±С‰РёРµ СЃР»РѕРІР°
рџ”¤ РџРµСЂРІР°СЏ Р±СѓРєРІР°: <b>РЎ</b>
рџ“Љ РћС‚РіР°РґР°РЅРѕ Р±СѓРєРІ: 0/3
вњ… РџСЂР°РІРёР»СЊРЅС‹Рµ: вЂ”
вќЊ РќРµРїСЂР°РІРёР»СЊРЅС‹Рµ: вЂ”
вќ¤пёЏ РћСЃС‚Р°Р»РѕСЃСЊ РїРѕРїС‹С‚РѕРє: 4
рџ’Ў РџРѕРґСЃРєР°Р·РѕРє РѕСЃС‚Р°Р»РѕСЃСЊ: 2

<i>РќР°РїРёС€Рё Р±СѓРєРІСѓ, СЃР»РѕРІРѕ РёР»Рё 'РїРѕРґСЃРєР°Р·РєР°':</i>
вќЊ РќРµРІРµСЂРЅРѕ, РѕСЃС‚Р°Р»РѕСЃСЊ 4 РїРѕРїС‹С‚РѕРє.
2025-06-17 22:20:25,562 - aiogram.event - INFO - Update id=926862665 is handled. Duration 78 ms by bot id=7576088488
2025-06-17 22:20:26,367 - handlers.word_game - INFO - User 1009310689 guessed: 'СЃРѕРє'
2025-06-17 22:20:26,484 - handlers.word_game - INFO - Sent to 1009310689: рџ”¤ <b>РЈРіР°РґР°Р№ СЃР»РѕРІРѕ</b>

рџЋЇ РЎР»РѕРІРѕ: _ _ _
рџ“ќ РџРѕРґСЃРєР°Р·РєР°: рџ’Ў РљРѕСЂРѕС‚РєРѕРµ СЃР»РѕРІРѕ РёР· 3 Р±СѓРєРІ
рџ“‚ РљР°С‚РµРіРѕСЂРёСЏ: РћР±С‰РёРµ СЃР»РѕРІР°
рџ”¤ РџРµСЂРІР°СЏ Р±СѓРєРІР°: <b>РЎ</b>
рџ“Љ РћС‚РіР°РґР°РЅРѕ Р±СѓРєРІ: 0/3
вњ… РџСЂР°РІРёР»СЊРЅС‹Рµ: вЂ”
вќЊ РќРµРїСЂР°РІРёР»СЊРЅС‹Рµ: вЂ”
вќ¤пёЏ РћСЃС‚Р°Р»РѕСЃСЊ РїРѕРїС‹С‚РѕРє: 3
рџ’Ў РџРѕРґСЃРєР°Р·РѕРє РѕСЃС‚Р°Р»РѕСЃСЊ: 2

<i>РќР°РїРёС€Рё Р±СѓРєРІСѓ, СЃР»РѕРІРѕ РёР»Рё 'РїРѕРґСЃРєР°Р·РєР°':</i>
вќЊ РќРµРІРµСЂРЅРѕ, РѕСЃС‚Р°Р»РѕСЃСЊ 3 РїРѕРїС‹С‚РѕРє.
2025-06-17 22:20:26,484 - aiogram.event - INFO - Update id=926862666 is handled. Duration 125 ms by bot id=7576088488
2025-06-17 22:20:30,068 - handlers.word_game - INFO - User 1009310689 guessed: 'СЃР°Рґ'
2025-06-17 22:20:30,136 - handlers.word_game - INFO - Sent to 1009310689: рџЋ‰ РџСЂР°РІРёР»СЊРЅРѕ! Р­С‚Рѕ Р±С‹Р»Рѕ СЃР»РѕРІРѕ <b>СЃР°Рґ</b>. +7 РѕС‡РєРѕРІ (+2 Р±РѕРЅСѓСЃ Р·Р° РѕС‚РіР°РґС‹РІР°РЅРёРµ Р±РµР· РїРѕРґСЃРєР°Р·РѕРє!).
2025-06-17 22:20:30,136 - aiogram.event - INFO - Update id=926862667 is handled. Duration 61 ms by bot id=7576088488
2025-06-17 22:20:31,917 - handlers.word_game - INFO - Opened word game menu
2025-06-17 22:20:32,199 - aiogram.event - INFO - Update id=926862668 is handled. Duration 282 ms by bot id=7576088488
2025-06-17 22:20:32,712 - handlers.word_game - INFO - word_handler triggered with word:short
2025-06-17 22:20:32,712 - handlers.word_game - INFO - Game started for user 1009310689: 'Р»РµРґ'
2025-06-17 22:20:32,857 - aiogram.event - INFO - Update id=926862669 is handled. Duration 140 ms by bot id=7576088488
2025-06-17 22:20:40,552 - handlers.word_game - INFO - User 1009310689 guessed: 'Р»Р°Рє'
2025-06-17 22:20:40,622 - handlers.word_game - INFO - Sent to 1009310689: рџ”¤ <b>РЈРіР°РґР°Р№ СЃР»РѕРІРѕ</b>

рџЋЇ РЎР»РѕРІРѕ: _ _ _
рџ“ќ РџРѕРґСЃРєР°Р·РєР°: рџ’Ў РљРѕСЂРѕС‚РєРѕРµ СЃР»РѕРІРѕ РёР· 3 Р±СѓРєРІ
рџ“‚ РљР°С‚РµРіРѕСЂРёСЏ: РћР±С‰РёРµ СЃР»РѕРІР°
рџ”¤ РџРµСЂРІР°СЏ Р±СѓРєРІР°: <b>Р›</b>
рџ“Љ РћС‚РіР°РґР°РЅРѕ Р±СѓРєРІ: 0/3
вњ… РџСЂР°РІРёР»СЊРЅС‹Рµ: вЂ”
вќЊ РќРµРїСЂР°РІРёР»СЊРЅС‹Рµ: вЂ”
вќ¤пёЏ РћСЃС‚Р°Р»РѕСЃСЊ РїРѕРїС‹С‚РѕРє: 5
рџ’Ў РџРѕРґСЃРєР°Р·РѕРє РѕСЃС‚Р°Р»РѕСЃСЊ: 2

<i>РќР°РїРёС€Рё Р±СѓРєРІСѓ, СЃР»РѕРІРѕ РёР»Рё 'РїРѕРґСЃРєР°Р·РєР°':</i>
вќЊ РќРµРІРµСЂРЅРѕ, РѕСЃС‚Р°Р»РѕСЃСЊ 5 РїРѕРїС‹С‚РѕРє.
2025-06-17 22:20:40,622 - aiogram.event - INFO - Update id=926862670 is handled. Duration 62 ms by bot id=7576088488
2025-06-17 22:20:41,889 - handlers.word_game - INFO - User 1009310689 guessed: 'Р»РѕРј'
2025-06-17 22:20:41,968 - handlers.word_game - INFO - Sent to 1009310689: рџ”¤ <b>РЈРіР°РґР°Р№ СЃР»РѕРІРѕ</b>

рџЋЇ РЎР»РѕРІРѕ: _ _ _
рџ“ќ РџРѕРґСЃРєР°Р·РєР°: рџ’Ў РљРѕСЂРѕС‚РєРѕРµ СЃР»РѕРІРѕ РёР· 3 Р±СѓРєРІ
рџ“‚ РљР°С‚РµРіРѕСЂРёСЏ: РћР±С‰РёРµ СЃР»РѕРІР°
рџ”¤ РџРµСЂРІР°СЏ Р±СѓРєРІР°: <b>Р›</b>
рџ“Љ РћС‚РіР°РґР°РЅРѕ Р±СѓРєРІ: 0/3
вњ… РџСЂР°РІРёР»СЊРЅС‹Рµ: вЂ”
вќЊ РќРµРїСЂР°РІРёР»СЊРЅС‹Рµ: вЂ”
вќ¤пёЏ РћСЃС‚Р°Р»РѕСЃСЊ РїРѕРїС‹С‚РѕРє: 4
рџ’Ў РџРѕРґСЃРєР°Р·РѕРє РѕСЃС‚Р°Р»РѕСЃСЊ: 2

<i>РќР°РїРёС€Рё Р±СѓРєРІСѓ, СЃР»РѕРІРѕ РёР»Рё 'РїРѕРґСЃРєР°Р·РєР°':</i>
вќЊ РќРµРІРµСЂРЅРѕ, РѕСЃС‚Р°Р»РѕСЃСЊ 4 РїРѕРїС‹С‚РѕРє.
2025-06-17 22:20:41,968 - aiogram.event - INFO - Update id=926862671 is handled. Duration 94 ms by bot id=7576088488
2025-06-17 22:20:45,799 - handlers.word_game - INFO - User 1009310689 guessed: 'Р»РµСЃ'
2025-06-17 22:20:45,885 - handlers.word_game - INFO - Sent to 1009310689: рџ”¤ <b>РЈРіР°РґР°Р№ СЃР»РѕРІРѕ</b>

рџЋЇ РЎР»РѕРІРѕ: _ _ _
рџ“ќ РџРѕРґСЃРєР°Р·РєР°: рџ’Ў РљРѕСЂРѕС‚РєРѕРµ СЃР»РѕРІРѕ РёР· 3 Р±СѓРєРІ
рџ“‚ РљР°С‚РµРіРѕСЂРёСЏ: РћР±С‰РёРµ СЃР»РѕРІР°
рџ”¤ РџРµСЂРІР°СЏ Р±СѓРєРІР°: <b>Р›</b>
рџ“Љ РћС‚РіР°РґР°РЅРѕ Р±СѓРєРІ: 0/3
вњ… РџСЂР°РІРёР»СЊРЅС‹Рµ: вЂ”
вќЊ РќРµРїСЂР°РІРёР»СЊРЅС‹Рµ: вЂ”
вќ¤пёЏ РћСЃС‚Р°Р»РѕСЃСЊ РїРѕРїС‹С‚РѕРє: 3
рџ’Ў РџРѕРґСЃРєР°Р·РѕРє РѕСЃС‚Р°Р»РѕСЃСЊ: 2

<i>РќР°РїРёС€Рё Р±СѓРєРІСѓ, СЃР»РѕРІРѕ РёР»Рё 'РїРѕРґСЃРєР°Р·РєР°':</i>
вќЊ РќРµРІРµСЂРЅРѕ, РѕСЃС‚Р°Р»РѕСЃСЊ 3 РїРѕРїС‹С‚РѕРє.
2025-06-17 22:20:45,887 - aiogram.event - INFO - Update id=926862672 is handled. Duration 77 ms by bot id=7576088488
2025-06-17 22:20:50,823 - handlers.word_game - INFO - User 1009310689 guessed: 'Р»СЋРє'
2025-06-17 22:20:51,007 - handlers.word_game - INFO - Sent to 1009310689: рџ”¤ <b>РЈРіР°РґР°Р№ СЃР»РѕРІРѕ</b>

рџЋЇ РЎР»РѕРІРѕ: _ _ _
рџ“ќ РџРѕРґСЃРєР°Р·РєР°: рџ’Ў РљРѕСЂРѕС‚РєРѕРµ СЃР»РѕРІРѕ РёР· 3 Р±СѓРєРІ
рџ“‚ РљР°С‚РµРіРѕСЂРёСЏ: РћР±С‰РёРµ СЃР»РѕРІР°
рџ”¤ РџРµСЂРІР°СЏ Р±СѓРєРІР°: <b>Р›</b>
рџ“Љ РћС‚РіР°РґР°РЅРѕ Р±СѓРєРІ: 0/3
вњ… РџСЂР°РІРёР»СЊРЅС‹Рµ: вЂ”
вќЊ РќРµРїСЂР°РІРёР»СЊРЅС‹Рµ: вЂ”
вќ¤пёЏ РћСЃС‚Р°Р»РѕСЃСЊ РїРѕРїС‹С‚РѕРє: 2
рџ’Ў РџРѕРґСЃРєР°Р·РѕРє РѕСЃС‚Р°Р»РѕСЃСЊ: 2

<i>РќР°РїРёС€Рё Р±СѓРєРІСѓ, СЃР»РѕРІРѕ РёР»Рё 'РїРѕРґСЃРєР°Р·РєР°':</i>
вќЊ РќРµРІРµСЂРЅРѕ, РѕСЃС‚Р°Р»РѕСЃСЊ 2 РїРѕРїС‹С‚РѕРє.
2025-06-17 22:20:51,007 - aiogram.event - INFO - Update id=926862673 is handled. Duration 186 ms by bot id=7576088488
2025-06-17 22:21:28,747 - handlers.word_game - INFO - User 1009310689 guessed: 'Р»РµРґ'
2025-06-17 22:21:29,060 - handlers.word_game - INFO - Sent to 1009310689: рџЋ‰ РџСЂР°РІРёР»СЊРЅРѕ! Р­С‚Рѕ Р±С‹Р»Рѕ СЃР»РѕРІРѕ <b>Р»РµРґ</b>. +7 РѕС‡РєРѕРІ (+2 Р±РѕРЅСѓСЃ Р·Р° РѕС‚РіР°РґС‹РІР°РЅРёРµ Р±РµР· РїРѕРґСЃРєР°Р·РѕРє!).
2025-06-17 22:21:29,060 - aiogram.event - INFO - Update id=926862674 is handled. Duration 312 ms by bot id=7576088488
2025-06-17 22:21:30,733 - handlers.word_game - INFO - Opened word game menu
2025-06-17 22:21:30,850 - aiogram.event - INFO - Update id=926862675 is handled. Duration 125 ms by bot id=7576088488
2025-06-17 22:21:34,060 - handlers.word_game - INFO - word_handler triggered with word:hard
2025-06-17 22:21:34,060 - handlers.word_game - INFO - Game started for user 1009310689: 'РґРёС„С„РµСЂРµРЅС†РёР°Р»'
2025-06-17 22:21:34,177 - aiogram.event - INFO - Update id=926862676 is handled. Duration 125 ms by bot id=7576088488
2025-06-17 22:21:47,247 - handlers.word_game - INFO - User 1009310689 guessed: 'РґРёС„С„РµСЂРµРЅС†РёР°Р»'
2025-06-17 22:21:47,345 - handlers.word_game - INFO - Sent to 1009310689: рџЋ‰ РџСЂР°РІРёР»СЊРЅРѕ! Р­С‚Рѕ Р±С‹Р»Рѕ СЃР»РѕРІРѕ <b>РґРёС„С„РµСЂРµРЅС†РёР°Р»</b>. +30 РѕС‡РєРѕРІ (+10 Р±РѕРЅСѓСЃ Р·Р° РѕС‚РіР°РґС‹РІР°РЅРёРµ Р±РµР· РїРѕРґСЃРєР°Р·РѕРє!).
2025-06-17 22:21:47,347 - aiogram.event - INFO - Update id=926862677 is handled. Duration 109 ms by bot id=7576088488
2025-06-17 22:21:49,888 - handlers.word_game - INFO - Opened word game menu
2025-06-17 22:21:50,147 - aiogram.event - INFO - Update id=926862678 is handled. Duration 265 ms by bot id=7576088488
2025-06-17 22:21:51,044 - handlers.word_game - INFO - word_handler triggered with word:hard
2025-06-17 22:21:51,044 - handlers.word_game - INFO - Game started for user 1009310689: 'РїСЂРѕРіСЂР°РјРјРёСЂРѕРІР°РЅРёРµ'
2025-06-17 22:21:51,168 - aiogram.event - INFO - Update id=926862679 is handled. Duration 125 ms by bot id=7576088488
2025-06-17 22:21:56,749 - handlers.word_game - INFO - User 1009310689 guessed: 'РїСЂРѕРіСЂР°РјРјРёСЂРѕРІР°РЅРёРµ'
2025-06-17 22:21:56,850 - handlers.word_game - INFO - Sent to 1009310689: рџЋ‰ РџСЂР°РІРёР»СЊРЅРѕ! Р­С‚Рѕ Р±С‹Р»Рѕ СЃР»РѕРІРѕ <b>РїСЂРѕРіСЂР°РјРјРёСЂРѕРІР°РЅРёРµ</b>. +30 РѕС‡РєРѕРІ (+10 Р±РѕРЅСѓСЃ Р·Р° РѕС‚РіР°РґС‹РІР°РЅРёРµ Р±РµР· РїРѕРґСЃРєР°Р·РѕРє!).
2025-06-17 22:21:56,850 - aiogram.event - INFO - Update id=926862680 is handled. Duration 109 ms by bot id=7576088488
2025-06-17 22:21:57,758 - handlers.word_game - INFO - Opened word game menu
2025-06-17 22:21:58,069 - aiogram.event - INFO - Update id=926862681 is handled. Duration 313 ms by bot id=7576088488
2025-06-17 22:22:15,031 - handlers.word_game - INFO - word_handler triggered with word:short
2025-06-17 22:22:15,031 - handlers.word_game - INFO - Game started for user 1009310689: 'РѕРіРѕРЅСЊ'
2025-06-17 22:22:15,431 - aiogram.event - INFO - Update id=926862682 is handled. Duration 406 ms by bot id=7576088488
2025-06-17 22:22:27,476 - handlers.word_game - INFO - Opened word game menu
2025-06-17 22:22:27,596 - aiogram.event - INFO - Update id=926862683 is handled. Duration 125 ms by bot id=7576088488
2025-06-17 22:22:28,186 - handlers.word_game - INFO - word_handler triggered with word:short
2025-06-17 22:22:28,186 - handlers.word_game - INFO - Game started for user 1009310689: 'РјРѕСЂРµ'
2025-06-17 22:22:28,320 - aiogram.event - INFO - Update id=926862684 is handled. Duration 140 ms by bot id=7576088488
2025-06-17 22:22:29,796 - handlers.word_game - INFO - User 1009310689 guessed: 'Р°РІС‹Р°'
2025-06-17 22:22:29,894 - handlers.word_game - INFO - Sent to 1009310689: рџ”¤ <b>РЈРіР°РґР°Р№ СЃР»РѕРІРѕ</b>

рџЋЇ РЎР»РѕРІРѕ: _ _ _ _
рџ“ќ РџРѕРґСЃРєР°Р·РєР°: рџЊЉ Р‘РѕР»СЊС€Р°СЏ РІРѕРґР° СЃ СЃРѕР»РµРЅРѕР№ РІРѕРґРѕР№
рџ“‚ РљР°С‚РµРіРѕСЂРёСЏ: РџСЂРёСЂРѕРґР°
рџ”¤ РџРµСЂРІР°СЏ Р±СѓРєРІР°: <b>Рњ</b>
рџ“Љ РћС‚РіР°РґР°РЅРѕ Р±СѓРєРІ: 0/4
вњ… РџСЂР°РІРёР»СЊРЅС‹Рµ: вЂ”
вќЊ РќРµРїСЂР°РІРёР»СЊРЅС‹Рµ: вЂ”
вќ¤пёЏ РћСЃС‚Р°Р»РѕСЃСЊ РїРѕРїС‹С‚РѕРє: 5
рџ’Ў РџРѕРґСЃРєР°Р·РѕРє РѕСЃС‚Р°Р»РѕСЃСЊ: 2

<i>РќР°РїРёС€Рё Р±СѓРєРІСѓ, СЃР»РѕРІРѕ РёР»Рё 'РїРѕРґСЃРєР°Р·РєР°':</i>
вќЊ РќРµРІРµСЂРЅРѕ, РѕСЃС‚Р°Р»РѕСЃСЊ 5 РїРѕРїС‹С‚РѕРє.
2025-06-17 22:22:29,894 - aiogram.event - INFO - Update id=926862685 is handled. Duration 110 ms by bot id=7576088488
2025-06-17 22:36:52,396 - aiogram.dispatcher - INFO - Polling stopped
2025-06-17 22:36:52,396 - __main__ - INFO - Р‘РѕС‚ РѕСЃС‚Р°РЅР°РІР»РёРІР°РµС‚СЃСЏ...
2025-06-17 22:36:52,659 - aiogram.dispatcher - INFO - Polling stopped for bot @boredombot_bot id=7576088488 - 'boredom bot'
2025-06-17 22:36:52,660 - __main__ - INFO - Р‘РѕС‚ РѕСЃС‚Р°РЅРѕРІР»РµРЅ РїРѕР»СЊР·РѕРІР°С‚РµР»РµРј
2025-06-17 22:37:00,457 - __main__ - INFO - РќР°С‡РёРЅР°СЋ polling...
2025-06-17 22:37:00,458 - __main__ - INFO - Р‘РѕС‚ Р·Р°РїСѓСЃРєР°РµС‚СЃСЏ...
2025-06-17 22:37:00,458 - aiogram.dispatcher - INFO - Start polling
2025-06-17 22:37:00,605 - aiogram.dispatcher - INFO - Run polling for bot @boredombot_bot id=7576088488 - 'boredom bot'
2025-06-17 22:37:33,334 - handlers.main - INFO - РџРѕР»СЊР·РѕРІР°С‚РµР»СЊ 1009310689 (APECTOBAH_3A_TEPAKT_B_KPOKUSE) Р·Р°РїСѓСЃС‚РёР» Р±РѕС‚Р°
2025-06-17 22:37:33,334 - aiogram.event - INFO - Update id=926862686 is handled. Duration 264 ms by bot id=7576088488
2025-06-17 22:37:34,933 - handlers.word_game - INFO - Opened word game menu
2025-06-17 22:37:35,131 - aiogram.event - INFO - Update id=926862687 is handled. Duration 202 ms by bot id=7576088488
2025-06-17 22:37:36,073 - handlers.word_game - INFO - word_handler triggered with word:short
2025-06-17 22:37:36,073 - handlers.word_game - INFO - Game started for user 1009310689: 'РјРёСЂ'
2025-06-17 22:37:36,207 - aiogram.event - INFO - Update id=926862688 is handled. Duration 139 ms by bot id=7576088488
2025-06-17 22:37:43,060 - handlers.word_game - INFO - User 1009310689 guessed: 'РјРµРґ'
2025-06-17 22:37:43,191 - handlers.word_game - INFO - Sent to 1009310689: рџ”¤ <b>РЈРіР°РґР°Р№ СЃР»РѕРІРѕ</b>

рџЋЇ РЎР»РѕРІРѕ: _ _ _
рџ“ќ РџРѕРґСЃРєР°Р·РєР°: None
рџ“‚ РљР°С‚РµРіРѕСЂРёСЏ: РћР±С‰РёРµ СЃР»РѕРІР°
рџ”¤ РџРµСЂРІР°СЏ Р±СѓРєРІР°: <b>Рњ</b>
рџ“Љ РћС‚РіР°РґР°РЅРѕ Р±СѓРєРІ: 0/3
вњ… РџСЂР°РІРёР»СЊРЅС‹Рµ: вЂ”
вќЊ РќРµРїСЂР°РІРёР»СЊРЅС‹Рµ: вЂ”
вќ¤пёЏ РћСЃС‚Р°Р»РѕСЃСЊ РїРѕРїС‹С‚РѕРє: 5
рџ’Ў РџРѕРґСЃРєР°Р·РѕРє РѕСЃС‚Р°Р»РѕСЃСЊ: 2

<i>РќР°РїРёС€Рё Р±СѓРєРІСѓ, СЃР»РѕРІРѕ РёР»Рё 'РїРѕРґСЃРєР°Р·РєР°':</i>
вќЊ РќРµРІРµСЂРЅРѕ, РѕСЃС‚Р°Р»РѕСЃСЊ 5 РїРѕРїС‹С‚РѕРє.
2025-06-17 22:37:43,192 - aiogram.event - INFO - Update id=926862689 is handled. Duration 140 ms by bot id=7576088488
2025-06-17 22:37:47,891 - handlers.word_game - INFO - User 1009310689 guessed: 'РјРѕРґ'
2025-06-17 22:37:47,976 - handlers.word_game - INFO - Sent to 1009310689: рџ”¤ <b>РЈРіР°РґР°Р№ СЃР»РѕРІРѕ</b>

рџЋЇ РЎР»РѕРІРѕ: _ _ _
рџ“ќ РџРѕРґСЃРєР°Р·РєР°: None
рџ“‚ РљР°С‚РµРіРѕСЂРёСЏ: РћР±С‰РёРµ СЃР»РѕРІР°
рџ”¤ РџРµСЂРІР°СЏ Р±СѓРєРІР°: <b>Рњ</b>
рџ“Љ РћС‚РіР°РґР°РЅРѕ Р±СѓРєРІ: 0/3
вњ… РџСЂР°РІРёР»СЊРЅС‹Рµ: вЂ”
вќЊ РќРµРїСЂР°РІРёР»СЊРЅС‹Рµ: вЂ”
вќ¤пёЏ РћСЃС‚Р°Р»РѕСЃСЊ РїРѕРїС‹С‚РѕРє: 4
рџ’Ў РџРѕРґСЃРєР°Р·РѕРє РѕСЃС‚Р°Р»РѕСЃСЊ: 2

<i>РќР°РїРёС€Рё Р±СѓРєРІСѓ, СЃР»РѕРІРѕ РёР»Рё 'РїРѕРґСЃРєР°Р·РєР°':</i>
вќЊ РќРµРІРµСЂРЅРѕ, РѕСЃС‚Р°Р»РѕСЃСЊ 4 РїРѕРїС‹С‚РѕРє.
2025-06-17 22:37:47,976 - aiogram.event - INFO - Update id=926862690 is handled. Duration 94 ms by bot id=7576088488
2025-06-17 22:37:51,345 - handlers.word_game - INFO - User 1009310689 guessed: 'РјРѕС…'
2025-06-17 22:37:51,410 - handlers.word_game - INFO - Sent to 1009310689: рџ”¤ <b>РЈРіР°РґР°Р№ СЃР»РѕРІРѕ</b>

рџЋЇ РЎР»РѕРІРѕ: _ _ _
рџ“ќ РџРѕРґСЃРєР°Р·РєР°: None
рџ“‚ РљР°С‚РµРіРѕСЂРёСЏ: РћР±С‰РёРµ СЃР»РѕРІР°
рџ”¤ РџРµСЂРІР°СЏ Р±СѓРєРІР°: <b>Рњ</b>
рџ“Љ РћС‚РіР°РґР°РЅРѕ Р±СѓРєРІ: 0/3
вњ… РџСЂР°РІРёР»СЊРЅС‹Рµ: вЂ”
вќЊ РќРµРїСЂР°РІРёР»СЊРЅС‹Рµ: вЂ”
вќ¤пёЏ РћСЃС‚Р°Р»РѕСЃСЊ РїРѕРїС‹С‚РѕРє: 3
рџ’Ў РџРѕРґСЃРєР°Р·РѕРє РѕСЃС‚Р°Р»РѕСЃСЊ: 2

<i>РќР°РїРёС€Рё Р±СѓРєРІСѓ, СЃР»РѕРІРѕ РёР»Рё 'РїРѕРґСЃРєР°Р·РєР°':</i>
вќЊ РќРµРІРµСЂРЅРѕ, РѕСЃС‚Р°Р»РѕСЃСЊ 3 РїРѕРїС‹С‚РѕРє.
2025-06-17 22:37:51,410 - aiogram.event - INFO - Update id=926862691 is handled. Duration 61 ms by bot id=7576088488
2025-06-17 22:38:07,105 - handlers.word_game - INFO - User 1009310689 guessed: 'РјРёСЂ'
2025-06-17 22:38:07,294 - handlers.word_game - INFO - Sent to 1009310689: рџЋ‰ РџСЂР°РІРёР»СЊРЅРѕ! Р­С‚Рѕ Р±С‹Р»Рѕ СЃР»РѕРІРѕ <b>РјРёСЂ</b>. +7 РѕС‡РєРѕРІ (+2 Р±РѕРЅСѓСЃ Р·Р° РѕС‚РіР°РґС‹РІР°РЅРёРµ Р±РµР· РїРѕРґСЃРєР°Р·РѕРє!).
2025-06-17 22:38:07,294 - aiogram.event - INFO - Update id=926862692 is handled. Duration 186 ms by bot id=7576088488
2025-06-17 22:38:09,366 - handlers.word_game - INFO - Opened word game menu
2025-06-17 22:38:09,480 - aiogram.event - INFO - Update id=926862693 is handled. Duration 109 ms by bot id=7576088488
2025-06-17 22:38:10,018 - handlers.word_game - INFO - word_handler triggered with word:short
2025-06-17 22:38:10,018 - handlers.word_game - INFO - Game started for user 1009310689: 'РґРѕРј'
2025-06-17 22:38:10,140 - aiogram.event - INFO - Update id=926862694 is handled. Duration 125 ms by bot id=7576088488
2025-06-17 22:38:14,675 - handlers.word_game - INFO - User 1009310689 guessed: 'РґРѕРј'
2025-06-17 22:38:14,747 - handlers.word_game - INFO - Sent to 1009310689: рџЋ‰ РџСЂР°РІРёР»СЊРЅРѕ! Р­С‚Рѕ Р±С‹Р»Рѕ СЃР»РѕРІРѕ <b>РґРѕРј</b>. +7 РѕС‡РєРѕРІ (+2 Р±РѕРЅСѓСЃ Р·Р° РѕС‚РіР°РґС‹РІР°РЅРёРµ Р±РµР· РїРѕРґСЃРєР°Р·РѕРє!).
2025-06-17 22:38:14,747 - aiogram.event - INFO - Update id=926862695 is handled. Duration 62 ms by bot id=7576088488
2025-06-17 22:38:16,336 - handlers.word_game - INFO - Opened word game menu
2025-06-17 22:38:16,586 - aiogram.event - INFO - Update id=926862696 is handled. Duration 250 ms by bot id=7576088488
2025-06-17 22:38:17,231 - handlers.word_game - INFO - word_handler triggered with word:long
2025-06-17 22:38:17,232 - handlers.word_game - INFO - Game started for user 1009310689: 'С…РѕР»РѕРґРёР»СЊРЅРёРє'
2025-06-17 22:38:17,537 - aiogram.event - INFO - Update id=926862697 is handled. Duration 311 ms by bot id=7576088488
2025-06-17 22:38:28,283 - handlers.word_game - INFO - User 1009310689 guessed: 'С…РѕР»РѕРґРѕСЃ'
2025-06-17 22:38:28,360 - handlers.word_game - INFO - Sent to 1009310689: рџ”¤ <b>РЈРіР°РґР°Р№ СЃР»РѕРІРѕ</b>

рџЋЇ РЎР»РѕРІРѕ: _ _ _ _ _ _ _ _ _ _ _
рџ“ќ РџРѕРґСЃРєР°Р·РєР°: None
рџ“‚ РљР°С‚РµРіРѕСЂРёСЏ: РўРµС…РЅРёРєР°
рџ”¤ РџРµСЂРІР°СЏ Р±СѓРєРІР°: <b>РҐ</b>
рџ“Љ РћС‚РіР°РґР°РЅРѕ Р±СѓРєРІ: 0/8
вњ… РџСЂР°РІРёР»СЊРЅС‹Рµ: вЂ”
вќЊ РќРµРїСЂР°РІРёР»СЊРЅС‹Рµ: вЂ”
вќ¤пёЏ РћСЃС‚Р°Р»РѕСЃСЊ РїРѕРїС‹С‚РѕРє: 5
рџ’Ў РџРѕРґСЃРєР°Р·РѕРє РѕСЃС‚Р°Р»РѕСЃСЊ: 2

<i>РќР°РїРёС€Рё Р±СѓРєРІСѓ, СЃР»РѕРІРѕ РёР»Рё 'РїРѕРґСЃРєР°Р·РєР°':</i>
вќЊ РќРµРІРµСЂРЅРѕ, РѕСЃС‚Р°Р»РѕСЃСЊ 5 РїРѕРїС‹С‚РѕРє.
2025-06-17 22:38:28,360 - aiogram.event - INFO - Update id=926862698 is handled. Duration 79 ms by bot id=7576088488
2025-06-17 22:38:33,490 - handlers.word_game - INFO - User 1009310689 guessed: 'РїРѕРґСЃРєР°Р·РєР°'
2025-06-17 22:38:33,563 - handlers.word_game - INFO - Sent to 1009310689: рџ”¤ <b>РЈРіР°РґР°Р№ СЃР»РѕРІРѕ</b>

рџЋЇ РЎР»РѕРІРѕ: _ Рѕ _ Рѕ _ Рё _ _ _ Рё _
рџ“ќ РџРѕРґСЃРєР°Р·РєР°: None
рџ“‚ РљР°С‚РµРіРѕСЂРёСЏ: РўРµС…РЅРёРєР°

рџ“Љ РћС‚РіР°РґР°РЅРѕ Р±СѓРєРІ: 4/8
вњ… РџСЂР°РІРёР»СЊРЅС‹Рµ: Рё, Рѕ
вќЊ РќРµРїСЂР°РІРёР»СЊРЅС‹Рµ: вЂ”
вќ¤пёЏ РћСЃС‚Р°Р»РѕСЃСЊ РїРѕРїС‹С‚РѕРє: 5
рџ’Ў РџРѕРґСЃРєР°Р·РѕРє РѕСЃС‚Р°Р»РѕСЃСЊ: 1

<i>РќР°РїРёС€Рё Р±СѓРєРІСѓ, СЃР»РѕРІРѕ РёР»Рё 'РїРѕРґСЃРєР°Р·РєР°':</i>
рџ’Ў РџРѕРґСЃРєР°Р·РєР°: РѕС‚РєСЂС‹С‚С‹ РІСЃРµ РіР»Р°СЃРЅС‹Рµ Р±СѓРєРІС‹! (РѕСЃС‚Р°Р»РѕСЃСЊ 1 РїРѕРґСЃРєР°Р·РѕРє)
2025-06-17 22:38:33,563 - aiogram.event - INFO - Update id=926862699 is handled. Duration 78 ms by bot id=7576088488
2025-06-17 22:38:38,548 - handlers.word_game - INFO - User 1009310689 guessed: 'РїРѕРґСЃРєР°Р·РєР°'
2025-06-17 22:38:38,619 - handlers.word_game - INFO - Sent to 1009310689: рџ”¤ <b>РЈРіР°РґР°Р№ СЃР»РѕРІРѕ</b>

рџЋЇ РЎР»РѕРІРѕ: _ Рѕ _ Рѕ _ Рё _ _ _ Рё _
рџ“ќ РџРѕРґСЃРєР°Р·РєР°: None
рџ“‚ РљР°С‚РµРіРѕСЂРёСЏ: РўРµС…РЅРёРєР°

рџ“Љ РћС‚РіР°РґР°РЅРѕ Р±СѓРєРІ: 4/8
вњ… РџСЂР°РІРёР»СЊРЅС‹Рµ: Рё, Рѕ
вќЊ РќРµРїСЂР°РІРёР»СЊРЅС‹Рµ: вЂ”
вќ¤пёЏ РћСЃС‚Р°Р»РѕСЃСЊ РїРѕРїС‹С‚РѕРє: 5
рџ’Ў РџРѕРґСЃРєР°Р·РѕРє РѕСЃС‚Р°Р»РѕСЃСЊ: 0

<i>РќР°РїРёС€Рё Р±СѓРєРІСѓ, СЃР»РѕРІРѕ РёР»Рё 'РїРѕРґСЃРєР°Р·РєР°':</i>
рџ’Ў РџРѕРґСЃРєР°Р·РєР°: РѕС‚РєСЂС‹С‚С‹ РІСЃРµ РіР»Р°СЃРЅС‹Рµ Р±СѓРєРІС‹! (РѕСЃС‚Р°Р»РѕСЃСЊ 0 РїРѕРґСЃРєР°Р·РѕРє)
2025-06-17 22:38:38,621 - aiogram.event - INFO - Update id=926862700 is handled. Duration 62 ms by bot id=7576088488
2025-06-17 22:38:54,377 - handlers.word_game - INFO - User 1009310689 guessed: 'РїРѕРґСЃРєР°Р·РєР°'
2025-06-17 22:38:54,644 - handlers.word_game - INFO - Sent to 1009310689: рџ”¤ <b>РЈРіР°РґР°Р№ СЃР»РѕРІРѕ</b>

рџЋЇ РЎР»РѕРІРѕ: _ Рѕ _ Рѕ _ Рё _ _ _ Рё _
рџ“ќ РџРѕРґСЃРєР°Р·РєР°: None
рџ“‚ РљР°С‚РµРіРѕСЂРёСЏ: РўРµС…РЅРёРєР°

рџ“Љ РћС‚РіР°РґР°РЅРѕ Р±СѓРєРІ: 4/8
вњ… РџСЂР°РІРёР»СЊРЅС‹Рµ: Рё, Рѕ
вќЊ РќРµРїСЂР°РІРёР»СЊРЅС‹Рµ: вЂ”
вќ¤пёЏ РћСЃС‚Р°Р»РѕСЃСЊ РїРѕРїС‹С‚РѕРє: 5
рџ’Ў РџРѕРґСЃРєР°Р·РѕРє РѕСЃС‚Р°Р»РѕСЃСЊ: 0

<i>РќР°РїРёС€Рё Р±СѓРєРІСѓ, СЃР»РѕРІРѕ РёР»Рё 'РїРѕРґСЃРєР°Р·РєР°':</i>
вљ пёЏ РџРѕРґСЃРєР°Р·РєРё Р·Р°РєРѕРЅС‡РёР»РёСЃСЊ!
2025-06-17 22:38:54,644 - aiogram.event - INFO - Update id=926862701 is handled. Duration 265 ms by bot id=7576088488
2025-06-17 22:39:03,225 - handlers.word_game - INFO - User 1009310689 guessed: 'С…РѕР»РѕРґРёР»СЊРЅРёРє'
2025-06-17 22:39:03,313 - handlers.word_game - INFO - Sent to 1009310689: рџЋ‰ РџСЂР°РІРёР»СЊРЅРѕ! Р­С‚Рѕ Р±С‹Р»Рѕ СЃР»РѕРІРѕ <b>С…РѕР»РѕРґРёР»СЊРЅРёРє</b>. +15 РѕС‡РєРѕРІ.
2025-06-17 22:39:03,313 - aiogram.event - INFO - Update id=926862702 is handled. Duration 94 ms by bot id=7576088488
2025-06-17 22:39:04,408 - handlers.word_game - INFO - Opened word game menu
2025-06-17 22:39:04,600 - aiogram.event - INFO - Update id=926862703 is handled. Duration 203 ms by bot id=7576088488
2025-06-17 22:39:05,334 - handlers.word_game - INFO - word_handler triggered with word:hard
2025-06-17 22:39:05,334 - handlers.word_game - INFO - Game started for user 1009310689: 'Р°РґРјРёРЅРёСЃС‚СЂРёСЂРѕРІР°РЅРёРµ'
2025-06-17 22:39:05,580 - aiogram.event - INFO - Update id=926862704 is handled. Duration 250 ms by bot id=7576088488
2025-06-17 22:39:49,312 - handlers.word_game - INFO - Opened word game menu
2025-06-17 22:39:49,698 - aiogram.event - INFO - Update id=926862705 is handled. Duration 390 ms by bot id=7576088488
2025-06-17 22:39:51,659 - handlers.word_game - INFO - word_handler triggered with word:hard
2025-06-17 22:39:51,659 - handlers.word_game - INFO - Game started for user 1009310689: 'РґРёС„С„РµСЂРµРЅС†РёР°Р»'
2025-06-17 22:39:51,817 - aiogram.event - INFO - Update id=926862706 is handled. Duration 157 ms by bot id=7576088488
2025-06-17 22:39:58,308 - handlers.word_game - INFO - User 1009310689 guessed: 'РїРѕРґСЃРєР°Р·РєР°'
2025-06-17 22:39:58,550 - handlers.word_game - INFO - Sent to 1009310689: рџ”¤ <b>РЈРіР°РґР°Р№ СЃР»РѕРІРѕ</b>

рџЋЇ РЎР»РѕРІРѕ: _ Рё _ _ Рµ _ Рµ _ _ Рё Р° _
рџ“ќ РџРѕРґСЃРєР°Р·РєР°: None
рџ“‚ РљР°С‚РµРіРѕСЂРёСЏ: РћР±С‰РёРµ СЃР»РѕРІР°
рџ”¤ РџРѕСЃР»РµРґРЅСЏСЏ Р±СѓРєРІР°: <b>Р›</b>
рџ“Љ РћС‚РіР°РґР°РЅРѕ Р±СѓРєРІ: 5/9
вњ… РџСЂР°РІРёР»СЊРЅС‹Рµ: Р°, Рµ, Рё
вќЊ РќРµРїСЂР°РІРёР»СЊРЅС‹Рµ: вЂ”
вќ¤пёЏ РћСЃС‚Р°Р»РѕСЃСЊ РїРѕРїС‹С‚РѕРє: 6
рџ’Ў РџРѕРґСЃРєР°Р·РѕРє РѕСЃС‚Р°Р»РѕСЃСЊ: 1

<i>РќР°РїРёС€Рё Р±СѓРєРІСѓ, СЃР»РѕРІРѕ РёР»Рё 'РїРѕРґСЃРєР°Р·РєР°':</i>
рџ’Ў РџРѕРґСЃРєР°Р·РєР°: РѕС‚РєСЂС‹С‚С‹ РІСЃРµ РіР»Р°СЃРЅС‹Рµ Р±СѓРєРІС‹! (РѕСЃС‚Р°Р»РѕСЃСЊ 1 РїРѕРґСЃРєР°Р·РѕРє)
2025-06-17 22:39:58,550 - aiogram.event - INFO - Update id=926862707 is handled. Duration 250 ms by bot id=7576088488
2025-06-17 22:40:24,498 - handlers.word_game - INFO - User 1009310689 guessed: 'РґРёС„С„РµСЂРµРЅС†РёР°Р»'
2025-06-17 22:40:24,665 - handlers.word_game - INFO - Sent to 1009310689: рџЋ‰ РџСЂР°РІРёР»СЊРЅРѕ! Р­С‚Рѕ Р±С‹Р»Рѕ СЃР»РѕРІРѕ <b>РґРёС„С„РµСЂРµРЅС†РёР°Р»</b>. +20 РѕС‡РєРѕРІ.
2025-06-17 22:40:24,665 - aiogram.event - INFO - Update id=926862708 is handled. Duration 170 ms by bot id=7576088488
2025-06-17 22:41:27,153 - handlers.main - INFO - РџРѕР»СЊР·РѕРІР°С‚РµР»СЊ 1009310689 (APECTOBAH_3A_TEPAKT_B_KPOKUSE) Р·Р°РїСѓСЃС‚РёР» Р±РѕС‚Р°
2025-06-17 22:41:27,153 - aiogram.event - INFO - Update id=926862709 is handled. Duration 187 ms by bot id=7576088488
2025-06-17 22:41:30,079 - aiogram.event - INFO - Update id=926862710 is handled. Duration 139 ms by bot id=7576088488
2025-06-17 22:41:31,162 - aiogram.event - INFO - Update id=926862711 is handled. Duration 139 ms by bot id=7576088488
2025-06-17 22:41:37,333 - aiogram.event - INFO - Update id=926862712 is handled. Duration 78 ms by bot id=7576088488
2025-06-17 22:41:39,681 - aiogram.event - INFO - Update id=926862713 is handled. Duration 125 ms by bot id=7576088488
2025-06-17 22:41:43,068 - aiogram.event - INFO - Update id=926862714 is handled. Duration 78 ms by bot id=7576088488
2025-06-17 22:41:46,005 - aiogram.event - INFO - Update id=926862715 is handled. Duration 280 ms by bot id=7576088488
2025-06-17 22:41:54,200 - aiogram.event - INFO - Update id=926862716 is handled. Duration 157 ms by bot id=7576088488
2025-06-17 22:41:55,576 - aiogram.event - INFO - Update id=926862717 is handled. Duration 157 ms by bot id=7576088488
2025-06-17 22:42:03,764 - aiogram.event - INFO - Update id=926862718 is handled. Duration 61 ms by bot id=7576088488
2025-06-17 22:42:08,023 - aiogram.event - INFO - Update id=926862719 is handled. Duration 187 ms by bot id=7576088488
2025-06-17 22:42:08,892 - aiogram.event - INFO - Update id=926862720 is handled. Duration 312 ms by bot id=7576088488
2025-06-17 22:42:09,782 - aiogram.event - INFO - Update id=926862721 is handled. Duration 217 ms by bot id=7576088488
2025-06-17 22:42:11,137 - aiogram.event - INFO - Update id=926862722 is handled. Duration 139 ms by bot id=7576088488
2025-06-17 22:42:12,243 - aiogram.event - INFO - Update id=926862723 is handled. Duration 110 ms by bot id=7576088488
2025-06-17 22:42:13,300 - aiogram.event - INFO - Update id=926862724 is handled. Duration 266 ms by bot id=7576088488
2025-06-17 22:42:14,106 - aiogram.event - INFO - Update id=926862725 is handled. Duration 125 ms by bot id=7576088488
2025-06-17 22:42:15,371 - aiogram.event - INFO - Update id=926862726 is handled. Duration 140 ms by bot id=7576088488
2025-06-17 22:42:16,120 - aiogram.event - INFO - Update id=926862727 is handled. Duration 140 ms by bot id=7576088488
2025-06-17 22:42:17,035 - aiogram.event - INFO - Update id=926862728 is handled. Duration 186 ms by bot id=7576088488
2025-06-17 22:42:20,883 - aiogram.event - INFO - Update id=926862729 is handled. Duration 139 ms by bot id=7576088488
2025-06-17 22:42:22,415 - aiogram.event - INFO - Update id=926862730 is handled. Duration 125 ms by bot id=7576088488
2025-06-17 22:42:23,420 - aiogram.event - INFO - Update id=926862731 is handled. Duration 139 ms by bot id=7576088488
2025-06-17 22:42:40,064 - aiogram.event - INFO - Update id=926862732 is handled. Duration 157 ms by bot id=7576088488
2025-06-17 22:42:58,524 - aiogram.event - INFO - Update id=926862733 is handled. Duration 296 ms by bot id=7576088488
2025-06-17 22:43:22,581 - aiogram.event - INFO - Update id=926862734 is handled. Duration 328 ms by bot id=7576088488
2025-06-17 22:43:23,863 - aiogram.event - INFO - Update id=926862735 is handled. Duration 140 ms by bot id=7576088488
2025-06-17 22:43:33,063 - aiogram.event - INFO - Update id=926862736 is handled. Duration 78 ms by bot id=7576088488
2025-06-17 22:43:35,675 - aiogram.event - INFO - Update id=926862737 is handled. Duration 78 ms by bot id=7576088488
2025-06-17 22:43:39,469 - aiogram.event - INFO - Update id=926862738 is handled. Duration 296 ms by bot id=7576088488
2025-06-17 22:43:54,289 - aiogram.event - INFO - Update id=926862739 is handled. Duration 125 ms by bot id=7576088488
2025-06-17 22:44:06,453 - aiogram.event - INFO - Update id=926862740 is handled. Duration 139 ms by bot id=7576088488
2025-06-17 22:44:10,899 - aiogram.event - INFO - Update id=926862741 is handled. Duration 140 ms by bot id=7576088488
2025-06-17 22:44:12,912 - aiogram.event - INFO - Update id=926862742 is handled. Duration 250 ms by bot id=7576088488
2025-06-17 22:44:56,245 - aiogram.event - INFO - Update id=926862743 is handled. Duration 156 ms by bot id=7576088488
2025-06-17 22:44:58,031 - aiogram.event - INFO - Update id=926862744 is handled. Duration 108 ms by bot id=7576088488
2025-06-17 22:45:15,341 - aiogram.event - INFO - Update id=926862745 is handled. Duration 172 ms by bot id=7576088488
2025-06-17 22:45:17,569 - aiogram.event - INFO - Update id=926862746 is handled. Duration 140 ms by bot id=7576088488
2025-06-17 22:45:18,912 - handlers.word_game - INFO - Opened word game menu
2025-06-17 22:45:19,047 - aiogram.event - INFO - Update id=926862747 is handled. Duration 141 ms by bot id=7576088488
2025-06-17 22:45:20,399 - handlers.word_game - INFO - word_handler triggered with word:short
2025-06-17 22:45:20,399 - handlers.word_game - INFO - Game started for user 1009310689: 'РєРѕС‚'
2025-06-17 22:45:20,556 - aiogram.event - INFO - Update id=926862748 is handled. Duration 156 ms by bot id=7576088488
2025-06-17 22:45:22,547 - handlers.word_game - INFO - Opened word game menu
2025-06-17 22:45:22,675 - aiogram.event - INFO - Update id=926862749 is handled. Duration 141 ms by bot id=7576088488
2025-06-17 22:45:30,886 - handlers.word_game - INFO - word_handler triggered with word:short
2025-06-17 22:45:30,886 - handlers.word_game - INFO - Game started for user 1009310689: 'СЃР°Рґ'
2025-06-17 22:45:31,056 - aiogram.event - INFO - Update id=926862750 is handled. Duration 172 ms by bot id=7576088488
2025-06-17 22:45:35,758 - handlers.word_game - INFO - User 1009310689 guessed: 'СЃР°Рґ'
2025-06-17 22:45:35,846 - handlers.word_game - INFO - Sent to 1009310689: рџЋ‰ РџСЂР°РІРёР»СЊРЅРѕ! Р­С‚Рѕ Р±С‹Р»Рѕ СЃР»РѕРІРѕ <b>СЃР°Рґ</b>. +7 РѕС‡РєРѕРІ (+2 Р±РѕРЅСѓСЃ Р·Р° РѕС‚РіР°РґС‹РІР°РЅРёРµ Р±РµР· РїРѕРґСЃРєР°Р·РѕРє!).
2025-06-17 22:45:35,846 - aiogram.event - INFO - Update id=926862751 is handled. Duration 94 ms by bot id=7576088488
2025-06-17 22:46:06,099 - aiogram.dispatcher - INFO - Polling stopped
2025-06-17 22:46:06,099 - __main__ - INFO - Р‘РѕС‚ РѕСЃС‚Р°РЅР°РІР»РёРІР°РµС‚СЃСЏ...
2025-06-17 22:46:06,357 - aiogram.dispatcher - INFO - Polling stopped for bot @boredombot_bot id=7576088488 - 'boredom bot'
2025-06-17 22:46:06,359 - __main__ - INFO - Р‘РѕС‚ РѕСЃС‚Р°РЅРѕРІР»РµРЅ РїРѕР»СЊР·РѕРІР°С‚РµР»РµРј
2025-06-17 22:46:10,400 - __main__ - INFO - РќР°С‡РёРЅР°СЋ polling...
2025-06-17 22:46:10,400 - __main__ - INFO - Р‘РѕС‚ Р·Р°РїСѓСЃРєР°РµС‚СЃСЏ...
2025-06-17 22:46:10,400 - aiogram.dispatcher - INFO - Start polling
2025-06-17 22:46:10,626 - aiogram.dispatcher - INFO - Run polling for bot @boredombot_bot id=7576088488 - 'boredom bot'
2025-06-17 22:46:50,166 - handlers.word_game - INFO - Opened word game menu
2025-06-17 22:46:50,633 - aiogram.event - INFO - Update id=926862752 is handled. Duration 469 ms by bot id=7576088488
2025-06-17 22:46:51,921 - handlers.word_game - INFO - word_handler triggered with word:short
2025-06-17 22:46:51,921 - handlers.word_game - INFO - Game started for user 1009310689: 'РјРёСЂ'
2025-06-17 22:46:52,039 - aiogram.event - INFO - Update id=926862753 is handled. Duration 125 ms by bot id=7576088488
2025-06-17 22:46:53,483 - handlers.word_game - INFO - Opened word game menu
2025-06-17 22:46:53,600 - aiogram.event - INFO - Update id=926862754 is handled. Duration 125 ms by bot id=7576088488
2025-06-17 22:47:00,673 - handlers.word_game - INFO - User 1009310689 guessed: '/starty'
2025-06-17 22:47:00,761 - handlers.word_game - INFO - Sent to 1009310689: рџ”¤ <b>РЈРіР°РґР°Р№ СЃР»РѕРІРѕ</b>

рџЋЇ РЎР»РѕРІРѕ: _ _ _
рџ“ќ РџРѕРґСЃРєР°Р·РєР°: None
рџ“‚ РљР°С‚РµРіРѕСЂРёСЏ: РћР±С‰РёРµ СЃР»РѕРІР°
рџ”¤ РџРµСЂРІР°СЏ Р±СѓРєРІР°: <b>Рњ</b>
рџ“Љ РћС‚РіР°РґР°РЅРѕ Р±СѓРєРІ: 0/3
вњ… РџСЂР°РІРёР»СЊРЅС‹Рµ: вЂ”
вќЊ РќРµРїСЂР°РІРёР»СЊРЅС‹Рµ: вЂ”
вќ¤пёЏ РћСЃС‚Р°Р»РѕСЃСЊ РїРѕРїС‹С‚РѕРє: 5
рџ’Ў РџРѕРґСЃРєР°Р·РѕРє РѕСЃС‚Р°Р»РѕСЃСЊ: 2

<i>РќР°РїРёС€Рё Р±СѓРєРІСѓ, СЃР»РѕРІРѕ РёР»Рё 'РїРѕРґСЃРєР°Р·РєР°':</i>
вќЊ РќРµРІРµСЂРЅРѕ, РѕСЃС‚Р°Р»РѕСЃСЊ 5 РїРѕРїС‹С‚РѕРє.
2025-06-17 22:47:00,761 - aiogram.event - INFO - Update id=926862755 is handled. Duration 77 ms by bot id=7576088488
2025-06-17 22:47:04,033 - handlers.main - INFO - РџРѕР»СЊР·РѕРІР°С‚РµР»СЊ 1009310689 (APECTOBAH_3A_TEPAKT_B_KPOKUSE) Р·Р°РїСѓСЃС‚РёР» Р±РѕС‚Р°
2025-06-17 22:47:04,033 - aiogram.event - INFO - Update id=926862756 is handled. Duration 125 ms by bot id=7576088488
2025-06-17 22:47:04,999 - handlers.word_game - INFO - Opened word game menu
2025-06-17 22:47:05,129 - aiogram.event - INFO - Update id=926862757 is handled. Duration 139 ms by bot id=7576088488
2025-06-17 22:47:07,015 - handlers.word_game - INFO - Opened word game menu
2025-06-17 22:47:07,189 - aiogram.event - INFO - Update id=926862758 is handled. Duration 188 ms by bot id=7576088488
2025-06-17 22:47:08,053 - handlers.word_game - INFO - word_handler triggered with word:short
2025-06-17 22:47:08,053 - handlers.word_game - INFO - Game started for user 1009310689: 'РґРѕРј'
2025-06-17 22:47:08,171 - aiogram.event - INFO - Update id=926862759 is handled. Duration 108 ms by bot id=7576088488
2025-06-17 22:47:11,918 - handlers.word_game - INFO - Opened word game menu
2025-06-17 22:47:12,032 - aiogram.event - INFO - Update id=926862760 is handled. Duration 125 ms by bot id=7576088488
2025-06-17 22:47:12,839 - handlers.word_game - INFO - word_handler triggered with word:random
2025-06-17 22:47:12,839 - handlers.word_game - INFO - Game started for user 1009310689: 'СЃР°Рґ'
2025-06-17 22:47:12,993 - aiogram.event - INFO - Update id=926862761 is handled. Duration 156 ms by bot id=7576088488
2025-06-17 22:47:13,892 - handlers.word_game - INFO - Opened word game menu
2025-06-17 22:47:14,010 - aiogram.event - INFO - Update id=926862762 is handled. Duration 125 ms by bot id=7576088488
2025-06-17 22:47:14,520 - handlers.word_game - INFO - word_handler triggered with word:long
2025-06-17 22:47:14,520 - handlers.word_game - INFO - Game started for user 1009310689: 'РїРёР°РЅРёРЅРѕ'
2025-06-17 22:47:14,633 - aiogram.event - INFO - Update id=926862763 is handled. Duration 109 ms by bot id=7576088488
2025-06-17 23:30:13,539 - aiogram.dispatcher - INFO - Polling stopped
2025-06-17 23:30:13,541 - __main__ - INFO - Р‘РѕС‚ РѕСЃС‚Р°РЅР°РІР»РёРІР°РµС‚СЃСЏ...
2025-06-17 23:30:13,791 - aiogram.dispatcher - INFO - Polling stopped for bot @boredombot_bot id=7576088488 - 'boredom bot'
2025-06-17 23:30:13,793 - __main__ - INFO - Р‘РѕС‚ РѕСЃС‚Р°РЅРѕРІР»РµРЅ РїРѕР»СЊР·РѕРІР°С‚РµР»РµРј
2025-06-17 23:30:23,462 - __main__ - INFO - РќР°С‡РёРЅР°СЋ polling...
2025-06-17 23:30:23,462 - __main__ - INFO - Р‘РѕС‚ Р·Р°РїСѓСЃРєР°РµС‚СЃСЏ...
2025-06-17 23:30:23,462 - aiogram.dispatcher - INFO - Start polling
2025-06-17 23:30:23,609 - aiogram.dispatcher - INFO - Run polling for bot @boredombot_bot id=7576088488 - 'boredom bot'
2025-06-17 23:30:27,827 - handlers.word_game - INFO - Opened word game menu
2025-06-17 23:30:28,084 - aiogram.event - INFO - Update id=926862764 is handled. Duration 264 ms by bot id=7576088488
2025-06-17 23:30:29,167 - aiogram.event - INFO - Update id=926862765 is not handled. Duration 0 ms by bot id=7576088488
2025-06-17 23:30:30,964 - handlers.main - INFO - РџРѕР»СЊР·РѕРІР°С‚РµР»СЊ 1009310689 (APECTOBAH_3A_TEPAKT_B_KPOKUSE) Р·Р°РїСѓСЃС‚РёР» Р±РѕС‚Р°
2025-06-17 23:30:30,964 - aiogram.event - INFO - Update id=926862766 is handled. Duration 78 ms by bot id=7576088488
2025-06-17 23:30:32,117 - handlers.word_game - INFO - Opened word game menu
2025-06-17 23:30:32,390 - aiogram.event - INFO - Update id=926862767 is handled. Duration 280 ms by bot id=7576088488
2025-06-17 23:30:33,499 - handlers.word_game - INFO - word_handler triggered with word:short
2025-06-17 23:30:33,499 - handlers.word_game - INFO - Game started for user 1009310689: 'Р»РµСЃ'
2025-06-17 23:30:33,632 - aiogram.event - INFO - Update id=926862768 is handled. Duration 139 ms by bot id=7576088488
2025-06-17 23:30:43,944 - handlers.word_game - INFO - User 1009310689 guessed: 'Р»РµСЃ'
2025-06-17 23:30:44,012 - handlers.word_game - INFO - Sent to 1009310689: рџЋ‰ РџСЂР°РІРёР»СЊРЅРѕ! Р‘С‹Р»Рѕ СЃР»РѕРІРѕ <b>Р»РµСЃ</b>. +7 РѕС‡РєРѕРІ (+2 Р±РѕРЅСѓСЃ!).
2025-06-17 23:30:44,012 - aiogram.event - INFO - Update id=926862769 is handled. Duration 61 ms by bot id=7576088488
2025-06-17 23:30:46,046 - handlers.word_game - INFO - Opened word game menu
2025-06-17 23:30:46,163 - aiogram.event - INFO - Update id=926862770 is handled. Duration 125 ms by bot id=7576088488
2025-06-17 23:30:47,512 - handlers.word_game - INFO - word_handler triggered with word:short
2025-06-17 23:30:47,512 - handlers.word_game - INFO - Game started for user 1009310689: 'СЃРѕРЅ'
2025-06-17 23:30:47,623 - aiogram.event - INFO - Update id=926862771 is handled. Duration 110 ms by bot id=7576088488
2025-06-17 23:30:54,989 - handlers.word_game - INFO - User 1009310689 guessed: 'СЃРѕРЅ'
2025-06-17 23:30:55,058 - handlers.word_game - INFO - Sent to 1009310689: рџЋ‰ РџСЂР°РІРёР»СЊРЅРѕ! Р‘С‹Р»Рѕ СЃР»РѕРІРѕ <b>СЃРѕРЅ</b>. +7 РѕС‡РєРѕРІ (+2 Р±РѕРЅСѓСЃ!).
2025-06-17 23:30:55,058 - aiogram.event - INFO - Update id=926862772 is handled. Duration 62 ms by bot id=7576088488
2025-06-17 23:30:57,414 - handlers.word_game - INFO - Opened word game menu
2025-06-17 23:30:57,533 - aiogram.event - INFO - Update id=926862773 is handled. Duration 125 ms by bot id=7576088488
2025-06-17 23:30:58,414 - handlers.word_game - INFO - word_handler triggered with word:long
2025-06-17 23:30:58,416 - handlers.word_game - INFO - Game started for user 1009310689: 'Р±РёР±Р»РёРѕС‚РµРєР°'
2025-06-17 23:30:58,531 - aiogram.event - INFO - Update id=926862774 is handled. Duration 125 ms by bot id=7576088488
2025-06-17 23:31:10,703 - handlers.word_game - INFO - User 1009310689 guessed: 'Р±РёР±Р»РёРѕС‚РµРєР°'
2025-06-17 23:31:10,848 - handlers.word_game - INFO - Sent to 1009310689: рџЋ‰ РџСЂР°РІРёР»СЊРЅРѕ! Р‘С‹Р»Рѕ СЃР»РѕРІРѕ <b>Р±РёР±Р»РёРѕС‚РµРєР°</b>. +22 РѕС‡РєРѕРІ (+7 Р±РѕРЅСѓСЃ!).
2025-06-17 23:31:10,848 - aiogram.event - INFO - Update id=926862775 is handled. Duration 140 ms by bot id=7576088488
2025-06-17 23:31:11,972 - handlers.word_game - INFO - Opened word game menu
2025-06-17 23:31:12,111 - aiogram.event - INFO - Update id=926862776 is handled. Duration 140 ms by bot id=7576088488
2025-06-17 23:31:14,375 - aiogram.event - INFO - Update id=926862777 is handled. Duration 219 ms by bot id=7576088488
2025-06-17 23:31:15,182 - aiogram.event - INFO - Update id=926862778 is handled. Duration 109 ms by bot id=7576088488
2025-06-17 23:31:19,479 - aiogram.event - INFO - Update id=926862779 is handled. Duration 344 ms by bot id=7576088488
2025-06-17 23:31:20,416 - aiogram.event - INFO - Update id=926862780 is handled. Duration 217 ms by bot id=7576088488
2025-06-17 23:31:25,695 - handlers.word_game - INFO - Opened word game menu
2025-06-17 23:31:25,805 - aiogram.event - INFO - Update id=926862781 is handled. Duration 109 ms by bot id=7576088488
2025-06-17 23:31:27,992 - handlers.word_game - INFO - word_handler triggered with word:long
2025-06-17 23:31:27,992 - handlers.word_game - INFO - Game started for user 1009310689: 'Р°РІС‚РѕРјРѕР±РёР»СЊ'
2025-06-17 23:31:28,130 - aiogram.event - INFO - Update id=926862782 is handled. Duration 139 ms by bot id=7576088488
2025-06-17 23:31:39,201 - handlers.word_game - INFO - User 1009310689 guessed: 'Р°РІС‚РѕРјРѕР±РёР»СЊ'
2025-06-17 23:31:39,280 - handlers.word_game - INFO - Sent to 1009310689: рџЋ‰ РџСЂР°РІРёР»СЊРЅРѕ! Р‘С‹Р»Рѕ СЃР»РѕРІРѕ <b>Р°РІС‚РѕРјРѕР±РёР»СЊ</b>. +22 РѕС‡РєРѕРІ (+7 Р±РѕРЅСѓСЃ!).
2025-06-17 23:31:39,280 - aiogram.event - INFO - Update id=926862783 is handled. Duration 92 ms by bot id=7576088488
2025-06-17 23:31:40,176 - handlers.word_game - INFO - Opened word game menu
2025-06-17 23:31:40,289 - aiogram.event - INFO - Update id=926862784 is handled. Duration 108 ms by bot id=7576088488
2025-06-17 23:31:41,825 - handlers.word_game - INFO - word_handler triggered with word:long
2025-06-17 23:31:41,825 - handlers.word_game - INFO - Game started for user 1009310689: 'С‚РµР»РµС„РѕРЅ'
2025-06-17 23:31:42,129 - aiogram.event - INFO - Update id=926862785 is handled. Duration 311 ms by bot id=7576088488
2025-06-17 23:31:49,965 - handlers.word_game - INFO - User 1009310689 guessed: 'С‚РµР»РµС„РѕРЅ'
2025-06-17 23:31:50,049 - handlers.word_game - INFO - Sent to 1009310689: рџЋ‰ РџСЂР°РІРёР»СЊРЅРѕ! Р‘С‹Р»Рѕ СЃР»РѕРІРѕ <b>С‚РµР»РµС„РѕРЅ</b>. +22 РѕС‡РєРѕРІ (+7 Р±РѕРЅСѓСЃ!).
2025-06-17 23:31:50,049 - aiogram.event - INFO - Update id=926862786 is handled. Duration 94 ms by bot id=7576088488
2025-06-17 23:31:52,982 - handlers.word_game - INFO - Opened word game menu
2025-06-17 23:31:53,092 - aiogram.event - INFO - Update id=926862787 is handled. Duration 109 ms by bot id=7576088488
2025-06-17 23:31:53,765 - handlers.word_game - INFO - word_handler triggered with word:hard
2025-06-17 23:31:53,765 - handlers.word_game - INFO - Game started for user 1009310689: 'РґРёС„С„РµСЂРµРЅС†РёР°Р»'
2025-06-17 23:31:53,874 - aiogram.event - INFO - Update id=926862788 is handled. Duration 125 ms by bot id=7576088488
2025-06-17 23:32:01,219 - handlers.word_game - INFO - User 1009310689 guessed: 'РґРёС„С„РµСЂРµРЅС†РёР°Р»'
2025-06-17 23:32:01,283 - handlers.word_game - INFO - Sent to 1009310689: рџЋ‰ РџСЂР°РІРёР»СЊРЅРѕ! Р‘С‹Р»Рѕ СЃР»РѕРІРѕ <b>РґРёС„С„РµСЂРµРЅС†РёР°Р»</b>. +30 РѕС‡РєРѕРІ (+10 Р±РѕРЅСѓСЃ!).
2025-06-17 23:32:01,283 - aiogram.event - INFO - Update id=926862789 is handled. Duration 61 ms by bot id=7576088488
2025-06-17 23:32:04,303 - handlers.word_game - INFO - Opened word game menu
2025-06-17 23:32:04,431 - aiogram.event - INFO - Update id=926862790 is handled. Duration 125 ms by bot id=7576088488
2025-06-17 23:32:05,047 - handlers.word_game - INFO - word_handler triggered with word:hard
2025-06-17 23:32:05,047 - handlers.word_game - INFO - Game started for user 1009310689: 'РїСЂРѕРіСЂР°РјРјРёСЂРѕРІР°РЅРёРµ'
2025-06-17 23:32:05,170 - aiogram.event - INFO - Update id=926862791 is handled. Duration 125 ms by bot id=7576088488
2025-06-17 23:32:10,498 - handlers.word_game - INFO - User 1009310689 guessed: 'РїСЂРѕРіСЂР°РјРјРёСЂРѕРІР°РЅРёРµ'
2025-06-17 23:32:10,566 - handlers.word_game - INFO - Sent to 1009310689: рџЋ‰ РџСЂР°РІРёР»СЊРЅРѕ! Р‘С‹Р»Рѕ СЃР»РѕРІРѕ <b>РїСЂРѕРіСЂР°РјРјРёСЂРѕРІР°РЅРёРµ</b>. +30 РѕС‡РєРѕРІ (+10 Р±РѕРЅСѓСЃ!).
2025-06-17 23:32:10,566 - aiogram.event - INFO - Update id=926862792 is handled. Duration 78 ms by bot id=7576088488
2025-06-17 23:32:11,526 - handlers.word_game - INFO - Opened word game menu
2025-06-17 23:32:11,633 - aiogram.event - INFO - Update id=926862793 is handled. Duration 109 ms by bot id=7576088488
2025-06-17 23:32:12,532 - handlers.word_game - INFO - word_handler triggered with word:hard
2025-06-17 23:32:12,532 - handlers.word_game - INFO - Game started for user 1009310689: 'Р°СЂС…РµРѕР»РѕРіРёСЏ'
2025-06-17 23:32:12,745 - aiogram.event - INFO - Update id=926862794 is handled. Duration 219 ms by bot id=7576088488
2025-06-17 23:32:17,089 - handlers.word_game - INFO - User 1009310689 guessed: 'Р°СЂС…РµРѕР»РѕРіРёСЏ'
2025-06-17 23:32:17,205 - handlers.word_game - INFO - Sent to 1009310689: рџЋ‰ РџСЂР°РІРёР»СЊРЅРѕ! Р‘С‹Р»Рѕ СЃР»РѕРІРѕ <b>Р°СЂС…РµРѕР»РѕРіРёСЏ</b>. +30 РѕС‡РєРѕРІ (+10 Р±РѕРЅСѓСЃ!).
2025-06-17 23:32:17,205 - aiogram.event - INFO - Update id=926862795 is handled. Duration 125 ms by bot id=7576088488
2025-06-17 23:32:18,285 - handlers.word_game - INFO - Opened word game menu
2025-06-17 23:32:18,407 - aiogram.event - INFO - Update id=926862796 is handled. Duration 125 ms by bot id=7576088488
2025-06-17 23:32:19,069 - aiogram.event - INFO - Update id=926862797 is handled. Duration 110 ms by bot id=7576088488
2025-06-17 23:32:20,479 - handlers.word_game - INFO - Opened word game menu
2025-06-17 23:32:20,591 - aiogram.event - INFO - Update id=926862798 is handled. Duration 109 ms by bot id=7576088488
2025-06-17 23:32:21,134 - handlers.word_game - INFO - word_handler triggered with word:hard
2025-06-17 23:32:21,134 - handlers.word_game - INFO - Game started for user 1009310689: 'Р°РґРјРёРЅРёСЃС‚СЂРёСЂРѕРІР°РЅРёРµ'
2025-06-17 23:32:21,249 - aiogram.event - INFO - Update id=926862799 is handled. Duration 125 ms by bot id=7576088488
2025-06-17 23:32:25,383 - handlers.word_game - INFO - User 1009310689 guessed: 'Р°РґРјРёРЅРёСЃС‚СЂРёСЂРѕРІР°РЅРёРµ'
2025-06-17 23:32:25,456 - handlers.word_game - INFO - Sent to 1009310689: рџЋ‰ РџСЂР°РІРёР»СЊРЅРѕ! Р‘С‹Р»Рѕ СЃР»РѕРІРѕ <b>Р°РґРјРёРЅРёСЃС‚СЂРёСЂРѕРІР°РЅРёРµ</b>. +30 РѕС‡РєРѕРІ (+10 Р±РѕРЅСѓСЃ!).
2025-06-17 23:32:25,456 - aiogram.event - INFO - Update id=926862800 is handled. Duration 78 ms by bot id=7576088488
2025-06-17 23:32:26,229 - handlers.word_game - INFO - Opened word game menu
2025-06-17 23:32:26,336 - aiogram.event - INFO - Update id=926862801 is handled. Duration 109 ms by bot id=7576088488
2025-06-17 23:32:26,875 - handlers.word_game - INFO - word_handler triggered with word:hard
2025-06-17 23:32:26,875 - handlers.word_game - INFO - Game started for user 1009310689: 'Р°СЂС…РµРѕР»РѕРіРёСЏ'
2025-06-17 23:32:26,986 - aiogram.event - INFO - Update id=926862802 is handled. Duration 125 ms by bot id=7576088488
2025-06-17 23:32:30,535 - handlers.word_game - INFO - User 1009310689 guessed: 'Р°СЂС…РµРѕР»РѕРіРёСЏ'
2025-06-17 23:32:30,643 - handlers.word_game - INFO - Sent to 1009310689: рџЋ‰ РџСЂР°РІРёР»СЊРЅРѕ! Р‘С‹Р»Рѕ СЃР»РѕРІРѕ <b>Р°СЂС…РµРѕР»РѕРіРёСЏ</b>. +30 РѕС‡РєРѕРІ (+10 Р±РѕРЅСѓСЃ!).
2025-06-17 23:32:30,643 - aiogram.event - INFO - Update id=926862803 is handled. Duration 110 ms by bot id=7576088488
2025-06-17 23:32:31,372 - handlers.word_game - INFO - Opened word game menu
2025-06-17 23:32:31,667 - aiogram.event - INFO - Update id=926862804 is handled. Duration 295 ms by bot id=7576088488
2025-06-17 23:32:31,993 - handlers.word_game - INFO - word_handler triggered with word:hard
2025-06-17 23:32:31,993 - handlers.word_game - INFO - Game started for user 1009310689: 'РїСЂРѕРіСЂР°РјРјРёСЂРѕРІР°РЅРёРµ'
2025-06-17 23:32:32,215 - aiogram.event - INFO - Update id=926862805 is handled. Duration 218 ms by bot id=7576088488
2025-06-17 23:32:39,353 - handlers.word_game - INFO - User 1009310689 guessed: 'РїСЂРѕРіСЂР°РјРјРёСЂРѕРІР°РЅРёРµ'
2025-06-17 23:32:39,354 - data - INFO - РџРѕР»СЊР·РѕРІР°С‚РµР»СЊ 1009310689 РїРѕР»СѓС‡РёР» РґРѕСЃС‚РёР¶РµРЅРёРµ: рџЏ† 500 РѕС‡РєРѕРІ
2025-06-17 23:32:39,448 - handlers.word_game - INFO - Sent to 1009310689: рџЋ‰ РџСЂР°РІРёР»СЊРЅРѕ! Р‘С‹Р»Рѕ СЃР»РѕРІРѕ <b>РїСЂРѕРіСЂР°РјРјРёСЂРѕРІР°РЅРёРµ</b>. +30 РѕС‡РєРѕРІ (+10 Р±РѕРЅСѓСЃ!).
2025-06-17 23:32:39,448 - aiogram.event - INFO - Update id=926862806 is handled. Duration 94 ms by bot id=7576088488
2025-06-17 23:32:41,053 - handlers.word_game - INFO - Opened word game menu
2025-06-17 23:32:41,215 - aiogram.event - INFO - Update id=926862807 is handled. Duration 155 ms by bot id=7576088488
2025-06-17 23:32:42,365 - handlers.word_game - INFO - word_handler triggered with word:hard
2025-06-17 23:32:42,365 - handlers.word_game - INFO - Game started for user 1009310689: 'РґРёС„С„РµСЂРµРЅС†РёР°Р»'
2025-06-17 23:32:42,585 - aiogram.event - INFO - Update id=926862808 is handled. Duration 218 ms by bot id=7576088488
2025-06-17 23:32:47,605 - handlers.word_game - INFO - User 1009310689 guessed: 'РґРёС„С„РµСЂРµРЅС†РёР°Р»'
2025-06-17 23:32:47,693 - handlers.word_game - INFO - Sent to 1009310689: рџЋ‰ РџСЂР°РІРёР»СЊРЅРѕ! Р‘С‹Р»Рѕ СЃР»РѕРІРѕ <b>РґРёС„С„РµСЂРµРЅС†РёР°Р»</b>. +30 РѕС‡РєРѕРІ (+10 Р±РѕРЅСѓСЃ!).
2025-06-17 23:32:47,693 - aiogram.event - INFO - Update id=926862809 is handled. Duration 94 ms by bot id=7576088488
2025-06-17 23:32:49,757 - handlers.word_game - INFO - Opened word game menu
2025-06-17 23:32:49,870 - aiogram.event - INFO - Update id=926862810 is handled. Duration 110 ms by bot id=7576088488
2025-06-17 23:32:51,686 - aiogram.event - INFO - Update id=926862811 is handled. Duration 578 ms by bot id=7576088488
2025-06-17 23:32:52,401 - aiogram.event - INFO - Update id=926862812 is handled. Duration 110 ms by bot id=7576088488
2025-06-17 23:33:10,403 - aiogram.event - INFO - Update id=926862813 is handled. Duration 218 ms by bot id=7576088488
2025-06-17 23:33:19,677 - aiogram.event - INFO - Update id=926862814 is handled. Duration 125 ms by bot id=7576088488
2025-06-17 23:33:19,925 - aiogram.event - INFO - Update id=926862815 is not handled. Duration 0 ms by bot id=7576088488
2025-06-17 23:33:22,852 - aiogram.event - INFO - Update id=926862816 is handled. Duration 109 ms by bot id=7576088488
2025-06-17 23:39:56,232 - aiogram.event - INFO - Update id=926862817 is handled. Duration 250 ms by bot id=7576088488
2025-06-17 23:40:00,267 - aiogram.event - INFO - Update id=926862818 is handled. Duration 202 ms by bot id=7576088488
2025-06-17 23:40:01,638 - aiogram.event - INFO - Update id=926862819 is handled. Duration 219 ms by bot id=7576088488
2025-06-17 23:40:02,934 - aiogram.event - INFO - Update id=926862820 is not handled. Duration 0 ms by bot id=7576088488
2025-06-17 23:40:05,347 - aiogram.event - INFO - Update id=926862821 is handled. Duration 171 ms by bot id=7576088488
2025-06-17 23:40:06,604 - aiogram.event - INFO - Update id=926862822 is handled. Duration 155 ms by bot id=7576088488
2025-06-17 23:40:10,147 - aiogram.event - INFO - Update id=926862823 is handled. Duration 140 ms by bot id=7576088488
2025-06-17 23:40:11,338 - aiogram.event - INFO - Update id=926862824 is handled. Duration 155 ms by bot id=7576088488
2025-06-17 23:40:13,641 - aiogram.event - INFO - Update id=926862825 is handled. Duration 140 ms by bot id=7576088488
2025-06-17 23:40:15,515 - aiogram.event - INFO - Update id=926862826 is handled. Duration 125 ms by bot id=7576088488
2025-06-17 23:40:31,884 - aiogram.dispatcher - INFO - Polling stopped
2025-06-17 23:40:31,884 - __main__ - INFO - Р‘РѕС‚ РѕСЃС‚Р°РЅР°РІР»РёРІР°РµС‚СЃСЏ...
2025-06-17 23:40:32,141 - aiogram.dispatcher - INFO - Polling stopped for bot @boredombot_bot id=7576088488 - 'boredom bot'
2025-06-17 23:40:32,143 - __main__ - INFO - Р‘РѕС‚ РѕСЃС‚Р°РЅРѕРІР»РµРЅ РїРѕР»СЊР·РѕРІР°С‚РµР»РµРј
2025-06-17 23:40:37,139 - __main__ - INFO - РќР°С‡РёРЅР°СЋ polling...
2025-06-17 23:40:37,139 - __main__ - INFO - Р‘РѕС‚ Р·Р°РїСѓСЃРєР°РµС‚СЃСЏ...
2025-06-17 23:40:37,139 - aiogram.dispatcher - INFO - Start polling
2025-06-17 23:40:37,329 - aiogram.dispatcher - INFO - Run polling for bot @boredombot_bot id=7576088488 - 'boredom bot'
2025-06-17 23:40:45,090 - handlers.main - INFO - РџРѕР»СЊР·РѕРІР°С‚РµР»СЊ 1009310689 (APECTOBAH_3A_TEPAKT_B_KPOKUSE) Р·Р°РїСѓСЃС‚РёР» Р±РѕС‚Р°
2025-06-17 23:40:45,090 - aiogram.event - INFO - Update id=926862827 is handled. Duration 218 ms by bot id=7576088488
2025-06-17 23:41:53,469 - aiogram.event - INFO - Update id=926862828 is not handled. Duration 0 ms by bot id=7576088488
2025-06-17 23:41:57,293 - aiogram.event - INFO - Update id=926862829 is not handled. Duration 0 ms by bot id=7576088488
2025-06-17 23:42:13,569 - aiogram.dispatcher - INFO - Polling stopped
2025-06-17 23:42:13,571 - __main__ - INFO - Р‘РѕС‚ РѕСЃС‚Р°РЅР°РІР»РёРІР°РµС‚СЃСЏ...
2025-06-17 23:42:13,832 - aiogram.dispatcher - INFO - Polling stopped for bot @boredombot_bot id=7576088488 - 'boredom bot'
2025-06-17 23:42:13,832 - __main__ - INFO - Р‘РѕС‚ РѕСЃС‚Р°РЅРѕРІР»РµРЅ РїРѕР»СЊР·РѕРІР°С‚РµР»РµРј
2025-06-17 23:42:59,636 - __main__ - INFO - РќР°С‡РёРЅР°СЋ polling...
2025-06-17 23:42:59,636 - __main__ - INFO - Р‘РѕС‚ Р·Р°РїСѓСЃРєР°РµС‚СЃСЏ...
2025-06-17 23:42:59,636 - aiogram.dispatcher - INFO - Start polling
2025-06-17 23:42:59,820 - aiogram.dispatcher - INFO - Run polling for bot @boredombot_bot id=7576088488 - 'boredom bot'
2025-06-17 23:43:04,340 - handlers.main - INFO - РџРѕР»СЊР·РѕРІР°С‚РµР»СЊ 1009310689 (APECTOBAH_3A_TEPAKT_B_KPOKUSE) Р·Р°РїСѓСЃС‚РёР» Р±РѕС‚Р°
2025-06-17 23:43:04,340 - aiogram.event - INFO - Update id=926862830 is handled. Duration 250 ms by bot id=7576088488
2025-06-17 23:43:06,379 - aiogram.event - INFO - Update id=926862831 is handled. Duration 296 ms by bot id=7576088488
2025-06-17 23:43:07,782 - aiogram.event - INFO - Update id=926862832 is not handled. Duration 14 ms by bot id=7576088488
2025-06-17 23:43:14,975 - aiogram.event - INFO - Update id=926862833 is not handled. Duration 0 ms by bot id=7576088488
2025-06-17 23:43:15,747 - aiogram.event - INFO - Update id=926862834 is handled. Duration 219 ms by bot id=7576088488
2025-06-17 23:43:18,729 - aiogram.event - INFO - Update id=926862835 is not handled. Duration 0 ms by bot id=7576088488
2025-06-17 23:46:06,817 - aiogram.dispatcher - INFO - Polling stopped
2025-06-17 23:46:06,817 - __main__ - INFO - Р‘РѕС‚ РѕСЃС‚Р°РЅР°РІР»РёРІР°РµС‚СЃСЏ...
2025-06-17 23:46:07,069 - aiogram.dispatcher - INFO - Polling stopped for bot @boredombot_bot id=7576088488 - 'boredom bot'
2025-06-17 23:46:07,069 - __main__ - INFO - Р‘РѕС‚ РѕСЃС‚Р°РЅРѕРІР»РµРЅ РїРѕР»СЊР·РѕРІР°С‚РµР»РµРј
2025-06-17 23:46:09,407 - __main__ - INFO - РќР°С‡РёРЅР°СЋ polling...
2025-06-17 23:46:09,407 - __main__ - INFO - Р‘РѕС‚ Р·Р°РїСѓСЃРєР°РµС‚СЃСЏ...
2025-06-17 23:46:09,407 - aiogram.dispatcher - INFO - Start polling
2025-06-17 23:46:09,550 - aiogram.dispatcher - INFO - Run polling for bot @boredombot_bot id=7576088488 - 'boredom bot'
2025-06-17 23:46:17,133 - handlers.admin - INFO - РџСЂРѕРІРµСЂРєР° Р°РґРјРёРЅ-РїСЂР°РІ РґР»СЏ РїРѕР»СЊР·РѕРІР°С‚РµР»СЏ 1009310689: True
2025-06-17 23:46:17,135 - handlers.admin - INFO - РџСЂРѕРІРµСЂРєР° Р°РґРјРёРЅ-РїСЂР°РІ РґР»СЏ РїРѕР»СЊР·РѕРІР°С‚РµР»СЏ 1009310689: True
2025-06-17 23:46:17,136 - handlers.admin - INFO - РџСЂРѕРІРµСЂРєР° Р°РґРјРёРЅ-РїСЂР°РІ РґР»СЏ РїРѕР»СЊР·РѕРІР°С‚РµР»СЏ 1009310689: True
2025-06-17 23:46:17,136 - handlers.admin - INFO - РџСЂРѕРІРµСЂРєР° Р°РґРјРёРЅ-РїСЂР°РІ РґР»СЏ РїРѕР»СЊР·РѕРІР°С‚РµР»СЏ 1009310689: True
2025-06-17 23:46:17,136 - handlers.admin - INFO - РџСЂРѕРІРµСЂРєР° Р°РґРјРёРЅ-РїСЂР°РІ РґР»СЏ РїРѕР»СЊР·РѕРІР°С‚РµР»СЏ 1009310689: True
2025-06-17 23:46:17,357 - handlers.main - INFO - РџРѕР»СЊР·РѕРІР°С‚РµР»СЊ 1009310689 (APECTOBAH_3A_TEPAKT_B_KPOKUSE) Р·Р°РїСѓСЃС‚РёР» Р±РѕС‚Р°
2025-06-17 23:46:17,357 - aiogram.event - INFO - Update id=926862836 is handled. Duration 219 ms by bot id=7576088488
2025-06-17 23:46:27,072 - handlers.admin - INFO - РџСЂРѕРІРµСЂРєР° Р°РґРјРёРЅ-РїСЂР°РІ РґР»СЏ РїРѕР»СЊР·РѕРІР°С‚РµР»СЏ 1009310689: True
2025-06-17 23:46:27,072 - handlers.admin - INFO - РџСЂРѕРІРµСЂРєР° Р°РґРјРёРЅ-РїСЂР°РІ РґР»СЏ РїРѕР»СЊР·РѕРІР°С‚РµР»СЏ 1009310689: True
2025-06-17 23:46:27,151 - aiogram.event - INFO - Update id=926862837 is handled. Duration 77 ms by bot id=7576088488
2025-06-17 23:46:42,060 - aiogram.event - INFO - Update id=926862838 is handled. Duration 109 ms by bot id=7576088488
2025-06-17 23:46:44,695 - aiogram.event - INFO - Update id=926862839 is handled. Duration 110 ms by bot id=7576088488
2025-06-17 23:46:47,386 - aiogram.event - INFO - Update id=926862840 is handled. Duration 61 ms by bot id=7576088488
2025-06-17 23:46:50,703 - aiogram.event - INFO - Update id=926862841 is handled. Duration 93 ms by bot id=7576088488
2025-06-17 23:46:52,143 - handlers.admin - ERROR - РћС€РёР±РєР° РїРѕР»СѓС‡РµРЅРёСЏ СЃРёСЃС‚РµРјРЅРѕР№ РёРЅС„РѕСЂРјР°С†РёРё: No module named 'psutil'
2025-06-17 23:46:52,206 - aiogram.event - INFO - Update id=926862842 is handled. Duration 62 ms by bot id=7576088488
2025-06-17 23:46:53,792 - aiogram.event - INFO - Update id=926862843 is handled. Duration 61 ms by bot id=7576088488
2025-06-17 23:46:54,812 - aiogram.event - INFO - Update id=926862844 is handled. Duration 63 ms by bot id=7576088488
2025-06-17 23:46:57,586 - aiogram.event - INFO - Update id=926862845 is handled. Duration 125 ms by bot id=7576088488
2025-06-17 23:46:58,443 - aiogram.event - INFO - Update id=926862846 is handled. Duration 157 ms by bot id=7576088488
2025-06-17 23:47:12,250 - handlers.admin - INFO - РџСЂРѕРІРµСЂРєР° Р°РґРјРёРЅ-РїСЂР°РІ РґР»СЏ РїРѕР»СЊР·РѕРІР°С‚РµР»СЏ 1009310689: True
2025-06-17 23:47:12,251 - handlers.admin - INFO - РџСЂРѕРІРµСЂРєР° Р°РґРјРёРЅ-РїСЂР°РІ РґР»СЏ РїРѕР»СЊР·РѕРІР°С‚РµР»СЏ 1009310689: True
2025-06-17 23:47:12,251 - handlers.admin - INFO - РџСЂРѕРІРµСЂРєР° Р°РґРјРёРЅ-РїСЂР°РІ РґР»СЏ РїРѕР»СЊР·РѕРІР°С‚РµР»СЏ 1009310689: True
2025-06-17 23:47:12,346 - aiogram.event - INFO - Update id=926862847 is handled. Duration 94 ms by bot id=7576088488
2025-06-17 23:47:13,831 - handlers.admin - INFO - РђРґРјРёРЅ 1009310689 СЃР±СЂРѕСЃРёР» РґР°РЅРЅС‹Рµ РїРѕР»СЊР·РѕРІР°С‚РµР»СЏ 1009310689
2025-06-17 23:47:13,831 - aiogram.event - INFO - Update id=926862848 is handled. Duration 93 ms by bot id=7576088488
2025-06-17 23:47:18,503 - aiogram.event - INFO - Update id=926862849 is handled. Duration 77 ms by bot id=7576088488
2025-06-17 23:47:20,462 - handlers.admin - ERROR - РћС€РёР±РєР° РїРѕР»СѓС‡РµРЅРёСЏ СЃРёСЃС‚РµРјРЅРѕР№ РёРЅС„РѕСЂРјР°С†РёРё: No module named 'psutil'
2025-06-17 23:47:20,559 - aiogram.event - INFO - Update id=926862850 is handled. Duration 94 ms by bot id=7576088488
2025-06-17 23:47:21,739 - aiogram.event - INFO - Update id=926862851 is handled. Duration 187 ms by bot id=7576088488
2025-06-17 23:47:22,673 - aiogram.event - INFO - Update id=926862852 is handled. Duration 78 ms by bot id=7576088488
2025-06-17 23:47:23,623 - aiogram.event - INFO - Update id=926862853 is handled. Duration 62 ms by bot id=7576088488
2025-06-17 23:47:24,212 - aiogram.event - INFO - Update id=926862854 is handled. Duration 62 ms by bot id=7576088488
2025-06-17 23:48:42,125 - handlers.admin - INFO - РџСЂРѕРІРµСЂРєР° Р°РґРјРёРЅ-РїСЂР°РІ РґР»СЏ РїРѕР»СЊР·РѕРІР°С‚РµР»СЏ 1009310689: True
2025-06-17 23:48:42,126 - handlers.admin - INFO - РџСЂРѕРІРµСЂРєР° Р°РґРјРёРЅ-РїСЂР°РІ РґР»СЏ РїРѕР»СЊР·РѕРІР°С‚РµР»СЏ 1009310689: True
2025-06-17 23:48:42,294 - aiogram.event - INFO - Update id=926862855 is handled. Duration 155 ms by bot id=7576088488
2025-06-17 23:48:44,510 - aiogram.event - INFO - Update id=926862856 is handled. Duration 61 ms by bot id=7576088488
2025-06-17 23:48:51,804 - handlers.admin - INFO - РџСЂРѕРІРµСЂРєР° Р°РґРјРёРЅ-РїСЂР°РІ РґР»СЏ РїРѕР»СЊР·РѕРІР°С‚РµР»СЏ 1009310689: True
2025-06-17 23:48:51,805 - handlers.admin - INFO - РџСЂРѕРІРµСЂРєР° Р°РґРјРёРЅ-РїСЂР°РІ РґР»СЏ РїРѕР»СЊР·РѕРІР°С‚РµР»СЏ 1009310689: True
2025-06-17 23:48:51,806 - handlers.admin - INFO - РџСЂРѕРІРµСЂРєР° Р°РґРјРёРЅ-РїСЂР°РІ РґР»СЏ РїРѕР»СЊР·РѕРІР°С‚РµР»СЏ 1009310689: True
2025-06-17 23:48:51,886 - aiogram.event - INFO - Update id=926862857 is handled. Duration 77 ms by bot id=7576088488
2025-06-17 23:49:00,835 - handlers.admin - INFO - РџСЂРѕРІРµСЂРєР° Р°РґРјРёРЅ-РїСЂР°РІ РґР»СЏ РїРѕР»СЊР·РѕРІР°С‚РµР»СЏ 1009310689: True
2025-06-17 23:49:00,835 - handlers.admin - INFO - РџСЂРѕРІРµСЂРєР° Р°РґРјРёРЅ-РїСЂР°РІ РґР»СЏ РїРѕР»СЊР·РѕРІР°С‚РµР»СЏ 1009310689: True
2025-06-17 23:49:00,835 - handlers.admin - INFO - РџСЂРѕРІРµСЂРєР° Р°РґРјРёРЅ-РїСЂР°РІ РґР»СЏ РїРѕР»СЊР·РѕРІР°С‚РµР»СЏ 1009310689: True
2025-06-17 23:49:00,988 - aiogram.event - INFO - Update id=926862858 is handled. Duration 156 ms by bot id=7576088488
2025-06-17 23:49:02,195 - data - INFO - РџРѕР»СЊР·РѕРІР°С‚РµР»СЊ 1009310689 РїРѕР»СѓС‡РёР» РґРѕСЃС‚РёР¶РµРЅРёРµ: рџ‘‘ 1000 РѕС‡РєРѕРІ
2025-06-17 23:49:02,267 - handlers.admin - INFO - РђРґРјРёРЅ 1009310689 РЅР°С‡РёСЃР»РёР» 100000 РѕС‡РєРѕРІ РїРѕР»СЊР·РѕРІР°С‚РµР»СЋ 1009310689
2025-06-17 23:49:02,267 - aiogram.event - INFO - Update id=926862859 is handled. Duration 77 ms by bot id=7576088488
2025-06-17 23:49:09,561 - handlers.admin - INFO - РџСЂРѕРІРµСЂРєР° Р°РґРјРёРЅ-РїСЂР°РІ РґР»СЏ РїРѕР»СЊР·РѕРІР°С‚РµР»СЏ 1009310689: True
2025-06-17 23:49:09,562 - handlers.admin - INFO - РџСЂРѕРІРµСЂРєР° Р°РґРјРёРЅ-РїСЂР°РІ РґР»СЏ РїРѕР»СЊР·РѕРІР°С‚РµР»СЏ 1009310689: True
2025-06-17 23:49:09,562 - handlers.admin - INFO - РџСЂРѕРІРµСЂРєР° Р°РґРјРёРЅ-РїСЂР°РІ РґР»СЏ РїРѕР»СЊР·РѕРІР°С‚РµР»СЏ 1009310689: True
2025-06-17 23:49:09,562 - handlers.admin - INFO - РџСЂРѕРІРµСЂРєР° Р°РґРјРёРЅ-РїСЂР°РІ РґР»СЏ РїРѕР»СЊР·РѕРІР°С‚РµР»СЏ 1009310689: True
2025-06-17 23:49:09,562 - handlers.admin - INFO - РџСЂРѕРІРµСЂРєР° Р°РґРјРёРЅ-РїСЂР°РІ РґР»СЏ РїРѕР»СЊР·РѕРІР°С‚РµР»СЏ 1009310689: True
2025-06-17 23:49:09,564 - aiogram.event - INFO - Update id=926862860 is not handled. Duration 15 ms by bot id=7576088488
2025-06-17 23:49:12,786 - handlers.admin - INFO - РџСЂРѕРІРµСЂРєР° Р°РґРјРёРЅ-РїСЂР°РІ РґР»СЏ РїРѕР»СЊР·РѕРІР°С‚РµР»СЏ 1009310689: True
2025-06-17 23:49:12,786 - handlers.admin - INFO - РџСЂРѕРІРµСЂРєР° Р°РґРјРёРЅ-РїСЂР°РІ РґР»СЏ РїРѕР»СЊР·РѕРІР°С‚РµР»СЏ 1009310689: True
2025-06-17 23:49:12,787 - handlers.admin - INFO - РџСЂРѕРІРµСЂРєР° Р°РґРјРёРЅ-РїСЂР°РІ РґР»СЏ РїРѕР»СЊР·РѕРІР°С‚РµР»СЏ 1009310689: True
2025-06-17 23:49:12,787 - handlers.admin - INFO - РџСЂРѕРІРµСЂРєР° Р°РґРјРёРЅ-РїСЂР°РІ РґР»СЏ РїРѕР»СЊР·РѕРІР°С‚РµР»СЏ 1009310689: True
2025-06-17 23:49:12,787 - handlers.admin - INFO - РџСЂРѕРІРµСЂРєР° Р°РґРјРёРЅ-РїСЂР°РІ РґР»СЏ РїРѕР»СЊР·РѕРІР°С‚РµР»СЏ 1009310689: True
2025-06-17 23:49:12,860 - handlers.main - INFO - РџРѕР»СЊР·РѕРІР°С‚РµР»СЊ 1009310689 (APECTOBAH_3A_TEPAKT_B_KPOKUSE) Р·Р°РїСѓСЃС‚РёР» Р±РѕС‚Р°
2025-06-17 23:49:12,860 - aiogram.event - INFO - Update id=926862861 is handled. Duration 79 ms by bot id=7576088488
2025-06-17 23:49:14,119 - aiogram.event - INFO - Update id=926862862 is handled. Duration 156 ms by bot id=7576088488
2025-06-17 23:49:15,607 - aiogram.event - INFO - Update id=926862863 is handled. Duration 155 ms by bot id=7576088488
2025-06-17 23:49:16,526 - aiogram.event - INFO - Update id=926862864 is handled. Duration 125 ms by bot id=7576088488
2025-06-17 23:49:20,862 - aiogram.event - INFO - Update id=926862865 is handled. Duration 125 ms by bot id=7576088488
2025-06-17 23:49:21,860 - aiogram.event - INFO - Update id=926862866 is handled. Duration 140 ms by bot id=7576088488
2025-06-17 23:49:25,890 - aiogram.event - INFO - Update id=926862867 is handled. Duration 140 ms by bot id=7576088488
2025-06-17 23:49:30,689 - handlers.admin - INFO - РџСЂРѕРІРµСЂРєР° Р°РґРјРёРЅ-РїСЂР°РІ РґР»СЏ РїРѕР»СЊР·РѕРІР°С‚РµР»СЏ 1009310689: True
2025-06-17 23:49:30,689 - handlers.admin - INFO - РџСЂРѕРІРµСЂРєР° Р°РґРјРёРЅ-РїСЂР°РІ РґР»СЏ РїРѕР»СЊР·РѕРІР°С‚РµР»СЏ 1009310689: True
2025-06-17 23:49:30,756 - aiogram.event - INFO - Update id=926862868 is handled. Duration 61 ms by bot id=7576088488
2025-06-17 23:50:40,774 - handlers.admin - INFO - РџСЂРѕРІРµСЂРєР° Р°РґРјРёРЅ-РїСЂР°РІ РґР»СЏ РїРѕР»СЊР·РѕРІР°С‚РµР»СЏ 7001360877: False
2025-06-17 23:50:40,774 - handlers.admin - INFO - РџСЂРѕРІРµСЂРєР° Р°РґРјРёРЅ-РїСЂР°РІ РґР»СЏ РїРѕР»СЊР·РѕРІР°С‚РµР»СЏ 7001360877: False
2025-06-17 23:50:40,774 - handlers.admin - INFO - РџСЂРѕРІРµСЂРєР° Р°РґРјРёРЅ-РїСЂР°РІ РґР»СЏ РїРѕР»СЊР·РѕРІР°С‚РµР»СЏ 7001360877: False
2025-06-17 23:50:40,774 - handlers.admin - INFO - РџСЂРѕРІРµСЂРєР° Р°РґРјРёРЅ-РїСЂР°РІ РґР»СЏ РїРѕР»СЊР·РѕРІР°С‚РµР»СЏ 7001360877: False
2025-06-17 23:50:40,774 - handlers.admin - INFO - РџСЂРѕРІРµСЂРєР° Р°РґРјРёРЅ-РїСЂР°РІ РґР»СЏ РїРѕР»СЊР·РѕРІР°С‚РµР»СЏ 7001360877: False
2025-06-17 23:50:40,934 - handlers.main - INFO - РџРѕР»СЊР·РѕРІР°С‚РµР»СЊ 7001360877 (rtpaf) Р·Р°РїСѓСЃС‚РёР» Р±РѕС‚Р°
2025-06-17 23:50:40,934 - aiogram.event - INFO - Update id=926862869 is handled. Duration 156 ms by bot id=7576088488
2025-06-17 23:50:52,135 - handlers.admin - INFO - РџСЂРѕРІРµСЂРєР° Р°РґРјРёРЅ-РїСЂР°РІ РґР»СЏ РїРѕР»СЊР·РѕРІР°С‚РµР»СЏ 7001360877: False
2025-06-17 23:50:52,135 - handlers.admin - INFO - РџСЂРѕРІРµСЂРєР° Р°РґРјРёРЅ-РїСЂР°РІ РґР»СЏ РїРѕР»СЊР·РѕРІР°С‚РµР»СЏ 7001360877: False
2025-06-17 23:50:52,136 - handlers.admin - INFO - РџСЂРѕРІРµСЂРєР° Р°РґРјРёРЅ-РїСЂР°РІ РґР»СЏ РїРѕР»СЊР·РѕРІР°С‚РµР»СЏ 7001360877: False
2025-06-17 23:50:52,136 - handlers.admin - INFO - РџСЂРѕРІРµСЂРєР° Р°РґРјРёРЅ-РїСЂР°РІ РґР»СЏ РїРѕР»СЊР·РѕРІР°С‚РµР»СЏ 7001360877: False
2025-06-17 23:50:52,136 - handlers.admin - INFO - РџСЂРѕРІРµСЂРєР° Р°РґРјРёРЅ-РїСЂР°РІ РґР»СЏ РїРѕР»СЊР·РѕРІР°С‚РµР»СЏ 7001360877: False
2025-06-17 23:50:52,136 - aiogram.event - INFO - Update id=926862870 is not handled. Duration 0 ms by bot id=7576088488
2025-06-17 23:51:07,590 - aiogram.event - INFO - Update id=926862871 is handled. Duration 155 ms by bot id=7576088488
2025-06-17 23:51:11,676 - aiogram.event - INFO - Update id=926862872 is handled. Duration 62 ms by bot id=7576088488
2025-06-17 23:51:12,728 - aiogram.event - INFO - Update id=926862873 is handled. Duration 78 ms by bot id=7576088488
2025-06-17 23:51:15,385 - aiogram.event - INFO - Update id=926862874 is handled. Duration 139 ms by bot id=7576088488
2025-06-17 23:51:16,706 - aiogram.event - INFO - Update id=926862875 is handled. Duration 78 ms by bot id=7576088488
2025-06-17 23:51:17,723 - aiogram.event - INFO - Update id=926862876 is handled. Duration 188 ms by bot id=7576088488
2025-06-17 23:51:18,772 - aiogram.event - INFO - Update id=926862877 is handled. Duration 77 ms by bot id=7576088488
2025-06-17 23:51:19,512 - aiogram.event - INFO - Update id=926862878 is handled. Duration 77 ms by bot id=7576088488
2025-06-17 23:51:20,460 - aiogram.event - INFO - Update id=926862879 is handled. Duration 62 ms by bot id=7576088488
2025-06-17 23:51:21,388 - aiogram.event - INFO - Update id=926862880 is handled. Duration 77 ms by bot id=7576088488
2025-06-17 23:51:22,412 - aiogram.event - INFO - Update id=926862881 is handled. Duration 92 ms by bot id=7576088488
2025-06-17 23:51:26,386 - aiogram.event - INFO - Update id=926862882 is handled. Duration 109 ms by bot id=7576088488
2025-06-17 23:51:29,047 - aiogram.event - INFO - Update id=926862883 is handled. Duration 187 ms by bot id=7576088488
2025-06-17 23:51:30,221 - aiogram.event - INFO - Update id=926862884 is handled. Duration 78 ms by bot id=7576088488
2025-06-17 23:51:36,046 - aiogram.event - INFO - Update id=926862885 is handled. Duration 125 ms by bot id=7576088488
2025-06-17 23:53:39,860 - aiogram.dispatcher - INFO - Polling stopped
2025-06-17 23:53:39,860 - __main__ - INFO - Р‘РѕС‚ РѕСЃС‚Р°РЅР°РІР»РёРІР°РµС‚СЃСЏ...
2025-06-17 23:53:40,115 - aiogram.dispatcher - INFO - Polling stopped for bot @boredombot_bot id=7576088488 - 'boredom bot'
2025-06-17 23:53:40,116 - __main__ - INFO - Р‘РѕС‚ РѕСЃС‚Р°РЅРѕРІР»РµРЅ РїРѕР»СЊР·РѕРІР°С‚РµР»РµРј
